08-09 19:17:25.541  2896  2896 I chromium: [INFO:library_loader_hooks.cc(140)] Chromium logging enabled: level = 0, default verbosity = 0
08-09 19:17:25.542  2896  2896 I cr_LibraryLoader: Expected native library version number "58.0.3029.121", actual native library version number "58.0.3029.121"
08-09 19:17:25.597  2896  2896 I cr_BrowserStartup: Initializing chromium process, singleProcess=false
08-09 19:17:25.609  2896  2929 W cr_ChildProcLauncher: Create a new ChildConnectionAllocator with package name = com.android.chrome, inSandbox = true
08-09 19:17:25.638  1520  1768 I Zygote  : Process: zygote socket webview_zygote opened, supported ABIS: x86
08-09 19:17:25.639  1520  1768 D WebViewZygote: Preloading package /system/app/Chrome/Chrome.apk /system/app/Chrome/lib/x86:/system/app/Chrome/Chrome.apk!/lib/x86
08-09 19:17:25.653  1520  1768 I Zygote  : Process: zygote socket webview_zygote opened, supported ABIS: x86
08-09 19:17:25.653  1665  1665 I WebViewZygoteInit: Beginning package preload
08-09 19:17:25.674  1665  1665 I WebViewZygoteInit: Package preload done
08-09 19:17:25.660  1665  1665 W main    : type=1400 audit(0.0:52): avc: denied { getattr } for path="/mnt/expand" dev="tmpfs" ino=5215 scontext=u:r:webview_zygote:s0 tcontext=u:object_r:mnt_expand_file:s0 tclass=dir permissive=0
08-09 19:17:25.709  1520  1768 W ActivityManager: Slow operation: 72ms so far, now at startProcess: returned from zygote!
08-09 19:17:25.709  1520  1768 W ActivityManager: Slow operation: 72ms so far, now at startProcess: done updating battery stats
08-09 19:17:25.709  1520  1768 W ActivityManager: Slow operation: 72ms so far, now at startProcess: building log message
08-09 19:17:25.709  1520  1768 I ActivityManager: Start proc 2930:com.android.chrome:sandboxed_process0/u0i0 for webview_service com.yj.shopapp/org.chromium.content.app.SandboxedProcessService0
08-09 19:17:25.709  1520  1768 W ActivityManager: Slow operation: 73ms so far, now at startProcess: starting to update pids map
08-09 19:17:25.709  1520  1768 W ActivityManager: Slow operation: 73ms so far, now at startProcess: done updating pids map
08-09 19:17:25.709  1520  1768 W ActivityManager: Slow operation: 75ms so far, now at startProcess: done starting proc!
08-09 19:17:25.720  2930  2930 E /system/bin/webview_zygote32: failed to make and chown /acct/uid_99000: Permission denied
08-09 19:17:25.720  2930  2930 E Zygote  : createProcessGroup(99000, 0) failed: Permission denied
08-09 19:17:25.724  2930  2930 W /system/bin/webview_zygote32: Unexpected CPU variant for X86 using defaults: x86
08-09 19:17:25.764  2930  2930 I SamplingProfilerIntegration: Profiling disabled.
08-09 19:17:25.772  1520  1534 E memtrack: Couldn't load memtrack module
08-09 19:17:25.773  1520  1534 W android.os.Debug: failed to get memory consumption info: -1
08-09 19:17:25.775  2896  2896 D         : HostConnection::get() New Host Connection established 0x9ad7e640, tid 2896
08-09 19:17:25.780  2944  2944 E asset   : setgid: Operation not permitted
08-09 19:17:25.788  2896  2896 D EGL_emulation: eglCreateContext: 0x9cbfef80: maj 3 min 1 rcv 4
08-09 19:17:25.791  2896  2896 D EGL_emulation: eglMakeCurrent: 0x9cbfef80: ver 3 1 (tinfo 0x8bf8d990)
08-09 19:17:25.792  2896  2896 E eglCodecCommon: glUtilsParamSize: unknow param 0x000082da
08-09 19:17:25.792  2896  2896 E eglCodecCommon: glUtilsParamSize: unknow param 0x00008cdf
08-09 19:17:25.792  2896  2896 E eglCodecCommon: glUtilsParamSize: unknow param 0x00008824
08-09 19:17:25.810  2930  2930 I cr_ChildProcessService: Creating new ChildProcessService pid=2930
08-09 19:17:25.800  2930  2930 W dboxed_process0: type=1400 audit(0.0:53): avc: denied { search } for name="tmp" dev="dm-0" ino=36642 scontext=u:r:isolated_app:s0:c512,c768 tcontext=u:object_r:shell_data_file:s0 tclass=dir permissive=0
08-09 19:17:25.880  2896  2960 W ResourceType: For resource 0x7f0a0030, entry index(48) is beyond type entryCount(6)
08-09 19:17:25.880  2896  2960 W ResourceType: Failure getting entry for 0x7f0a0030 (t=9 e=48) (error -75)
08-09 19:17:25.880  2896  2960 E GooglePlayServicesUtil: The Google Play services resources were not found. Check your project configuration to ensure that the resources are included.
08-09 19:17:25.928  2896  2896 E url     : http://u.19diandian.com/index.php/Appi/logincount
08-09 19:17:25.928  2896  2896 I System.out: key = uid and value = 495
08-09 19:17:25.928  2896  2896 I System.out: url-------http://u.19diandian.com/index.php/Appi/logincount
08-09 19:17:25.934  2896  2896 I System.out: =========>uid:495
08-09 19:17:25.938  1520  2297 I ActivityManager: START u0 {cmp=com.yj.shopapp/.ui.activity.shopkeeper.SMainTabActivity} from uid 10092
08-09 19:17:25.939  1520  2297 V WindowManager: setAppStartingWindow: token=Token{9a04b65 ActivityRecord{fe81c5c u0 com.yj.shopapp/.ui.activity.shopkeeper.SMainTabActivity t424}} pkg=com.yj.shopapp transferFrom=Token{9ccf864 ActivityRecord{a9d71f7 u0 com.yj.shopapp/.ui.activity.LoginActivity t424}} newTask=false taskSwitch=false processRunning=true allowTaskSnapshot=true
08-09 19:17:25.939  1520  2297 V WindowManager: Checking theme of starting window: 0x7f090096
08-09 19:17:25.939  1520  2297 V WindowManager: Translucent=false Floating=false ShowWallpaper=false
08-09 19:17:25.939  1520  2297 V WindowManager: Moving existing starting Window{7d8c6e7 u0 Splash Screen com.yj.shopapp} from AppWindowToken{14c6acd token=Token{9ccf864 ActivityRecord{a9d71f7 u0 com.yj.shopapp/.ui.activity.LoginActivity t424}}} to AppWindowToken{557103a token=Token{9a04b65 ActivityRecord{fe81c5c u0 com.yj.shopapp/.ui.activity.shopkeeper.SMainTabActivity t424}}}
08-09 19:17:25.939  1520  2297 V WindowManager: Removing starting Window{7d8c6e7 u0 Splash Screen com.yj.shopapp} from AppWindowToken{14c6acd token=Token{9ccf864 ActivityRecord{a9d71f7 u0 com.yj.shopapp/.ui.activity.LoginActivity t424}}}
08-09 19:17:25.939  1520  2297 V WindowManager: Nulling last startingData
08-09 19:17:25.946  2896  2896 E baidumapsdk: Authentication Error errorcode: 230 uid: -1 appid -1 msg: APP Scode
08-09 19:17:26.013  2896  2901 I zygote  : Do full code cache collection, code=78KB, data=79KB
08-09 19:17:26.015  2896  2901 I zygote  : After code cache collection, code=69KB, data=61KB
08-09 19:17:26.019  2896  2896 D AndroidRuntime: Shutting down VM
--------- beginning of crash
08-09 19:17:26.020  2896  2896 E AndroidRuntime: FATAL EXCEPTION: main
08-09 19:17:26.020  2896  2896 E AndroidRuntime: Process: com.yj.shopapp, PID: 2896
08-09 19:17:26.020  2896  2896 E AndroidRuntime: java.lang.RuntimeException: Unable to start activity ComponentInfo{com.yj.shopapp/com.yj.shopapp.ui.activity.shopkeeper.SMainTabActivity}: java.lang.NullPointerException: Attempt to invoke virtual method 'java.lang.Object android.content.Context.getSystemService(java.lang.String)' on a null object reference
08-09 19:17:26.020  2896  2896 E AndroidRuntime: 	at android.app.ActivityThread.performLaunchActivity(ActivityThread.java:2817)
08-09 19:17:26.020  2896  2896 E AndroidRuntime: 	at android.app.ActivityThread.handleLaunchActivity(ActivityThread.java:2892)
08-09 19:17:26.020  2896  2896 E AndroidRuntime: 	at android.app.ActivityThread.-wrap11(Unknown Source:0)
08-09 19:17:26.020  2896  2896 E AndroidRuntime: 	at android.app.ActivityThread$H.handleMessage(ActivityThread.java:1593)
08-09 19:17:26.020  2896  2896 E AndroidRuntime: 	at android.os.Handler.dispatchMessage(Handler.java:105)
08-09 19:17:26.020  2896  2896 E AndroidRuntime: 	at android.os.Looper.loop(Looper.java:164)
08-09 19:17:26.020  2896  2896 E AndroidRuntime: 	at android.app.ActivityThread.main(ActivityThread.java:6540)
08-09 19:17:26.020  2896  2896 E AndroidRuntime: 	at java.lang.reflect.Method.invoke(Native Method)
08-09 19:17:26.020  2896  2896 E AndroidRuntime: 	at com.android.internal.os.Zygote$MethodAndArgsCaller.run(Zygote.java:240)
08-09 19:17:26.020  2896  2896 E AndroidRuntime: 	at com.android.internal.os.ZygoteInit.main(ZygoteInit.java:767)
08-09 19:17:26.020  2896  2896 E AndroidRuntime: Caused by: java.lang.NullPointerException: Attempt to invoke virtual method 'java.lang.Object android.content.Context.getSystemService(java.lang.String)' on a null object reference
08-09 19:17:26.020  2896  2896 E AndroidRuntime: 	at com.yj.shopapp.util.NetUtils.isNetworkAvailable(NetUtils.java:20)
08-09 19:17:26.020  2896  2896 E AndroidRuntime: 	at com.yj.shopapp.ui.activity.shopkeeper.SHomeActivity.updateVersion(SHomeActivity.java:440)
08-09 19:17:26.020  2896  2896 E AndroidRuntime: 	at com.yj.shopapp.ui.activity.shopkeeper.SHomeActivity.onCreate(SHomeActivity.java:435)
08-09 19:17:26.020  2896  2896 E AndroidRuntime: 	at android.support.v4.app.Fragment.performCreate(Fragment.java:2068)
08-09 19:17:26.020  2896  2896 E AndroidRuntime: 	at android.support.v4.app.FragmentManagerImpl.moveToState(FragmentManager.java:1055)
08-09 19:17:26.020  2896  2896 E AndroidRuntime: 	at android.support.v4.app.BackStackRecord.setLastIn(BackStackRecord.java:838)
08-09 19:17:26.020  2896  2896 E AndroidRuntime: 	at android.support.v4.app.BackStackRecord.calculateFragments(BackStackRecord.java:861)
08-09 19:17:26.020  2896  2896 E AndroidRuntime: 	at android.support.v4.app.BackStackRecord.run(BackStackRecord.java:719)
08-09 19:17:26.020  2896  2896 E AndroidRuntime: 	at android.support.v4.app.FragmentManagerImpl.execPendingActions(FragmentManager.java:1677)
08-09 19:17:26.020  2896  2896 E AndroidRuntime: 	at android.support.v4.app.FragmentController.execPendingActions(FragmentController.java:388)
08-09 19:17:26.020  2896  2896 E AndroidRuntime: 	at android.support.v4.app.FragmentActivity.onStart(FragmentActivity.java:604)
08-09 19:17:26.020  2896  2896 E AndroidRuntime: 	at android.app.Instrumentation.callActivityOnStart(Instrumentation.java:1333)
08-09 19:17:26.020  2896  2896 E AndroidRuntime: 	at android.app.Activity.performStart(Activity.java:6997)
08-09 19:17:26.020  2896  2896 E AndroidRuntime: 	at android.app.ActivityThread.performLaunchActivity(ActivityThread.java:2780)
08-09 19:17:26.020  2896  2896 E AndroidRuntime: 	... 9 more
08-09 19:17:26.022  1520  2297 W ActivityManager:   Force finishing activity com.yj.shopapp/.ui.activity.shopkeeper.SMainTabActivity
08-09 19:17:26.029  1520  1536 I ActivityManager: Showing crash dialog for package com.yj.shopapp u0
08-09 19:17:26.062  1310  1310 D gralloc_ranchu: gralloc_alloc: Creating ashmem region of size 4096
08-09 19:17:26.091  1310  1310 I chatty  : uid=1000(system) allocator@2.0-s identical 2 lines
08-09 19:17:26.105  1310  1310 D gralloc_ranchu: gralloc_alloc: Creating ashmem region of size 4096
08-09 19:17:26.125  2896  2964 I System.out: ==108
08-09 19:17:26.126  2896  2964 I System.out: =={"id":"8213","uid":"495","time":"2017-08-09","logintime":"1502241428","type":"1","errcode":"01","info":"OK"}
08-09 19:17:26.145  1520  2915 D EGL_emulation: eglMakeCurrent: 0x9f304720: ver 3 1 (tinfo 0x9f327300)
08-09 19:17:26.235  1520  1536 W Looper  : Dispatch took 111ms on android.ui, h=Handler (android.view.Choreographer$FrameHandler) {4a332a7} cb=android.view.Choreographer$FrameDisplayEventReceiver@715a354 msg=0
08-09 19:17:26.525  1520  1535 W ActivityManager: Activity pause timeout for ActivityRecord{fe81c5c u0 com.yj.shopapp/.ui.activity.shopkeeper.SMainTabActivity t424 f}
08-09 19:17:26.534  1520  1535 V WindowManager: Schedule remove starting AppWindowToken{557103a token=Token{9a04b65 ActivityRecord{fe81c5c u0 com.yj.shopapp/.ui.activity.shopkeeper.SMainTabActivity t424}}} startingWindow=Window{7d8c6e7 u0 Splash Screen com.yj.shopapp}
08-09 19:17:26.534  1520  1542 V WindowManager: Remove starting AppWindowToken{557103a token=Token{9a04b65 ActivityRecord{fe81c5c u0 com.yj.shopapp/.ui.activity.shopkeeper.SMainTabActivity t424}}}: startingWindow=Window{7d8c6e7 u0 Splash Screen com.yj.shopapp} startingView=com.android.server.policy.SplashScreenSurface@1914294
08-09 19:17:26.553  1520  1535 I WindowManager: Failed to capture screenshot of Token{9a04b65 ActivityRecord{fe81c5c u0 com.yj.shopapp/.ui.activity.shopkeeper.SMainTabActivity t424 f}} appWin=Window{7d8c6e7 u0 Splash Screen com.yj.shopapp EXITING} drawState=4
08-09 19:17:26.566  1520  1572 D WindowManager: Starting window removed Window{7d8c6e7 u0 Splash Screen com.yj.shopapp EXITING}
08-09 19:17:26.568  1520  1572 V WindowManager: Nulling last startingData
08-09 19:17:26.601  1310  1310 D gralloc_ranchu: gralloc_alloc: Creating ashmem region of size 4096
08-09 19:17:26.749  1310  1310 I chatty  : uid=1000(system) allocator@2.0-s identical 5 lines
08-09 19:17:26.790  1310  1310 D gralloc_ranchu: gralloc_alloc: Creating ashmem region of size 4096
08-09 19:17:26.793  1317  1347 E IPCThreadState: binder thread pool (4 threads) starved for 152 ms
08-09 19:17:26.828  1310  1310 D gralloc_ranchu: gralloc_alloc: Creating ashmem region of size 4096
08-09 19:17:26.881  2342  2509 D EGL_emulation: eglMakeCurrent: 0x9f304b40: ver 3 1 (tinfo 0x9f303590)
08-09 19:17:26.911  2298  2359 I zygote  : Deoptimizing int android.support.v4.a.k.apW(java.lang.Object) due to JIT inline cache
08-09 19:17:26.924  2298  2367 D EGL_emulation: eglMakeCurrent: 0x9f304b40: ver 3 1 (tinfo 0x9f303980)
08-09 19:17:26.927  2342  2342 I MicroDetectionWorker: #updateMicroDetector [detectionMode: [mDetectionMode: [1]]]
08-09 19:17:26.927  2342  2342 I MicroDetectionWorker: #startMicroDetector [speakerMode: 0]
08-09 19:17:26.928  2342  2342 I AudioController: Using mInputStreamFactoryBuilder
08-09 19:17:26.929  2342  2593 I zygote  : Deoptimizing java.lang.Object com.google.common.collect.gx.a(int[], java.lang.Object[], int, int, java.lang.Object) due to JIT inline cache
08-09 19:17:26.929  2342  2342 I MicroDetectionWorker: onReady
08-09 19:17:26.931  2342  2598 I MicroRecognitionRunner: Starting detection.
08-09 19:17:26.931  2342  2502 I MicrophoneInputStream: mic_starting com.google.android.apps.gsa.staticplugins.aa.c@a19a444
08-09 19:17:26.943  1395  2975 I AudioFlinger: AudioFlinger's thread 0xb0415c80 tid=2975 ready to run
08-09 19:17:26.945  2342  2502 I MicrophoneInputStream: mic_started com.google.android.apps.gsa.staticplugins.aa.c@a19a444
08-09 19:17:26.946  2342  2502 E ActivityThread: Failed to find provider info for com.google.android.apps.gsa.testing.ui.audio.recorded
08-09 19:17:26.946  2342  2342 I MicroDetectionWorker: onReady
08-09 19:17:26.956  2342  2502 I MicrophoneInputStream: mic_close com.google.android.apps.gsa.staticplugins.aa.c@a19a444
08-09 19:17:26.956  2342  2598 I MicroRecognitionRunner: Detection finished
08-09 19:17:26.956  2342  2598 W ErrorReporter: reportError [type: 211, code: 524300]: Error reading from input stream
08-09 19:17:26.957  2342  2598 W ErrorProcessor: onFatalError, processing error from engine(4)
08-09 19:17:26.957  2342  2598 W ErrorProcessor: com.google.android.apps.gsa.shared.speech.b.g: Error reading from input stream
08-09 19:17:26.957  2342  2598 W ErrorProcessor: 	at com.google.android.apps.gsa.staticplugins.recognizer.j.a.a(SourceFile:28)
08-09 19:17:26.957  2342  2598 W ErrorProcessor: 	at com.google.android.apps.gsa.staticplugins.recognizer.j.b.run(SourceFile:15)
08-09 19:17:26.957  2342  2598 W ErrorProcessor: 	at java.util.concurrent.Executors$RunnableAdapter.call(Executors.java:457)
08-09 19:17:26.957  2342  2598 W ErrorProcessor: 	at java.util.concurrent.FutureTask.run(FutureTask.java:266)
08-09 19:17:26.957  2342  2598 W ErrorProcessor: 	at com.google.android.apps.gsa.shared.util.concurrent.a.ax.run(SourceFile:14)
08-09 19:17:26.957  2342  2598 W ErrorProcessor: 	at com.google.android.apps.gsa.shared.util.concurrent.a.bl.run(SourceFile:4)
08-09 19:17:26.957  2342  2598 W ErrorProcessor: 	at com.google.android.apps.gsa.shared.util.concurrent.a.bl.run(SourceFile:4)
08-09 19:17:26.957  2342  2598 W ErrorProcessor: 	at java.util.concurrent.ThreadPoolExecutor.runWorker(ThreadPoolExecutor.java:1162)
08-09 19:17:26.957  2342  2598 W ErrorProcessor: 	at java.util.concurrent.ThreadPoolExecutor$Worker.run(ThreadPoolExecutor.java:636)
08-09 19:17:26.957  2342  2598 W ErrorProcessor: 	at java.lang.Thread.run(Thread.java:764)
08-09 19:17:26.957  2342  2598 W ErrorProcessor: 	at com.google.android.apps.gsa.shared.util.concurrent.a.ai.run(SourceFile:6)
08-09 19:17:26.957  2342  2598 W ErrorProcessor: Caused by: com.google.android.apps.gsa.shared.exception.GsaIOException: Error code: 393238 | Buffer overflow, no available space.
08-09 19:17:26.957  2342  2598 W ErrorProcessor: 	at com.google.android.apps.gsa.speech.audio.Tee.f(SourceFile:103)
08-09 19:17:26.957  2342  2598 W ErrorProcessor: 	at com.google.android.apps.gsa.speech.audio.au.read(SourceFile:2)
08-09 19:17:26.957  2342  2598 W ErrorProcessor: 	at java.io.InputStream.read(InputStream.java:101)
08-09 19:17:26.957  2342  2598 W ErrorProcessor: 	at com.google.android.apps.gsa.speech.audio.ao.run(SourceFile:18)
08-09 19:17:26.957  2342  2598 W ErrorProcessor: 	at com.google.android.apps.gsa.speech.audio.an.run(SourceFile:2)
08-09 19:17:26.957  2342  2598 W ErrorProcessor: 	... 9 more
08-09 19:17:26.957  2342  2593 I MicroRecognitionRunner: Stopping hotword detection.
08-09 19:17:26.957  2342  2598 I AudioController: internalShutdown
08-09 19:17:26.958  2342  2342 I MicroDetector: Keeping mic open: false
08-09 19:17:26.959  2342  2342 I MicroDetectionWorker: #onError(false)
08-09 19:17:26.961  2342  2401 I DeviceStateChecker: DeviceStateChecker cancelled
08-09 19:17:27.415  2298  2367 W OpenGLRenderer: Incorrectly called buildLayer on View: ShortcutAndWidgetContainer, destroying layer...
08-09 19:17:27.598  2805  2805 V RcsService: Device info: Google Android SDK built for x86 generic_x86  //  google sdk_gphone_x86
08-09 19:17:27.598  2805  2805 V RcsService: Running Android 8.0.0, API level 26, REL 4074420
08-09 19:17:27.600  2805  2805 D RcsService: onBind in state STARTED, intent action = com.google.android.ims.rcsservice.ims.IImsConnectionTracker
08-09 19:17:27.603  2805  2805 E com.google.android.rcs.service.receiver.AutoStartReceiver: JibeService cant be started... Neither Bugle is whitelisted,  nor cs apk is installed
08-09 19:17:27.607  2977  2977 W zygote  : Unexpected CPU variant for X86 using defaults: x86
08-09 19:17:27.615  1520  1646 I ActivityManager: Start proc 2977:com.google.android.apps.photos/u0a66 for broadcast com.google.android.apps.photos/.camerashortcut.CameraShortcutBroadcastReceiver
08-09 19:17:27.619  2805  2805 D RcsService: Never provisioned and provisioning is not allowed, skipped config update request
08-09 19:17:27.625  2977  2984 I zygote  : Debugger is no longer active
08-09 19:17:27.763  2977  2982 I zygote  : Do partial code cache collection, code=0B, data=13KB
08-09 19:17:27.763  2977  2982 I zygote  : After code cache collection, code=0B, data=13KB
08-09 19:17:27.763  2977  2982 I zygote  : Increasing code cache capacity to 128KB
08-09 19:17:27.838  3000  3000 W zygote  : Unexpected CPU variant for X86 using defaults: x86
08-09 19:17:27.844  1520  2272 I ActivityManager: Start proc 3000:com.google.android.apps.wallpaper/u0a72 for broadcast com.google.android.apps.wallpaper/.module.GoogleAlarmInitializer
08-09 19:17:27.855  1520  2465 D CryptdConnector: SND -> {6 cryptfs getpwtype}
08-09 19:17:27.856  1265  1271 D VoldCryptCmdListener: cryptfs getpwtype
08-09 19:17:27.857  1520  1592 D CryptdConnector: RCV <- {213 6 default}
08-09 19:17:27.906  3020  3020 W zygote  : Unexpected CPU variant for X86 using defaults: x86
08-09 19:17:27.913  1520  2466 I ActivityManager: Start proc 3020:com.google.android.calendar/u0a40 for broadcast com.google.android.calendar/.alerts.AlertReceiver
08-09 19:17:27.913  1520  2466 I ActivityManager: Killing 2156:com.android.cellbroadcastreceiver/u0a4 (adj 906): empty #17
08-09 19:17:27.931  1520  1768 D CryptdConnector: SND -> {7 cryptfs getpwtype}
08-09 19:17:27.931  1265  1271 D VoldCryptCmdListener: cryptfs getpwtype
08-09 19:17:27.932  1520  1592 D CryptdConnector: RCV <- {213 7 default}
08-09 19:17:28.017  3020  3020 I PerformanceMetricCollec: Logging experiments memory-false, lantency-false
08-09 19:17:28.045  3020  3020 D PhenotypeJobService: Job scheduled successfully
08-09 19:17:28.055  3020  3020 I PerformanceMetricCollec: Logging experiments memory-false, lantency-false
08-09 19:17:28.060  3020  3020 E PrefServiceImpl: Primary account is null
08-09 19:17:28.105  3053  3053 W zygote  : Unexpected CPU variant for X86 using defaults: x86
08-09 19:17:28.111  1520  1532 I ActivityManager: Start proc 3053:com.google.android.configupdater/u0a2 for broadcast com.google.android.configupdater/.MainReceiver
08-09 19:17:28.115  3020  3020 D PhenotypeManager: Registered: Status{statusCode=SUCCESS, resolution=null}
08-09 19:17:28.134  2220  2227 I zygote  : Do partial code cache collection, code=119KB, data=76KB
08-09 19:17:28.134  2220  2227 I zygote  : After code cache collection, code=112KB, data=74KB
08-09 19:17:28.134  2220  2227 I zygote  : Increasing code cache capacity to 512KB
08-09 19:17:28.157  3020  3051 I PhenotypeFlagCommitter: Experiment Configs successfully retrieved for com.google.android.calendar
08-09 19:17:28.169  3053  3053 E ConfigUpdater: ignoring update request
08-09 19:17:28.197  3053  3053 I chatty  : uid=10002(u0_a2) com.google.android.configupdater identical 7 lines
08-09 19:17:28.201  3053  3053 E ConfigUpdater: ignoring update request
08-09 19:17:28.205  2426  2426 I Dialer  : VoicemailModule.provideVoicemailClient - providing VoicemailClientImpl
08-09 19:17:28.210  3089  3089 W zygote  : Unexpected CPU variant for X86 using defaults: x86
08-09 19:17:28.218  1520  1743 I ActivityManager: Start proc 3089:com.google.android.gm/u0a71 for broadcast com.google.android.gm/.GoogleMailDeviceStartupReceiver
08-09 19:17:28.289  3089  3089 W EasBundling: in EasBundling.init, isBundlingEnabled=true
08-09 19:17:28.294  3089  3108 D ActivityThread: Loading provider com.google.android.gmail.provider;com.android.mail.notifier;com.google.android.gm.email.provider;com.google.android.gm.tasks.provider;com.google.android.gm.email.notifier: com.android.email.provider.EmailProvider
08-09 19:17:28.306  2220  2220 W SystemServiceRegistry: No service published for: persistent_data_block
08-09 19:17:28.348  3089  3113 I izh     : Beginning new tracing period at 40345.10333.
08-09 19:17:28.348  3089  3113 W izh     : START TRACE Inbox first results loaded <7fbb7684be400f010000015dc6b6b29b>@40345.10333
08-09 19:17:28.357  3089  3089 W GAV2    : Thread[main,5,main]: Need to call initialize() and be in fallback mode to start dispatch.
08-09 19:17:28.364  1520  2466 W ActivityManager: Unable to start service Intent { cmp=com.google.android.gm/com.android.email.service.AttachmentService } U=0: not found
08-09 19:17:28.395  1520  2466 W ActivityManager: Unable to start service Intent { cmp=com.google.android.gm.exchange/com.android.exchange.service.EasService } U=0: not found
08-09 19:17:28.437  3089  3089 W EasBundling: ExchangeUpgradeReceiver: action=android.intent.action.BOOT_COMPLETED data=null
08-09 19:17:28.437  3089  3089 W EasBundling: ExchangeUpgradeUtils: isExchangeLegacy=false
08-09 19:17:28.475  1520  2488 W ActivityManager: Unable to start service Intent { cmp=com.google.android.gm.exchange/com.android.exchange.service.EasService } U=0: not found
08-09 19:17:28.482  1520  2465 W ActivityManager: Background start not allowed: service Intent { cmp=com.google.android.gm/com.android.exchange.service.EasService } to com.google.android.gm/com.android.exchange.service.EasService from pid=3089 uid=10071 pkg=com.google.android.gm
08-09 19:17:28.499  2342  2342 I SpeakerIdMUpgradeTask: App version upgraded to 300738685: running speaker ID model upgrade tasks.
08-09 19:17:28.508  3089  3123 E Gmail   : Job failed: BootCompletedJob$BootCompletedJobService - -1115794027
08-09 19:17:28.508  3089  3123 E Gmail   : java.lang.IllegalStateException: Not allowed to start service Intent { cmp=com.google.android.gm/com.android.exchange.service.EasService }: app is in background uid UidRecord{c77775d u0a71 TRNB idle procs:1 seq(0,0,0)}
08-09 19:17:28.508  3089  3123 E Gmail   : 	at android.app.ContextImpl.startServiceCommon(ContextImpl.java:1497)
08-09 19:17:28.508  3089  3123 E Gmail   : 	at android.app.ContextImpl.startService(ContextImpl.java:1453)
08-09 19:17:28.508  3089  3123 E Gmail   : 	at android.content.ContextWrapper.startService(ContextWrapper.java:644)
08-09 19:17:28.508  3089  3123 E Gmail   : 	at bjm.a(SourceFile:14)
08-09 19:17:28.508  3089  3123 E Gmail   : 	at com.android.email.job.BootCompletedJob.b(SourceFile:80)
08-09 19:17:28.508  3089  3123 E Gmail   : 	at com.android.email.job.BootCompletedJob.a(SourceFile:39)
08-09 19:17:28.508  3089  3123 E Gmail   : 	at com.android.email.job.BootCompletedJob$BootCompletedJobService.a(SourceFile:2)
08-09 19:17:28.508  3089  3123 E Gmail   : 	at bmh.a(Unknown Source:2)
08-09 19:17:28.508  3089  3123 E Gmail   : 	at jgk.a(SourceFile:1)
08-09 19:17:28.508  3089  3123 E Gmail   : 	at jfz.run(SourceFile:4)
08-09 19:17:28.508  3089  3123 E Gmail   : 	at java.util.concurrent.ThreadPoolExecutor.runWorker(ThreadPoolExecutor.java:1162)
08-09 19:17:28.508  3089  3123 E Gmail   : 	at java.util.concurrent.ThreadPoolExecutor$Worker.run(ThreadPoolExecutor.java:636)
08-09 19:17:28.508  3089  3123 E Gmail   : 	at java.lang.Thread.run(Thread.java:764)
08-09 19:17:28.509  2342  2342 I UtteranceUpgradeTask: App version upgraded to 300738685: running speaker utterance upgrade tasks.
08-09 19:17:28.527  3128  3128 W zygote  : Unexpected CPU variant for X86 using defaults: x86
08-09 19:17:28.533  1520  2466 I ActivityManager: Start proc 3128:com.android.chrome/u0a45 for service com.android.chrome/org.chromium.chrome.browser.customtabs.CustomTabsConnectionService
08-09 19:17:28.536  2342  2342 I SpeakerIdMUpgradeTaskV2: App version upgraded to 300738685: running speaker ID model upgrade tasks v2.
08-09 19:17:28.555  1520  2489 I ActivityManager: Start proc 3143:com.google.android.onetimeinitializer/u0a15 for broadcast com.google.android.onetimeinitializer/.OneTimeInitializerReceiver
08-09 19:17:28.563  3143  3143 W zygote  : Unexpected CPU variant for X86 using defaults: x86
08-09 19:17:28.597  3128  3128 W DynamiteModule: Local module descriptor class for com.google.android.gms.googlecertificates not found.
08-09 19:17:28.607  3128  3128 W zygote  : Skipping duplicate class check due to unrecognized classloader
08-09 19:17:28.611  3128  3128 I DynamiteModule: Considering local module com.google.android.gms.googlecertificates:0 and remote module com.google.android.gms.googlecertificates:2
08-09 19:17:28.611  3128  3128 I DynamiteModule: Selected remote version of com.google.android.gms.googlecertificates, version >= 2
08-09 19:17:28.613  1520  1534 E memtrack: Couldn't load memtrack module
08-09 19:17:28.613  1520  1534 W android.os.Debug: failed to get memory consumption info: -1
08-09 19:17:28.615  3128  3128 W zygote  : Skipping duplicate class check due to unrecognized classloader
08-09 19:17:28.624  3143  3143 V OneTimeInitializerReceiver: OneTimeInitializerReceiver.onReceive
08-09 19:17:28.641  3143  3166 V OneTimeInitializer: OneTimeInitializer.initialize
08-09 19:17:28.658  3143  3166 V OneTimeInitializer: Already run, doing nothing.
08-09 19:17:28.664  1520  2491 I ActivityManager: Killing 1745:com.android.settings/1000 (adj 906): empty #17
08-09 19:17:28.717  2841  2869 I Auth    : [WorkAccount] update authenticator enabled for boot or update
08-09 19:17:28.737  2220  3172 W WakefulBroadcastReceiver: No active wake lock id #1
08-09 19:17:28.740  1520  1542 W ActivityManager: setHasOverlayUi called on unknown pid: 1745
08-09 19:17:28.768  3128  3128 E FirebaseInstanceId: Failed to resolve target intent service, skipping classname enforcement
08-09 19:17:28.775  1520  1532 W ActivityManager: Unable to start service Intent { act=com.google.firebase.INSTANCE_ID_EVENT pkg=com.android.chrome (has extras) } U=0: not found
08-09 19:17:28.786  3128  3128 E FirebaseInstanceId: Error while delivering the message: ServiceIntent not found.
08-09 19:17:28.798  2841  2868 W SystemServiceRegistry: No service published for: persistent_data_block
08-09 19:17:28.799  2220  2220 E BluetoothAdapter: Bluetooth binder is null
08-09 19:17:28.802  3128  3128 I FA      : App measurement is starting up, version: 10298
08-09 19:17:28.802  3128  3128 I FA      : To enable debug logging run: adb shell setprop log.tag.FA VERBOSE
08-09 19:17:28.810  3128  3128 I FA      : To enable faster debug mode event logging run:
08-09 19:17:28.810  3128  3128 I FA      :   adb shell setprop debug.firebase.analytics.app com.android.chrome
08-09 19:17:28.813  3128  3128 I FirebaseInitProvider: FirebaseApp initialization successful
08-09 19:17:28.815  2841  3178 I Auth    : [FRP,FrpUpdateIntentOperation] Frp is not supported for this device / user
08-09 19:17:28.835  2841  3161 I Auth    : [AddAccount,UncertifiedNotificationIntentOperation] UncertifiedNotification is disabled on this device.
08-09 19:17:28.845  3128  3182 E FA      : AppMeasurementReceiver not registered/enabled
08-09 19:17:28.847  3128  3182 E FA      : AppMeasurementService not registered/enabled
08-09 19:17:28.847  3128  3182 E FA      : Uploading is not possible. App measurement disabled
08-09 19:17:28.865  1520  1743 I ActivityManager: Killing 2641:com.android.contacts/u0a8 (adj 906): empty #17
08-09 19:17:28.875  2841  3177 I Backup  : [ComponentEnabler] Disabling target components
08-09 19:17:28.881  2841  2869 V Backup  : Boot completed, flushing queues
08-09 19:17:28.883  2841  3177 V Backup  : [ComponentEnabler] Disabling Component: com.google.android.gms.backup.component.BackupOptInActivity
08-09 19:17:28.883  2841  3177 V Backup  : [ComponentEnabler] Disabling Component: com.google.android.gms.backup.component.BackupSettingsActivity
08-09 19:17:28.885  2841  3177 V Backup  : [ComponentEnabler] Disabling Component: com.google.android.gms.backup.component.D2dMigrateFlowActivity
08-09 19:17:28.887  2841  3177 V Backup  : [ComponentEnabler] Disabling Component: com.google.android.gms.backup.component.D2dMigrateService
08-09 19:17:28.893  2841  2869 V Backup  : [MigrateUtil] Clearing migrate temp dir: /data/user/0/com.google.android.gms/files/migrate_dir
08-09 19:17:28.901  2841  3177 I Backup  : [ComponentEnabler] Enabling source components
08-09 19:17:28.905  2841  3177 V Backup  : [ComponentEnabler] Enabling Component: com.google.android.gms.backup.component.D2dSourceActivity
08-09 19:17:28.906  2841  2882 I Authzen : [PermitStore] Getting all permits...
08-09 19:17:28.911  2841  2846 I zygote  : Do partial code cache collection, code=28KB, data=20KB
08-09 19:17:28.913  2841  3177 V Backup  : [ComponentEnabler] Enabling Component: com.google.android.gms.backup.component.D2dSourceService
08-09 19:17:28.913  2841  3177 V Backup  : [ComponentEnabler] Enabling Component: com.google.android.gms.backup.component.CloudRestoreFlowActivity
08-09 19:17:28.927  2841  3183 I GoogleURLConnFactory: Using platform SSLCertificateSocketFactory
08-09 19:17:28.931  2841  2846 I zygote  : After code cache collection, code=28KB, data=20KB
08-09 19:17:28.931  2841  2846 I zygote  : Increasing code cache capacity to 128KB
08-09 19:17:28.944  2841  2882 I Authzen : [fey] Opening database auth.proximity.permit_store...
08-09 19:17:28.949  2841  3183 E BaseAppContext: Tried to stop global GMSCore RequestQueue. This is likely unintended, so ignoring.
08-09 19:17:28.950  2841  3183 I Authzen : [AuthZenEventHandler] Handling event: android.intent.action.BOOT_COMPLETED
08-09 19:17:28.957  2841  3183 I Authzen : [TransactionCache] Clearing transaction cache
08-09 19:17:28.981  2220  3126 I ClearcutBootCompleteIntentOperation: Device boot count in clearcut increased.
08-09 19:17:29.045  2841  2852 I zygote  : Background concurrent copying GC freed 16955(1287KB) AllocSpace objects, 8(160KB) LOS objects, 50% free, 3MB/6MB, paused 2.848ms total 157.069ms
08-09 19:17:29.054  2841  3161 I Fido    : [FidoInitIntentOperation] Initializing Fido module, InitRuntimeState=2
08-09 19:17:29.066  3200  3200 W zygote  : Unexpected CPU variant for X86 using defaults: x86
08-09 19:17:29.068  1520  2489 I ActivityManager: Start proc 3200:com.google.process.gapps/u0a50 for broadcast com.google.android.syncadapters.contacts/.ContactsSyncAdapterBroadcastReceiver
08-09 19:17:29.076  3209  3209 W zygote  : Unexpected CPU variant for X86 using defaults: x86
08-09 19:17:29.079  1520  2272 I ActivityManager: Start proc 3209:com.google.android.gms.unstable/u0a13 for service com.google.android.gms/.droidguard.DroidGuardService
08-09 19:17:29.193  3209  3209 I LoadedApk: No resource references to update in package FFFFFFFFFFFFFFFFFFFFFF
08-09 19:17:29.222  2841  3246 I CheckinService: Disabling old GoogleServicesFramework version
08-09 19:17:29.237  3200  3200 I GoogleHttpClient: GMS http client unavailable, use old client
08-09 19:17:29.253  2841  3246 I CheckinService: No service com.google.android.gsf.checkin.CheckinService$Receiver to disable
08-09 19:17:29.253  2841  3246 I CheckinService: No service com.google.android.gsf.checkin.CheckinService$TriggerReceiver to disable
08-09 19:17:29.254  2841  3246 I CheckinService: No service com.google.android.gsf.checkin.CheckinService$SecretCodeReceiver to disable
08-09 19:17:29.260  3209  3209 V NativeCrypto: Registering com/google/android/gms/org/conscrypt/NativeCrypto's 258 native methods...
08-09 19:17:29.265  2220  2220 I NetworkScheduler: Using standalone scheduling engine
08-09 19:17:29.268  3209  3209 D NetworkSecurityConfig: No Network Security Config specified, using platform default
08-09 19:17:29.269  3209  3209 I ProviderInstaller: Installed default security provider GmsCore_OpenSSL
08-09 19:17:29.269  3252  3252 W zygote  : Unexpected CPU variant for X86 using defaults: x86
08-09 19:17:29.272  1520  1768 I ActivityManager: Start proc 3252:com.google.android.talk/u0a57 for broadcast com.google.android.talk/com.google.android.apps.hangouts.service.broadcastreceiver.BootReceiver
08-09 19:17:29.357  3200  3260 I GoogleHttpClient: GMS http client unavailable, use old client
08-09 19:17:29.377  1520  2272 I ActivityManager: Killing 1977:com.android.deskclock/u0a42 (adj 906): empty #17
08-09 19:17:29.378  2841  3178 W IcingInternalCorpora: getNumBytesRead when not calculated.
08-09 19:17:29.447  2841  3248 I CheckinChimeraService: Checking schedule, now: 1502277449447 next: 1502253242569
08-09 19:17:29.467  2841  3248 I CheckinChimeraService: active receiver: enabled
08-09 19:17:29.467  2841  3248 I CheckinChimeraService: Preparing to send checkin request
08-09 19:17:29.469  2841  3248 I EventLogChimeraService: Accumulating logs since 1502276822366
08-09 19:17:29.523  1520  2488 I ActivityManager: Start proc 3282:com.google.android.gms.ui/u0a13 for service com.google.android.gms/.chimera.UiIntentOperationService
08-09 19:17:29.550  3282  3282 W zygote  : Unexpected CPU variant for X86 using defaults: x86
08-09 19:17:29.594  2841  3162 I FA-SVC  : App measurement is starting up, version: 10930
08-09 19:17:29.684  3282  3282 I LoadedApk: No resource references to update in package FFFFFFFFFFFFFFFFFFFFFF
08-09 19:17:29.704  2841  3302 I FA-SVC  : This instance being marked as an uploader
08-09 19:17:29.714  2841  3180 I MS_RegisterService: RegisterService intent:Intent { act=com.google.android.gms.matchstick.register_intent_action cat=[targeted_intent_op_prefix:com.google.android.libraries.matchstick.net.SilentRegisterIntentOperation] cmp=com.google.android.gms/.chimera.GmsIntentOperationService } isPeriodic:false
08-09 19:17:29.757  1520  2489 I ActivityManager: Killing 2661:com.android.managedprovisioning/u0a18 (adj 906): empty #17
08-09 19:17:29.762  3282  3282 V NativeCrypto: Registering com/google/android/gms/org/conscrypt/NativeCrypto's 258 native methods...
08-09 19:17:29.766  3282  3282 D NetworkSecurityConfig: No Network Security Config specified, using platform default
08-09 19:17:29.767  3282  3282 I ProviderInstaller: Installed default security provider GmsCore_OpenSSL
08-09 19:17:29.790  2841  3180 I MS_PhoneUtils: Phone type: 1
08-09 19:17:29.794  3252  3252 I Babel_telephony: TeleModule.onApplicationCreate
08-09 19:17:29.818  2841  3163 I Ads     : Parental control value is stale. Refreshing.
08-09 19:17:29.818  2841  3163 W Ads     : Play store is not installed or the service for parental controls is not available.
08-09 19:17:29.822  3252  3252 I Babel_App: Startup - clean
08-09 19:17:29.822  2841  3163 I Ads     : Initialized AdMob in container 10.9.30 (470-155807809)
08-09 19:17:29.841  3252  3318 I Babel_SMS: MmsConfig: mnc/mcc: 310/260
08-09 19:17:29.841  3252  3318 I Babel_SMS: MmsConfig.loadMmsSettings
08-09 19:17:29.854  3252  3318 I Babel_SMS: MmsConfig.loadDeviceMmsSettings from API: userAgent=, uaProfUrl=
08-09 19:17:29.855  3252  3318 I Babel_SMS: MmsConfig.loadFromDatabase
08-09 19:17:29.865  1520  1743 D PackageManager: Ephemeral installer not found with new action; try old one
08-09 19:17:29.865  1520  1743 D PackageManager: Clear ephemeral installer activity
08-09 19:17:29.870  2841  3163 V SmartDevice: [service,SmartDeviceIntentHandlers] OnUpgradeOrBootOperation got intent: Intent { act=android.intent.action.BOOT_COMPLETED flg=0x9000010 cmp=com.google.android.gms/.chimera.GmsIntentOperationService (has extras) } with flag 2
08-09 19:17:29.871  3252  3318 E SQLiteLog: (1) no such table: mmsconfig
08-09 19:17:29.871  3252  3318 I Babel_SMS: MmsConfig: no mmsconfig table android.database.sqlite.SQLiteException: no such table: mmsconfig (code 1): , while compiling: SELECT key, value, type FROM mmsconfig WHERE numeric=?
08-09 19:17:29.871  3252  3318 I Babel_SMS: MmsConfig.loadFromResources
08-09 19:17:29.872  3252  3318 E Babel_SMS: canonicalizeMccMnc: invalid mccmnc nullnull
08-09 19:17:29.872  3252  3318 W Babel_SMS: MmsConfig: invalid key=userAgent or type=string
08-09 19:17:29.872  3252  3318 W Babel_SMS: MmsConfig: invalid key=uaProfUrl or type=string
08-09 19:17:29.879  3252  3318 I Babel_SMS: MmsConfig.loadMmsSettings: userAgent=Hangouts/19.0.154358895, uaProfUrl=https://ssl.gstatic.com/android/hangouts/hangouts_mms_ua_profile.xml
08-09 19:17:29.910  1520  1531 D CryptdConnector: SND -> {8 cryptfs getpwtype}
08-09 19:17:29.911  1265  1271 D VoldCryptCmdListener: cryptfs getpwtype
08-09 19:17:29.912  1520  1592 D CryptdConnector: RCV <- {213 8 default}
08-09 19:17:29.921  2841  3178 W Icing   : Failed to connect to Lockbox API
08-09 19:17:29.921  2841  3178 W Icing   : getSignedInAccountName: Falling back to default value
08-09 19:17:29.921  1520  1768 D PackageManager: Ephemeral installer not found with new action; try old one
08-09 19:17:29.922  1520  1768 D PackageManager: Clear ephemeral installer activity
08-09 19:17:29.927  2841  3180 I MS_RegisterService: Doing full registration.
08-09 19:17:30.016  2841  3163 I CmaSystemUpdateService: Runtime init receiver: Intent { act=android.intent.action.BOOT_COMPLETED flg=0x9000010 cmp=com.google.android.gms/.chimera.GmsIntentOperationService (has extras) } with flags: 2
08-09 19:17:30.065  2841  3163 I CmaSystemUpdateService: receiver: Intent { act=android.intent.action.BOOT_COMPLETED flg=0x9000010 cmp=com.google.android.gms/.chimera.GmsIntentOperationService (has extras) }
08-09 19:17:30.173  3252  3252 D Babel_SmsDepUtil: imp:-1:3602
08-09 19:17:30.239  3252  3252 D Babel_SmsDep: disabled
08-09 19:17:30.247  1520  2297 I ActivityManager: Killing 2896:com.yj.shopapp/u0a92 (adj 904): crash
08-09 19:17:30.249  1520  1612 I AudioTrack: AUDIO_OUTPUT_FLAG_FAST successful; frameCount 4512 -> 4512
08-09 19:17:30.253  2930  2930 I cr_ChildProcessService: Destroying ChildProcessService pid=2930
08-09 19:17:30.257  2930  2930 I /system/bin/webview_zygote32: System.exit called, status: 0
08-09 19:17:30.257  2930  2930 I AndroidRuntime: VM exiting with result code 0, cleanup skipped.
08-09 19:17:30.280  1520  2297 I ActivityManager: START u0 {act=android.intent.action.MAIN cat=[android.intent.category.LAUNCHER] flg=0x10000000 cmp=com.yj.shopapp/.ui.activity.LoginActivity} from uid 2000
08-09 19:17:30.297  1520  2915 D EGL_emulation: eglMakeCurrent: 0x9f304720: ver 3 1 (tinfo 0x9f327300)
08-09 19:17:30.319  1520  2915 D OpenGLRenderer: endAllActiveAnimators on 0x8baebb00 (RippleDrawable) with handle 0x9f327b70
08-09 19:17:30.319  3252  3252 D Babel_SmsDepUtil: imp:-1:3602
08-09 19:17:30.319  3252  3252 D Babel_SmsDep: disabled
08-09 19:17:30.335  1520  2466 D ConnectivityService: ConnectivityService NetworkRequestInfo binderDied(NetworkRequest [ LISTEN id=6, [ Capabilities: INTERNET&NOT_RESTRICTED&TRUSTED&FOREGROUND] ], android.os.BinderProxy@28f9903)
08-09 19:17:30.336  1520  2466 D ConnectivityService: ConnectivityService NetworkRequestInfo binderDied(NetworkRequest [ LISTEN id=7, [ Capabilities: INTERNET&NOT_RESTRICTED&TRUSTED&FOREGROUND] ], android.os.BinderProxy@3154080)
08-09 19:17:30.339  2841  2852 I zygote  : Background concurrent copying GC freed 15273(1315KB) AllocSpace objects, 10(200KB) LOS objects, 49% free, 5MB/10MB, paused 4.345ms total 347.933ms
08-09 19:17:30.345  1520  2297 V WindowManager: setAppStartingWindow: token=Token{dbfc5b2 ActivityRecord{d3d0bbd u0 com.yj.shopapp/.ui.activity.LoginActivity t425}} pkg=com.yj.shopapp transferFrom=null newTask=true taskSwitch=true processRunning=false allowTaskSnapshot=true
08-09 19:17:30.345  1520  2297 V WindowManager: Checking theme of starting window: 0x7f090096
08-09 19:17:30.345  1520  2297 V WindowManager: Translucent=false Floating=false ShowWallpaper=false
08-09 19:17:30.345  1520  2297 V WindowManager: Creating SplashScreenStartingData
08-09 19:17:30.345  1520  2297 V WindowManager: Enqueueing ADD_STARTING
08-09 19:17:30.345  1520  1572 V WindowManager: Add starting AppWindowContainerController{ token=Token{dbfc5b2 ActivityRecord{d3d0bbd u0 com.yj.shopapp/.ui.activity.LoginActivity t425}} mContainer=AppWindowToken{cb3a6b9 token=Token{dbfc5b2 ActivityRecord{d3d0bbd u0 com.yj.shopapp/.ui.activity.LoginActivity t425}}} mListener=ActivityRecord{d3d0bbd u0 com.yj.shopapp/.ui.activity.LoginActivity t425}}: startingData=com.android.server.wm.SplashScreenStartingData@1608afe
08-09 19:17:30.354  1520  1603 E ConnectivityService: RemoteException caught trying to send a callback msg for NetworkRequest [ LISTEN id=6, [ Capabilities: INTERNET&NOT_RESTRICTED&TRUSTED&FOREGROUND] ]
08-09 19:17:30.356  1520  1603 E ConnectivityService: RemoteException caught trying to send a callback msg for NetworkRequest [ LISTEN id=7, [ Capabilities: INTERNET&NOT_RESTRICTED&TRUSTED&FOREGROUND] ]
08-09 19:17:30.369  1520  1537 W zygote  : failed to open /acct/uid_99000/pid_2930/cgroup.procs: No such file or directory
08-09 19:17:30.370  1520  1768 I ActivityManager: Process com.android.chrome:sandboxed_process0 (pid 2930) has died: fore SVC 
08-09 19:17:30.373  1520  1538 D BatteryStatsService: begin updateExternalStatsSync reason=remove-uid
08-09 19:17:30.374  1520  1538 E KernelCpuSpeedReader: Failed to read cpu-freq: /sys/devices/system/cpu/cpu0/cpufreq/stats/time_in_state (No such file or directory)
08-09 19:17:30.374  2841  3163 I Wear_Controller: Wear is not allowed to run on this device. Not starting control service.
08-09 19:17:30.374  1520  1538 E KernelUidCpuTimeReader: Failed to read uid_cputime: /proc/uid_cputime/show_uid_stat (No such file or directory)
08-09 19:17:30.375  1520  1538 E KernelUidCpuFreqTimeReader: Failed to read /proc/uid_time_in_state: java.io.FileNotFoundException: /proc/uid_time_in_state (No such file or directory)
08-09 19:17:30.376  1520  1538 W KernelMemoryBandwidthStats: No kernel memory bandwidth stats available
08-09 19:17:30.376  1520  1538 D BatteryStatsService: end updateExternalStatsSync
08-09 19:17:30.379  2841  3177 W zygote  : Long monitor contention with owner [com.google.android.gms.chimera.GmsIntentOperationService$ChimeraService] idle (3178) at android.content.IContentProvider android.app.ActivityThread.acquireExistingProvider(android.content.Context, java.lang.String, int, boolean)(ActivityThread.java:5968) waiters=0 in void ccj.run() for 391ms
08-09 19:17:30.384  1520  1538 E KernelUidCpuTimeReader: failed to remove uid from uid_cputime module
08-09 19:17:30.384  1520  1538 E KernelUidCpuTimeReader: java.io.FileNotFoundException: /proc/uid_cputime/remove_uid_range (No such file or directory)
08-09 19:17:30.384  1520  1538 E KernelUidCpuTimeReader: 	at java.io.FileOutputStream.open0(Native Method)
08-09 19:17:30.384  1520  1538 E KernelUidCpuTimeReader: 	at java.io.FileOutputStream.open(FileOutputStream.java:287)
08-09 19:17:30.384  1520  1538 E KernelUidCpuTimeReader: 	at java.io.FileOutputStream.<init>(FileOutputStream.java:223)
08-09 19:17:30.384  1520  1538 E KernelUidCpuTimeReader: 	at java.io.FileOutputStream.<init>(FileOutputStream.java:110)
08-09 19:17:30.384  1520  1538 E KernelUidCpuTimeReader: 	at java.io.FileWriter.<init>(FileWriter.java:63)
08-09 19:17:30.384  1520  1538 E KernelUidCpuTimeReader: 	at com.android.internal.os.KernelUidCpuTimeReader.removeUid(KernelUidCpuTimeReader.java:139)
08-09 19:17:30.384  1520  1538 E KernelUidCpuTimeReader: 	at com.android.internal.os.BatteryStatsImpl.removeIsolatedUidLocked(BatteryStatsImpl.java:3481)
08-09 19:17:30.384  1520  1538 E KernelUidCpuTimeReader: 	at com.android.server.am.BatteryStatsService$BatteryStatsHandler.handleMessage(BatteryStatsService.java:144)
08-09 19:17:30.384  1520  1538 E KernelUidCpuTimeReader: 	at android.os.Handler.dispatchMessage(Handler.java:105)
08-09 19:17:30.384  1520  1538 E KernelUidCpuTimeReader: 	at android.os.Looper.loop(Looper.java:164)
08-09 19:17:30.384  1520  1538 E KernelUidCpuTimeReader: 	at android.os.HandlerThread.run(HandlerThread.java:65)
08-09 19:17:30.384  1520  1538 E KernelUidCpuTimeReader: 	at com.android.server.ServiceThread.run(ServiceThread.java:46)
08-09 19:17:30.405  1520  1536 W Looper  : Dispatch took 161ms on android.ui, h=Handler (com.android.server.am.AppErrorDialog$1) {45ef575} cb=null msg=3
08-09 19:17:30.407  1520  1742 E ActivityManager: applyOptionsLocked: Unknown animationType=0
08-09 19:17:30.412  3361  3361 I zygote  : Not late-enabling -Xcheck:jni (already on)
08-09 19:17:30.417  3361  3361 W zygote  : Unexpected CPU variant for X86 using defaults: x86
08-09 19:17:30.419  1520  1742 I ActivityManager: Start proc 3361:com.yj.shopapp/u0a92 for activity com.yj.shopapp/.ui.activity.LoginActivity
08-09 19:17:30.431  2841  2846 I zygote  : Do partial code cache collection, code=56KB, data=42KB
08-09 19:17:30.432  2841  2846 I zygote  : After code cache collection, code=56KB, data=42KB
08-09 19:17:30.432  2841  2846 I zygote  : Increasing code cache capacity to 256KB
08-09 19:17:30.447  1520  1572 V WindowManager: addWindow: AppWindowToken{cb3a6b9 token=Token{dbfc5b2 ActivityRecord{d3d0bbd u0 com.yj.shopapp/.ui.activity.LoginActivity t425}}} startingWindow=Window{7d0ff62 u0 Splash Screen com.yj.shopapp}
08-09 19:17:30.448  1520  1572 V WindowManager: Added starting AppWindowToken{cb3a6b9 token=Token{dbfc5b2 ActivityRecord{d3d0bbd u0 com.yj.shopapp/.ui.activity.LoginActivity t425}}}: startingWindow=Window{7d0ff62 u0 Splash Screen com.yj.shopapp} startingView=com.android.server.policy.SplashScreenSurface@998c8f3
08-09 19:17:30.481  1310  1310 D gralloc_ranchu: gralloc_alloc: Creating ashmem region of size 8298496
08-09 19:17:30.598  3252  3252 D Babel   : Scheduling babel db cleanup after reboot
08-09 19:17:30.601  1520  1572 V WindowManager: Finishing drawing window Window{7d0ff62 u0 Splash Screen com.yj.shopapp}: mDrawState=DRAW_PENDING
08-09 19:17:30.601  1520  1572 V WindowManager: Draw state now committed in Window{7d0ff62 u0 Splash Screen com.yj.shopapp}
08-09 19:17:30.617  2342  2509 D EGL_emulation: eglMakeCurrent: 0x9f304b40: ver 3 1 (tinfo 0x9f303590)
08-09 19:17:30.619  2298  2367 D EGL_emulation: eglMakeCurrent: 0x9f304b40: ver 3 1 (tinfo 0x9f303980)
08-09 19:17:30.633  2342  2503 E ContentStoreEUAS: Failed to commit the deferred actions
08-09 19:17:30.663  2841  3248 W CheckinTask: Fail to connect to GoogleApiClient error : jyg{statusCode=TIMEOUT, resolution=null, message=null}
08-09 19:17:30.674  3252  3252 D Babel_SmsDepUtil: imp:-1:3602
08-09 19:17:30.674  3252  3252 D Babel_SmsDep: disabled
08-09 19:17:30.674  1520  1572 W AppOps  : Finishing op nesting under-run: uid 1000 pkg android code 24 time=0 duration=0 nesting=0
08-09 19:17:30.695  2841  3248 I CheckinRequestBuilder: Checkin reason type: 1 attempt count: 1
08-09 19:17:30.705  2220  3379 E BluetoothAdapter: Bluetooth binder is null
08-09 19:17:30.740  3361  3361 I MultiDex: VM with version 2.1.0 has multidex support
08-09 19:17:30.740  3361  3361 I MultiDex: install
08-09 19:17:30.741  3361  3361 I MultiDex: VM has multidex support, MultiDex support library is disabled.
08-09 19:17:30.742  3252  3252 D Babel_SmsDepUtil: imp:-1:3602
08-09 19:17:30.742  3252  3252 D Babel_SmsDep: disabled
08-09 19:17:30.745  3361  3361 I FirebaseInitProvider: FirebaseApp initialization unsuccessful
08-09 19:17:30.748  2841  2868 I Vision  : Supported ABIS: [x86]
08-09 19:17:30.757  2841  2873 W Herrevad: [148] snd.b: Looking up Wifi info on a non-wifi device
08-09 19:17:30.763  3252  3252 D Babel_SmsDepUtil: imp:-1:3602
08-09 19:17:30.763  3252  3252 D Babel_SmsDep: disabled
08-09 19:17:30.764  3252  3252 D Babel_AcctMgr: created account SMS => Redacted-3-chars
08-09 19:17:30.764  3252  3252 W Babel   : On boot, found 1 ready accounts
08-09 19:17:30.764  3252  3252 I Babel   : babel boot account: Redacted-3-chars
08-09 19:17:30.774  2841  3248 E ActivityThread: Failed to find provider info for com.google.android.wearable.settings
08-09 19:17:30.780  3390  3390 W zygote  : Unexpected CPU variant for X86 using defaults: x86
