08-09 19:17:17.402  1520  1572 V WindowManager: Nulling last startingData
08-09 19:17:17.404  1520  1768 I Telecom : PhoneAccountRegistrar: Modify account: [ComponentInfo{com.android.phone/com.android.services.telephony.TelephonyConnectionService}, [e2f7d48dd2b5ca523e7313cf4ba0f6ea830b6281], UserHandle{0}]: TSI.rPA@ABo
08-09 19:17:17.461  1716  1716 I TelecomFramework: AccountEntry: Registered phoneAccount: [[ ] PhoneAccount: ComponentInfo{com.android.phone/com.android.services.telephony.TelephonyConnectionService}, [e2f7d48dd2b5ca523e7313cf4ba0f6ea830b6281], UserHandle{0} Capabilities: CallProvider MultiUser PlaceEmerg SimSub  Audio Routes: BESW Schemes: tel voicemail  Extras: null GroupId: [da39a3ee5e6b4b0d3255bfef95601890afd80709]] with handle: ComponentInfo{com.android.phone/com.android.services.telephony.TelephonyConnectionService}, [e2f7d48dd2b5ca523e7313cf4ba0f6ea830b6281], UserHandle{0}
08-09 19:17:17.461  1716  1716 I TelecomFramework: PstnIncomingCallNotifier: Registering: Handler (com.android.internal.telephony.GsmCdmaPhone) {e41f937}
08-09 19:17:17.472  2342  2342 W Glide   : Failed to find GeneratedAppGlideModule. You should include an annotationProcessor compile dependency on com.github.bumptech.glide:glide:compiler in your application and a @GlideModule annotated AppGlideModule implementation or LibraryGlideModules will be silently ignored
08-09 19:17:17.478  2298  2367 D RenderScript HIDL Adaptation: IRenderScriptDevice::getService()
08-09 19:17:17.479  1257  1257 W /system/bin/hwservicemanager: getTransportFromManifest: Cannot find entry android.hardware.renderscript@1.0::IDevice in either framework or device manifest, using default transport.
08-09 19:17:17.480  2298  2367 W android.hardware.renderscript@1.0::Device: getService: found null hwbinder interface
08-09 19:17:17.480  2298  2367 D RenderScript HIDL Adaptation: IRenderScriptDevice::getService() returned 0x0
08-09 19:17:17.481  2298  2367 D RenderScript HIDL Adaptation: Using Fallback Path.
08-09 19:17:17.515  2251  2251 D AndroidRuntime: Calling main entry com.android.commands.wm.Wm
08-09 19:17:17.521  1520  1532 W WindowManager: Permission Denial: dismissKeyguard from pid=2251, uid=2000 requires android.permission.CONTROL_KEYGUARD
08-09 19:17:17.522  2251  2251 D AndroidRuntime: Shutting down VM
08-09 19:17:17.526  1716  1716 I TelecomFramework: PstnIncomingCallNotifier: Unregistering: Handler (com.android.internal.telephony.GsmCdmaPhone) {e41f937}
08-09 19:17:17.529  1520  2297 I Telecom : PhoneAccountRegistrar: Modify account: [ComponentInfo{com.android.phone/com.android.services.telephony.TelephonyConnectionService}, [e2f7d48dd2b5ca523e7313cf4ba0f6ea830b6281], UserHandle{0}]: TSI.rPA@AB0
08-09 19:17:17.534  1716  1716 I TelecomFramework: AccountEntry: Registered phoneAccount: [[ ] PhoneAccount: ComponentInfo{com.android.phone/com.android.services.telephony.TelephonyConnectionService}, [e2f7d48dd2b5ca523e7313cf4ba0f6ea830b6281], UserHandle{0} Capabilities: CallProvider MultiUser PlaceEmerg SimSub  Audio Routes: BESW Schemes: tel voicemail  Extras: null GroupId: [da39a3ee5e6b4b0d3255bfef95601890afd80709]] with handle: ComponentInfo{com.android.phone/com.android.services.telephony.TelephonyConnectionService}, [e2f7d48dd2b5ca523e7313cf4ba0f6ea830b6281], UserHandle{0}
08-09 19:17:17.534  1716  1716 I TelecomFramework: PstnIncomingCallNotifier: Registering: Handler (com.android.internal.telephony.GsmCdmaPhone) {e41f937}
08-09 19:17:17.543  2298  2367 D RenderScript: Successfully queried cache dir: /data/user_de/0/com.google.android.apps.nexuslauncher/code_cache
08-09 19:17:17.543  2298  2367 D RenderScript: Setting cache dir: /data/user_de/0/com.google.android.apps.nexuslauncher/code_cache
08-09 19:17:17.563  1520  1530 I chatty  : uid=1000(system) HeapTaskDaemon expire 1 line
08-09 19:17:17.570  1520  2297 I chatty  : uid=1000(system) Binder:1520_8 expire 1 line
08-09 19:17:17.571  1520  2272 I chatty  : uid=1000(system) Binder:1520_7 expire 1 line
08-09 19:17:17.588  2251  2408 E app_process: Thread attaching to non-existent runtime: Binder:2251_1
08-09 19:17:17.589  2251  2408 I AndroidRuntime: NOTE: attach of thread 'Binder:2251_1' failed
08-09 19:17:17.619  2257  2257 W KeyphraseEnrollmentInfo: No Enrollment application supports the given keyphrase/locale
08-09 19:17:17.636  1636  2026 D EGL_emulation: eglMakeCurrent: 0x9ad471a0: ver 3 1 (tinfo 0x9cabf780)
08-09 19:17:17.638  1520  1520 I chatty  : uid=1000 system_server expire 3 lines
08-09 19:17:17.648  1716  1716 D CarrierSvcBindHelper: Received android.intent.action.USER_UNLOCKED
08-09 19:17:17.660  1716  1716 D CarrierSvcBindHelper: No carrier app for: 0
08-09 19:17:17.684  1716  1716 I NotificationMgr: updateMwi(): subId 1 update to false
08-09 19:17:17.748  1716  1716 I ImsResolver: Received Carrier Config Changed for SubId: 1
08-09 19:17:17.759  1520  1535 I ActivityManager: Start proc 2426:com.google.android.dialer/u0a17 for broadcast com.google.android.dialer/com.android.dialer.app.voicemail.LegacyVoicemailNotificationReceiver
08-09 19:17:17.783  2426  2426 W zygote  : Unexpected CPU variant for X86 using defaults: x86
08-09 19:17:17.812  1520  1534 I ActivityManager: Start proc 2434:com.android.keychain/1000 for service com.android.keychain/.KeyChainService
08-09 19:17:17.815  2434  2434 W zygote  : Unexpected CPU variant for X86 using defaults: x86
08-09 19:17:17.830  1520  1530 I chatty  : uid=1000(system) HeapTaskDaemon expire 1 line
08-09 19:17:17.859  1716  1729 D IccSmsInterfaceManager: [IccSmsInterfaceManager] Failed to add cdma broadcast subscription for MID range 4097 to 4097 from client com.android.cellbroadcastreceiver
08-09 19:17:17.895  1636  1636 W KeyguardUpdateMonitor: invalid subId in handleServiceStateChange()
08-09 19:17:17.895  1636  1636 W KeyguardUpdateMonitor: invalid subId in handleSimStateChange()
08-09 19:17:17.895  1636  1636 W KeyguardUpdateMonitor: invalid subId in handleServiceStateChange()
08-09 19:17:17.895  1636  1636 W KeyguardUpdateMonitor: invalid subId in handleSimStateChange()
08-09 19:17:17.966  1716  2174 D IccSmsInterfaceManager: [IccSmsInterfaceManager] Calling setCdmaBroadcastConfig with 1 configurations
08-09 19:17:18.006  1520  1532 I Telecom : PhoneAccountRegistrar: Modify account: [ComponentInfo{com.android.phone/com.android.services.telephony.TelephonyConnectionService}, [e2f7d48dd2b5ca523e7313cf4ba0f6ea830b6281], UserHandle{0}]: TSI.rPA@ACI
08-09 19:17:18.015  1716  1716 D TelephonyProvider: subIdString = 1 subId = 1
08-09 19:17:18.020  2220  2236 I zygote  : Background concurrent copying GC freed 30726(2MB) AllocSpace objects, 5(208KB) LOS objects, 50% free, 2MB/5MB, paused 5.480ms total 242.389ms
08-09 19:17:18.037  2342  2354 I zygote  : Background concurrent copying GC freed 18080(2MB) AllocSpace objects, 1(24KB) LOS objects, 50% free, 2MB/4MB, paused 6.850ms total 426.269ms
08-09 19:17:18.096  1520  1742 I ActivityManager: Start proc 2469:com.google.android.partnersetup/u0a14 for content provider com.google.android.partnersetup/.RlzAppProvider
08-09 19:17:18.106  2469  2469 W zygote  : Unexpected CPU variant for X86 using defaults: x86
08-09 19:17:18.116  2342  2347 I zygote  : Compiler allocated 8MB to compile void com.google.android.apps.gsa.shared.config.a.n.ame()
08-09 19:17:18.159  1520  1520 D BackupTransportManager: Bound to transport: com.google.android.gms/.backup.BackupTransportService
08-09 19:17:18.160  2220  2220 E BoundBrokerSvc: Failed to find bound-service:
08-09 19:17:18.160  2220  2220 E BoundBrokerSvc: com.google.android.chimera.config.InvalidConfigException: No bound-service is registered for action: android.net.action.RECOMMEND_NETWORKS
08-09 19:17:18.160  2220  2220 E BoundBrokerSvc: 	at cav.onBind(:com.google.android.gms:1127)
08-09 19:17:18.160  2220  2220 E BoundBrokerSvc: 	at ccs.onBind(:com.google.android.gms:161)
08-09 19:17:18.160  2220  2220 E BoundBrokerSvc: 	at jmn.onBind(:com.google.android.gms:114)
08-09 19:17:18.160  2220  2220 E BoundBrokerSvc: 	at android.app.ActivityThread.handleBindService(ActivityThread.java:3431)
08-09 19:17:18.160  2220  2220 E BoundBrokerSvc: 	at android.app.ActivityThread.-wrap2(Unknown Source:0)
08-09 19:17:18.160  2220  2220 E BoundBrokerSvc: 	at android.app.ActivityThread$H.handleMessage(ActivityThread.java:1688)
08-09 19:17:18.160  2220  2220 E BoundBrokerSvc: 	at android.os.Handler.dispatchMessage(Handler.java:105)
08-09 19:17:18.160  2220  2220 E BoundBrokerSvc: 	at android.os.Looper.loop(Looper.java:164)
08-09 19:17:18.160  2220  2220 E BoundBrokerSvc: 	at android.app.ActivityThread.main(ActivityThread.java:6540)
08-09 19:17:18.160  2220  2220 E BoundBrokerSvc: 	at java.lang.reflect.Method.invoke(Native Method)
08-09 19:17:18.160  2220  2220 E BoundBrokerSvc: 	at com.android.internal.os.Zygote$MethodAndArgsCaller.run(Zygote.java:240)
08-09 19:17:18.160  2220  2220 E BoundBrokerSvc: 	at com.android.internal.os.ZygoteInit.main(ZygoteInit.java:767)
08-09 19:17:18.176  2298  2306 I zygote  : Do partial code cache collection, code=28KB, data=28KB
08-09 19:17:18.176  2298  2306 I zygote  : After code cache collection, code=28KB, data=28KB
08-09 19:17:18.176  2298  2306 I zygote  : Increasing code cache capacity to 128KB
08-09 19:17:18.193  1636  1643 I zygote  : Do partial code cache collection, code=59KB, data=47KB
08-09 19:17:18.201  1636  1643 I zygote  : After code cache collection, code=59KB, data=47KB
08-09 19:17:18.201  1636  1643 I zygote  : Increasing code cache capacity to 256KB
08-09 19:17:18.257  1520  1646 D ConnectivityService: registerNetworkAgent NetworkAgentInfo{ ni{[type: MOBILE[LTE], state: CONNECTED/CONNECTED, reason: connected, extra: epc.tmobile.com, failover: false, available: true, roaming: false, metered: true]}  network{100}  nethandle{429513165534}  lp{{InterfaceName: eth0 LinkAddresses: [10.0.2.15/32,]  Routes: [0.0.0.0/0 -> 10.0.2.2 eth0,] DnsAddresses: [10.0.2.3,10.0.2.4,10.0.2.5,10.0.2.6,] Domains: null MTU: 1500 TcpBufferSizes: 524288,1048576,2097152,262144,524288,1048576}}  nc{[ Transports: CELLULAR Capabilities: MMS&SUPL&FOTA&IMS&CBS&IA&INTERNET&NOT_RESTRICTED&TRUSTED&NOT_VPN LinkUpBandwidth>=51200Kbps LinkDnBandwidth>=102400Kbps Specifier: <1>]}  Score{10}  everValidated{false}  lastValidated{false}  created{false} lingering{false} explicitlySelected{false} acceptUnvalidated{false} everCaptivePortalDetected{false} lastCaptivePortalDetected{false} }
08-09 19:17:18.257  1520  1603 D ConnectivityService: NetworkAgentInfo [MOBILE (LTE) - 100] EVENT_NETWORK_INFO_CHANGED, going from null to CONNECTED
08-09 19:17:18.257  1520  1603 D ConnectivityService: Adding iface eth0 to network 100
08-09 19:17:18.261  1520  1603 D ConnectivityService: Setting DNS servers for network 100 to [/10.0.2.3, /10.0.2.4, /10.0.2.5, /10.0.2.6]
08-09 19:17:18.298  2220  2237 I DynamiteModule: Considering local module com.google.android.gms.googlecertificates:2 and remote module com.google.android.gms.googlecertificates:2
08-09 19:17:18.298  2220  2237 I DynamiteModule: Selected remote version of com.google.android.gms.googlecertificates, version >= 2
08-09 19:17:18.316  2220  2237 W zygote  : Skipping duplicate class check due to unrecognized classloader
08-09 19:17:18.323  2426  2426 I Dialer  : GoogleDialerApplication.onCreate - enter
08-09 19:17:18.351  2425  2425 D AndroidRuntime: >>>>>> START com.android.internal.os.RuntimeInit uid 2000 <<<<<<
08-09 19:17:18.352  2425  2425 D AndroidRuntime: CheckJNI is ON
08-09 19:17:18.363  1520  1534 I chatty  : uid=1000(system) android.bg expire 12 lines
08-09 19:17:18.366  1520  1534 E memtrack: Couldn't load memtrack module
08-09 19:17:18.366  1520  1534 W android.os.Debug: failed to get memory consumption info: -1
08-09 19:17:18.367  1520  1534 E memtrack: Couldn't load memtrack module
08-09 19:17:18.367  1520  1534 W android.os.Debug: failed to get memory consumption info: -1
08-09 19:17:18.370  2342  2347 I zygote  : Do partial code cache collection, code=30KB, data=21KB
08-09 19:17:18.370  2342  2347 I zygote  : After code cache collection, code=28KB, data=20KB
08-09 19:17:18.370  2342  2347 I zygote  : Increasing code cache capacity to 128KB
08-09 19:17:18.375  1636  1636 W zygote  : Long monitor contention with owner AsyncTask #1 (2046) at void android.content.res.AssetManager.destroyAsset(long)(AssetManager.java:-2) waiters=0 in java.lang.CharSequence android.content.res.AssetManager.getResourceText(int) for 152ms
08-09 19:17:18.377  2426  2426 I Dialer  : NonUiTaskBuilder.newThread - creating parallel thread
08-09 19:17:18.382  2426  2426 I Dialer  : CallLogFramework.registerContentObservers - enter
08-09 19:17:18.383  1716  2174 D IccSmsInterfaceManager: [IccSmsInterfaceManager] Failed to add cdma broadcast subscription for MID range 4098 to 4098 from client com.android.cellbroadcastreceiver
08-09 19:17:18.392  1520  1603 D ConnectivityService: Switching to new default network: NetworkAgentInfo{ ni{[type: MOBILE[LTE], state: CONNECTED/CONNECTED, reason: connected, extra: epc.tmobile.com, failover: false, available: true, roaming: false, metered: true]}  network{100}  nethandle{429513165534}  lp{{InterfaceName: eth0 LinkAddresses: [10.0.2.15/32,]  Routes: [0.0.0.0/0 -> 10.0.2.2 eth0,] DnsAddresses: [10.0.2.3,10.0.2.4,10.0.2.5,10.0.2.6,] Domains: null MTU: 1500 TcpBufferSizes: 524288,1048576,2097152,262144,524288,1048576}}  nc{[ Transports: CELLULAR Capabilities: MMS&SUPL&FOTA&IMS&CBS&IA&INTERNET&NOT_RESTRICTED&TRUSTED&NOT_VPN&FOREGROUND LinkUpBandwidth>=51200Kbps LinkDnBandwidth>=102400Kbps Specifier: <1>]}  Score{10}  everValidated{false}  lastValidated{false}  created{true} lingering{false} explicitlySelected{false} acceptUnvalidated{false} everCaptivePortalDetected{false} lastCaptivePortalDetected{false} }
08-09 19:17:18.402  1520  1534 E memtrack: Couldn't load memtrack module
08-09 19:17:18.402  1520  1534 W android.os.Debug: failed to get memory consumption info: -1
08-09 19:17:18.405  1520  1531 I ActivityManager: Start proc 2513:com.google.android.gms.feedback/u0a13 for service com.google.android.gms/.feedback.FeedbackService
08-09 19:17:18.405  1317  1346 E SurfaceFlinger: ro.sf.lcd_density must be defined as a build property
08-09 19:17:18.406  2513  2513 W zygote  : Unexpected CPU variant for X86 using defaults: x86
08-09 19:17:18.415  2426  2426 I Dialer  : NonUiTaskBuilder.newThread - creating serial thread
08-09 19:17:18.419  1404  1500 V IdletimerController: runCmd(/system/bin/ip6tables -w -t raw -A idletimer_raw_PREROUTING -i eth0 -j IDLETIMER --timeout 10 --label 0 --send_nl_msg 1) res_ipv4=0, res_ipv6=0
08-09 19:17:18.424  1520  1534 E memtrack: Couldn't load memtrack module
08-09 19:17:18.424  1520  1534 W android.os.Debug: failed to get memory consumption info: -1
08-09 19:17:18.425  1520  1534 E memtrack: Couldn't load memtrack module
08-09 19:17:18.425  1520  1534 W android.os.Debug: failed to get memory consumption info: -1
08-09 19:17:18.427  1716  1735 D IccSmsInterfaceManager: [IccSmsInterfaceManager] Calling setCdmaBroadcastConfig with 1 configurations
08-09 19:17:18.428  2342  2509 D OpenGLRenderer: HWUI GL Pipeline
08-09 19:17:18.438  1520  2511 D NetworkMonitor/NetworkAgentInfo [MOBILE (LTE) - 100]: PROBE_DNS www.google.com 34ms OK 93.46.8.89,200:2:2e52:ae44::
08-09 19:17:18.440  2385  2385 D MediaScannerReceiver: action: android.intent.action.MEDIA_MOUNTED path: /storage/0BE2-1C15
08-09 19:17:18.441  2342  2342 I zygote  : Deoptimizing int[] com.google.common.collect.gx.b(java.lang.Object[], int, int, int) due to JIT inline cache
08-09 19:17:18.448  2298  2313 I zygote  : Background concurrent copying GC freed 19916(1257KB) AllocSpace objects, 17(1900KB) LOS objects, 50% free, 3MB/7MB, paused 32.387ms total 127.272ms
08-09 19:17:18.449  1520  2512 D NetworkMonitor/NetworkAgentInfo [MOBILE (LTE) - 100]: PROBE_DNS connectivitycheck.gstatic.com 44ms OK 203.208.51.63,2401:3800:4001:11::101f
08-09 19:17:18.451  1520  1532 D ContextHubService: Added callback, total callbacks 1
08-09 19:17:18.455  2426  2426 I Dialer  : NonUiTaskBuilder.newThread - creating parallel thread
08-09 19:17:18.455  2426  2426 I Dialer  : ShortcutsJobScheduler.scheduleAllJobs - enter
08-09 19:17:18.456  2257  2257 I GsaVoiceInteractionSrv: Not calling getSupportedRecognitionModes. Availability: -2
08-09 19:17:18.457  2257  2257 I HwDetectorWithState: #performNextHotwordAction action: 3
08-09 19:17:18.462  2342  2342 I MicroDetectionWorker: #initializeDataManager [recognitionLocale: cmn-Hans-CN, isForced: false, initGHRecognizer: false]
08-09 19:17:18.475  1716  1735 D IccSmsInterfaceManager: [IccSmsInterfaceManager] Failed to add cdma broadcast subscription for MID range 4099 to 4099 from client com.android.cellbroadcastreceiver
08-09 19:17:18.478  2426  2426 I Dialer  : ShortcutsJobScheduler.scheduleAllJobs - enabling shortcuts
08-09 19:17:18.478  2426  2426 I Dialer  : PeriodicJobService.schedulePeriodicJob - enter
08-09 19:17:18.480  1317  1317 D SurfaceFlinger: duplicate layer name: changing com.google.android.apps.nexuslauncher/com.google.android.apps.nexuslauncher.NexusLauncherActivity to com.google.android.apps.nexuslauncher/com.google.android.apps.nexuslauncher.NexusLauncherActivity#1
08-09 19:17:18.484  2426  2426 I Dialer  : PeriodicJobService.schedulePeriodicJob - job already scheduled.
08-09 19:17:18.486  2342  2509 D         : HostConnection::get() New Host Connection established 0x9c95c880, tid 2509
08-09 19:17:18.487  1310  1310 D gralloc_ranchu: gralloc_alloc: Creating ashmem region of size 4096
08-09 19:17:18.492  2342  2509 I OpenGLRenderer: Initialized EGL, version 1.4
08-09 19:17:18.492  2426  2426 I Dialer  : GoogleDialerApplication.onCreate - register new client
08-09 19:17:18.493  2342  2509 D OpenGLRenderer: Swap behavior 1
08-09 19:17:18.494  2342  2509 W OpenGLRenderer: Failed to choose config with EGL_SWAP_BEHAVIOR_PRESERVED, retrying without...
08-09 19:17:18.494  2342  2509 D OpenGLRenderer: Swap behavior 0
08-09 19:17:18.502  1716  2047 D IccSmsInterfaceManager: [IccSmsInterfaceManager] Failed to remove cdma broadcast subscription for MID range 4100 to 4100 from client com.android.cellbroadcastreceiver
08-09 19:17:18.515  1520  1768 D ContextHubService: System supports 0 hubs
08-09 19:17:18.518  1404  1500 V IdletimerController: runCmd(/system/bin/ip6tables -w -t mangle -A idletimer_mangle_POSTROUTING -o eth0 -j IDLETIMER --timeout 10 --label 0 --send_nl_msg 1) res_ipv4=0, res_ipv6=0
08-09 19:17:18.523  2342  2509 D EGL_emulation: eglCreateContext: 0x9f304b40: maj 3 min 1 rcv 4
08-09 19:17:18.526  1310  1310 D gralloc_ranchu: gralloc_alloc: Creating ashmem region of size 4096
08-09 19:17:18.583  1520  1534 E memtrack: Couldn't load memtrack module
08-09 19:17:18.583  1520  1534 W android.os.Debug: failed to get memory consumption info: -1
08-09 19:17:18.585  1520  1534 E memtrack: Couldn't load memtrack module
08-09 19:17:18.585  1520  1534 W android.os.Debug: failed to get memory consumption info: -1
08-09 19:17:18.586  1520  1534 E memtrack: Couldn't load memtrack module
08-09 19:17:18.586  1520  1534 W android.os.Debug: failed to get memory consumption info: -1
08-09 19:17:18.586  2425  2425 W app_process: Unexpected CPU variant for X86 using defaults: x86
08-09 19:17:18.588  1310  1310 D gralloc_ranchu: gralloc_alloc: Creating ashmem region of size 4096
08-09 19:17:18.589  1520  1615 I GnssLocationProvider: WakeLock acquired by sendMessage(INJECT_NTP_TIME, 0, null)
08-09 19:17:18.589  1520  1615 I GnssLocationProvider: WakeLock acquired by sendMessage(DOWNLOAD_XTRA_DATA, 0, null)
08-09 19:17:18.589  1520  1615 I GnssLocationProvider: WakeLock acquired by sendMessage(UPDATE_NETWORK_STATE, 0, 100)
08-09 19:17:18.590  2342  2509 D EGL_emulation: eglMakeCurrent: 0x9f304b40: ver 3 1 (tinfo 0x9f303590)
08-09 19:17:18.597  1520  2512 D NetworkMonitor/NetworkAgentInfo [MOBILE (LTE) - 100]: PROBE_HTTP http://connectivitycheck.gstatic.com/generate_204 time=129ms ret=204 request={User-Agent=[Mozilla/5.0 (X11; Linux x86_64) AppleWebKit/537.36 (KHTML, like Gecko) Chrome/52.0.2743.82 Safari/537.36]} headers={null=[HTTP/1.1 204 No Content], Content-Length=[0], Date=[Wed, 09 Aug 2017 11:17:37 GMT], X-Android-Received-Millis=[1502277438594], X-Android-Response-Source=[NETWORK 204], X-Android-Selected-Protocol=[http/1.1], X-Android-Sent-Millis=[1502277438527]}
08-09 19:17:18.599  1520  1603 D ConnectivityService: Sending CONNECTED broadcast for type 0 NetworkAgentInfo [MOBILE (LTE) - 100] isDefaultNetwork=true
08-09 19:17:18.599  2342  2509 E eglCodecCommon: glUtilsParamSize: unknow param 0x000082da
08-09 19:17:18.600  2342  2509 E eglCodecCommon: glUtilsParamSize: unknow param 0x00008cdf
08-09 19:17:18.600  2342  2509 E eglCodecCommon: glUtilsParamSize: unknow param 0x00008824
08-09 19:17:18.400  2510  2510 W iptables: type=1400 audit(0.0:27): avc: granted { getattr } for path="/vendor" dev="rootfs" ino=4221 scontext=u:r:netd:s0 tcontext=u:object_r:rootfs:s0 tclass=lnk_file
08-09 19:17:18.653  1310  1310 D gralloc_ranchu: gralloc_alloc: Creating ashmem region of size 4096
08-09 19:17:18.710  1520  1534 E memtrack: Couldn't load memtrack module
08-09 19:17:18.710  1520  1534 W android.os.Debug: failed to get memory consumption info: -1
08-09 19:17:18.711  1520  1534 E memtrack: Couldn't load memtrack module
08-09 19:17:18.711  1520  1534 W android.os.Debug: failed to get memory consumption info: -1
08-09 19:17:18.712  1520  1534 E memtrack: Couldn't load memtrack module
08-09 19:17:18.712  1520  1534 W android.os.Debug: failed to get memory consumption info: -1
08-09 19:17:18.713  1520  1534 E memtrack: Couldn't load memtrack module
08-09 19:17:18.713  1520  1534 W android.os.Debug: failed to get memory consumption info: -1
08-09 19:17:18.718  1716  2174 D IccSmsInterfaceManager: [IccSmsInterfaceManager] Calling setGsmBroadcastConfig with 1 configurations
08-09 19:17:18.410  2522  2522 W ip6tables: type=1400 audit(0.0:28): avc: granted { getattr } for path="/vendor" dev="rootfs" ino=4221 scontext=u:r:netd:s0 tcontext=u:object_r:rootfs:s0 tclass=lnk_file
08-09 19:17:18.723  1716  2174 D IccSmsInterfaceManager: [IccSmsInterfaceManager] Failed to add GSM cell broadcast subscription for MID range 4352 to 4354 from client com.android.cellbroadcastreceiver
08-09 19:17:18.727  2425  2425 I Radio-JNI: register_android_hardware_Radio DONE
08-09 19:17:18.731  2342  2354 I zygote  : Background concurrent copying GC freed 14334(1324KB) AllocSpace objects, 2(40KB) LOS objects, 50% free, 2MB/5MB, paused 400us total 210.790ms
08-09 19:17:18.740  1520  1534 E memtrack: Couldn't load memtrack module
08-09 19:17:18.740  1520  1534 W android.os.Debug: failed to get memory consumption info: -1
08-09 19:17:18.749  2425  2425 D AndroidRuntime: Calling main entry com.android.commands.pm.Pm
08-09 19:17:18.752  1520  1534 E memtrack: Couldn't load memtrack module
08-09 19:17:18.752  1257  1257 W /system/bin/hwservicemanager: getTransportFromManifest: Cannot find entry android.hardware.graphics.mapper@2.0::IMapper in either framework or device manifest, using default transport.
08-09 19:17:18.755  2342  2509 W android.hardware.graphics.mapper@2.0::Mapper: getService: found null hwbinder interface
08-09 19:17:18.755  2342  2509 I vndksupport: sphal namespace is not configured for this process. Loading /system/lib/hw/gralloc.ranchu.so from the current namespace instead.
08-09 19:17:18.758  2342  2390 W com.google.protobuf.fi: copyMemory is missing from platform - proto runtime falling back to safer methods.
08-09 19:17:18.764  1520  1534 W android.os.Debug: failed to get memory consumption info: -1
08-09 19:17:18.765  1520  1534 E memtrack: Couldn't load memtrack module
08-09 19:17:18.765  1520  1534 W android.os.Debug: failed to get memory consumption info: -1
08-09 19:17:18.767  2561  2561 E asset   : setgid: Operation not permitted
08-09 19:17:18.773  2342  2509 D EGL_emulation: eglMakeCurrent: 0x9f304b40: ver 3 1 (tinfo 0x9f303590)
08-09 19:17:18.460  2526  2526 W iptables: type=1400 audit(0.0:29): avc: granted { getattr } for path="/vendor" dev="rootfs" ino=4221 scontext=u:r:netd:s0 tcontext=u:object_r:rootfs:s0 tclass=lnk_file
08-09 19:17:18.799  1520  1534 E memtrack: Couldn't load memtrack module
08-09 19:17:18.799  1520  1534 W android.os.Debug: failed to get memory consumption info: -1
08-09 19:17:18.800  1520  1534 E memtrack: Couldn't load memtrack module
08-09 19:17:18.800  1520  1534 W android.os.Debug: failed to get memory consumption info: -1
08-09 19:17:18.806  2426  2426 I Dialer  : GoogleDialerApplication.onCreate - registered new client
08-09 19:17:18.510  2536  2536 W ip6tables: type=1400 audit(0.0:30): avc: granted { getattr } for path="/vendor" dev="rootfs" ino=4221 scontext=u:r:netd:s0 tcontext=u:object_r:rootfs:s0 tclass=lnk_file
08-09 19:17:18.838  1520  1534 E memtrack: Couldn't load memtrack module
08-09 19:17:18.838  1520  1534 W android.os.Debug: failed to get memory consumption info: -1
08-09 19:17:18.838  1716  2173 D IccSmsInterfaceManager: [IccSmsInterfaceManager] Calling setGsmBroadcastConfig with 1 configurations
08-09 19:17:18.840  1520  1534 E memtrack: Couldn't load memtrack module
08-09 19:17:18.840  1520  1534 W android.os.Debug: failed to get memory consumption info: -1
08-09 19:17:18.841  2513  2513 I LoadedApk: No resource references to update in package FFFFFFFFFFFFFFFFFFFFFF
08-09 19:17:18.846  2426  2426 I Dialer  : LegacyVoicemailNotificationReceiver.onReceive - received legacy voicemail notification
08-09 19:17:18.847  1716  2173 D IccSmsInterfaceManager: [IccSmsInterfaceManager] Failed to add GSM cell broadcast subscription for MID range 4356 to 4356 from client com.android.cellbroadcastreceiver
08-09 19:17:18.848  2342  2347 I zygote  : Do partial code cache collection, code=62KB, data=36KB
08-09 19:17:18.848  2342  2347 I zygote  : After code cache collection, code=54KB, data=33KB
08-09 19:17:18.848  2342  2347 I zygote  : Increasing code cache capacity to 256KB
08-09 19:17:18.853  2426  2426 I Dialer  : LegacyVoicemailNotificationReceiver.onReceive - clearing notification
08-09 19:17:18.858  1716  2047 D IccSmsInterfaceManager: [IccSmsInterfaceManager] Failed to remove GSM cell broadcast subscription for MID range 4355 to 4355 from client com.android.cellbroadcastreceiver
08-09 19:17:18.859  1520  1534 E memtrack: Couldn't load memtrack module
08-09 19:17:18.859  1520  1534 W android.os.Debug: failed to get memory consumption info: -1
08-09 19:17:18.863  2426  2426 W Dialer  : CountryDetector.registerForLocationUpdates - no location permissions, not registering for location updates
08-09 19:17:18.880  1520  1534 E memtrack: Couldn't load memtrack module
08-09 19:17:18.880  1520  1534 W android.os.Debug: failed to get memory consumption info: -1
08-09 19:17:18.887  1716  2173 D IccSmsInterfaceManager: [IccSmsInterfaceManager] Calling setGsmBroadcastConfig with 1 configurations
08-09 19:17:18.889  2426  2426 I Dialer  : VoicemailNotifier - Clearing legacy voicemail notification
08-09 19:17:18.891  2342  2342 W SessionLifecycleManager: Handover failed. Creating new session controller.
08-09 19:17:18.894  1520  1534 E memtrack: Couldn't load memtrack module
08-09 19:17:18.894  1520  1534 W android.os.Debug: failed to get memory consumption info: -1
08-09 19:17:18.895  1520  1534 E memtrack: Couldn't load memtrack module
08-09 19:17:18.896  1520  1534 W android.os.Debug: failed to get memory consumption info: -1
08-09 19:17:18.896  1716  2173 D IccSmsInterfaceManager: [IccSmsInterfaceManager] Failed to add GSM cell broadcast subscription for MID range 4370 to 4370 from client com.android.cellbroadcastreceiver
08-09 19:17:18.905  1520  1534 E memtrack: Couldn't load memtrack module
08-09 19:17:18.905  1520  1534 W android.os.Debug: failed to get memory consumption info: -1
08-09 19:17:18.916  2342  2342 I OptInState: There is a new client and it does not support opt-in. Dropping request.
08-09 19:17:18.946  1716  1729 D IccSmsInterfaceManager: [IccSmsInterfaceManager] Calling setGsmBroadcastConfig with 1 configurations
08-09 19:17:18.948  1716  1729 D IccSmsInterfaceManager: [IccSmsInterfaceManager] Failed to add GSM cell broadcast subscription for MID range 4371 to 4372 from client com.android.cellbroadcastreceiver
08-09 19:17:18.965  2513  2513 V NativeCrypto: Registering com/google/android/gms/org/conscrypt/NativeCrypto's 258 native methods...
08-09 19:17:18.971  1520  1534 E memtrack: Couldn't load memtrack module
08-09 19:17:18.971  1520  1534 W android.os.Debug: failed to get memory consumption info: -1
08-09 19:17:18.971  2513  2513 D NetworkSecurityConfig: No Network Security Config specified, using platform default
08-09 19:17:18.972  2513  2513 I ProviderInstaller: Installed default security provider GmsCore_OpenSSL
08-09 19:17:18.977  1520  1534 E memtrack: Couldn't load memtrack module
08-09 19:17:18.978  2220  2220 I zygote  : IncrementDisableThreadFlip blocked for 5.944ms
08-09 19:17:18.980  1520  1534 W android.os.Debug: failed to get memory consumption info: -1
08-09 19:17:18.984  1520  1534 E memtrack: Couldn't load memtrack module
08-09 19:17:18.984  1520  1534 W android.os.Debug: failed to get memory consumption info: -1
08-09 19:17:18.986  1520  1534 E memtrack: Couldn't load memtrack module
08-09 19:17:18.986  1520  1534 W android.os.Debug: failed to get memory consumption info: -1
08-09 19:17:18.987  1520  1534 E memtrack: Couldn't load memtrack module
08-09 19:17:18.987  1520  1534 W android.os.Debug: failed to get memory consumption info: -1
08-09 19:17:18.993  1520  1534 E memtrack: Couldn't load memtrack module
08-09 19:17:18.993  1520  1534 W android.os.Debug: failed to get memory consumption info: -1
08-09 19:17:18.994  1520  1534 E memtrack: Couldn't load memtrack module
08-09 19:17:18.997  1520  1534 W android.os.Debug: failed to get memory consumption info: -1
08-09 19:17:18.999  1520  1534 E memtrack: Couldn't load memtrack module
08-09 19:17:19.000  1520  1534 W android.os.Debug: failed to get memory consumption info: -1
08-09 19:17:19.005  1636  1651 I zygote  : NativeAllocBackground concurrent copying GC freed 38030(3MB) AllocSpace objects, 17(272KB) LOS objects, 50% free, 4MB/8MB, paused 43.768ms total 783.330ms
08-09 19:17:19.008  1520  1534 E memtrack: Couldn't load memtrack module
08-09 19:17:19.009  1520  1534 W android.os.Debug: failed to get memory consumption info: -1
08-09 19:17:19.009  1520  1534 E memtrack: Couldn't load memtrack module
08-09 19:17:19.009  1520  1534 W android.os.Debug: failed to get memory consumption info: -1
08-09 19:17:19.010  1520  1534 E memtrack: Couldn't load memtrack module
08-09 19:17:19.010  1520  1534 W android.os.Debug: failed to get memory consumption info: -1
08-09 19:17:19.010  1520  1534 E memtrack: Couldn't load memtrack module
08-09 19:17:19.010  1520  1534 W android.os.Debug: failed to get memory consumption info: -1
08-09 19:17:19.010  1520  1534 E memtrack: Couldn't load memtrack module
08-09 19:17:19.010  1520  1534 W android.os.Debug: failed to get memory consumption info: -1
08-09 19:17:19.018  2220  2236 I zygote  : Background concurrent copying GC freed 40336(3MB) AllocSpace objects, 6(120KB) LOS objects, 51% free, 1422KB/2MB, paused 13.094ms total 54.849ms
08-09 19:17:19.056  1520  1534 E memtrack: Couldn't load memtrack module
08-09 19:17:19.056  1520  1534 W android.os.Debug: failed to get memory consumption info: -1
08-09 19:17:19.057  1520  1534 E memtrack: Couldn't load memtrack module
08-09 19:17:19.057  1520  1534 W android.os.Debug: failed to get memory consumption info: -1
08-09 19:17:19.104  1716  1735 D IccSmsInterfaceManager: [IccSmsInterfaceManager] Calling setGsmBroadcastConfig with 1 configurations
08-09 19:17:19.105  1636  1636 I Choreographer: Skipped 129 frames!  The application may be doing too much work on its main thread.
08-09 19:17:19.106  1716  1735 D IccSmsInterfaceManager: [IccSmsInterfaceManager] Failed to add GSM cell broadcast subscription for MID range 4373 to 4378 from client com.android.cellbroadcastreceiver
08-09 19:17:19.108  2385  2385 D MediaScannerReceiver: action: android.intent.action.MEDIA_MOUNTED path: /storage/emulated/0
08-09 19:17:19.124  2298  2313 I zygote  : NativeAllocBackground concurrent copying GC freed 16769(940KB) AllocSpace objects, 8(144KB) LOS objects, 49% free, 3MB/7MB, paused 52.946ms total 151.785ms
08-09 19:17:19.125  1716  2047 D IccSmsInterfaceManager: [IccSmsInterfaceManager] Calling setGsmBroadcastConfig with 1 configurations
08-09 19:17:19.128  1716  2047 D IccSmsInterfaceManager: [IccSmsInterfaceManager] Failed to add GSM cell broadcast subscription for MID range 4379 to 4379 from client com.android.cellbroadcastreceiver
08-09 19:17:19.136  1636  2026 D EGL_emulation: eglMakeCurrent: 0x9ad471a0: ver 3 1 (tinfo 0x9cabf780)
08-09 19:17:19.137  1716  2173 D IccSmsInterfaceManager: [IccSmsInterfaceManager] Failed to remove GSM cell broadcast subscription for MID range 4380 to 4382 from client com.android.cellbroadcastreceiver
08-09 19:17:19.147  1520  1596 D SntpClient: round trip: 464ms, clock offset: 19210ms
08-09 19:17:19.170  2342  2342 I zygote  : Deoptimizing java.lang.Object com.google.common.collect.a.next() due to JIT inline cache
08-09 19:17:19.183  2342  2342 I zygote  : Deoptimizing int[] com.google.common.collect.gx.b(java.lang.Object[], int, int, int) due to JIT inline cache
08-09 19:17:19.193  2342  2342 I zygote  : Deoptimizing void com.google.android.apps.gsa.search.core.service.workcontroller.a.b.cZ(boolean) due to JIT inline cache
08-09 19:17:19.199  1716  1729 D IccSmsInterfaceManager: [IccSmsInterfaceManager] Calling setGsmBroadcastConfig with 1 configurations
08-09 19:17:19.201  1716  1729 D IccSmsInterfaceManager: [IccSmsInterfaceManager] Failed to add GSM cell broadcast subscription for MID range 4383 to 4383 from client com.android.cellbroadcastreceiver
08-09 19:17:19.216  1636  1651 I zygote  : NativeAllocBackground concurrent copying GC freed 2684(371KB) AllocSpace objects, 0(0B) LOS objects, 49% free, 3MB/7MB, paused 384us total 105.733ms
08-09 19:17:19.217  2342  2342 I zygote  : Deoptimizing java.lang.Object com.google.common.collect.gx.a(int[], java.lang.Object[], int, int, java.lang.Object) due to JIT inline cache
08-09 19:17:19.220  2342  2342 I zygote  : Deoptimizing void com.google.android.apps.gsa.search.core.state.qa.gH(int) due to JIT inline cache
08-09 19:17:19.232  1716  1735 D IccSmsInterfaceManager: [IccSmsInterfaceManager] Calling setGsmBroadcastConfig with 1 configurations
08-09 19:17:19.234  1716  1735 D IccSmsInterfaceManager: [IccSmsInterfaceManager] Failed to add GSM cell broadcast subscription for MID range 4384 to 4385 from client com.android.cellbroadcastreceiver
08-09 19:17:19.235  1520  1534 E GnssLocationProvider: no AGPS interface in set_agps_server
08-09 19:17:19.243  1716  2174 D IccSmsInterfaceManager: [IccSmsInterfaceManager] Calling setGsmBroadcastConfig with 1 configurations
08-09 19:17:19.248  1716  2174 D IccSmsInterfaceManager: [IccSmsInterfaceManager] Failed to add GSM cell broadcast subscription for MID range 4386 to 4391 from client com.android.cellbroadcastreceiver
08-09 19:17:19.261  1716  2173 D IccSmsInterfaceManager: [IccSmsInterfaceManager] Calling setGsmBroadcastConfig with 1 configurations
08-09 19:17:19.264  1716  2173 D IccSmsInterfaceManager: [IccSmsInterfaceManager] Failed to add GSM cell broadcast subscription for MID range 4392 to 4392 from client com.android.cellbroadcastreceiver
08-09 19:17:19.281  2342  2342 I MicroDetectionWorker: #updateMicroDetector [detectionMode: [mDetectionMode: [1]]]
08-09 19:17:19.281  2342  2342 I MicroDetectionWorker: #startMicroDetector [speakerMode: 0]
08-09 19:17:19.286  2342  2342 I AudioController: Using mInputStreamFactoryBuilder
08-09 19:17:19.316  1716  1735 D IccSmsInterfaceManager: [IccSmsInterfaceManager] Failed to remove GSM cell broadcast subscription for MID range 4393 to 4395 from client com.android.cellbroadcastreceiver
08-09 19:17:19.327  1716  2047 D IccSmsInterfaceManager: [IccSmsInterfaceManager] Failed to remove GSM cell broadcast subscription for MID range 50 to 50 from client com.android.cellbroadcastreceiver
08-09 19:17:19.329  2156  2176 D CellBroadcastOtherChannelsManager: No additional channels configured. subId = 1
08-09 19:17:19.230  2585  2585 W iptables: type=1400 audit(0.0:31): avc: granted { getattr } for path="/vendor" dev="rootfs" ino=4221 scontext=u:r:netd:s0 tcontext=u:object_r:rootfs:s0 tclass=lnk_file
08-09 19:17:19.354  2220  2220 W Settings: Setting airplane_mode_on has moved from android.provider.Settings.System to android.provider.Settings.Global, returning read-only value.
08-09 19:17:19.380  1636  1636 D         : HostConnection::get() New Host Connection established 0x8bb72400, tid 1636
08-09 19:17:19.392  1636  1636 D EGL_emulation: eglCreateContext: 0x9cbfd900: maj 3 min 1 rcv 4
08-09 19:17:19.400  1636  1636 D EGL_emulation: eglMakeCurrent: 0x9cbfd900: ver 3 1 (tinfo 0x8bb67300)
08-09 19:17:19.408  1636  1636 E eglCodecCommon: glUtilsParamSize: unknow param 0x000082da
08-09 19:17:19.408  1636  1636 E eglCodecCommon: glUtilsParamSize: unknow param 0x00008cdf
08-09 19:17:19.408  1636  1636 E eglCodecCommon: glUtilsParamSize: unknow param 0x00008824
08-09 19:17:19.412  2342  2593 I GsaNativeCrashHandler: Loaded shared library: nativecrashreporter
08-09 19:17:19.413  2220  2220 W Backup  : [GmsBackupAccountManager] Backup account not found in gmscore.
08-09 19:17:19.416  2426  2426 I Dialer  : Flags.register - phenotype register status: Status{statusCode=SUCCESS, resolution=null}
08-09 19:17:19.418  2342  2616 W LocationOracle: No location history returned by ContextManager
08-09 19:17:19.429  2298  2298 D PhenotypeFlagCommitter: Committed to new configuration from Phenotype
08-09 19:17:19.430  1520  1534 I GnssLocationProvider: WakeLock acquired by handleInjectNtpTime()
08-09 19:17:19.430  1520  1534 I GnssLocationProvider: WakeLock released by handleMessage(INJECT_NTP_TIME, 0, null)
08-09 19:17:19.431  1520  1795 I GnssLocationProvider: WakeLock acquired by sendMessage(INJECT_NTP_TIME_FINISHED, 0, null)
08-09 19:17:19.434  1520  1534 D GnssLocationProvider: handleDownloadXtraData() called when Xtra not supported
08-09 19:17:19.434  1520  1534 I GnssLocationProvider: WakeLock released by handleMessage(DOWNLOAD_XTRA_DATA, 0, null)
08-09 19:17:19.434  1520  1534 I GnssLocationProvider: WakeLock released by handleMessage(UPDATE_NETWORK_STATE, 0, 100)
08-09 19:17:19.435  1520  1795 I GnssLocationProvider: WakeLock released by handleInjectNtpTime()
08-09 19:17:19.435  1520  1534 I GnssLocationProvider: WakeLock released by handleMessage(INJECT_NTP_TIME_FINISHED, 0, null)
08-09 19:17:19.442  2342  2342 I MicroDetectionWorker: onReady
08-09 19:17:19.456  1310  1310 D gralloc_ranchu: gralloc_alloc: Creating ashmem region of size 4096
08-09 19:17:19.250  2586  2586 W ip6tables: type=1400 audit(0.0:32): avc: granted { getattr } for path="/vendor" dev="rootfs" ino=4221 scontext=u:r:netd:s0 tcontext=u:object_r:rootfs:s0 tclass=lnk_file
08-09 19:17:19.460  1520  1530 I zygote  : Background concurrent copying GC freed 32032(2MB) AllocSpace objects, 12(420KB) LOS objects, 40% free, 8MB/14MB, paused 478us total 258.106ms
08-09 19:17:19.497  2220  2220 I GCoreNlp: shouldConfirmNlp, NLP off. Ensuring opt-in disabled
08-09 19:17:19.260  2588  2588 W iptables: type=1400 audit(0.0:33): avc: granted { getattr } for path="/vendor" dev="rootfs" ino=4221 scontext=u:r:netd:s0 tcontext=u:object_r:rootfs:s0 tclass=lnk_file
08-09 19:17:19.260  2589  2589 W ip6tables: type=1400 audit(0.0:34): avc: granted { getattr } for path="/vendor" dev="rootfs" ino=4221 scontext=u:r:netd:s0 tcontext=u:object_r:rootfs:s0 tclass=lnk_file
08-09 19:17:19.547  1636  1636 D EGL_emulation: eglMakeCurrent: 0x9cbfd900: ver 3 1 (tinfo 0x8bb67300)
08-09 19:17:19.555  2513  2548 I DynamiteModule: Considering local module com.google.android.gms.googlecertificates:2 and remote module com.google.android.gms.googlecertificates:2
08-09 19:17:19.556  2513  2548 I DynamiteModule: Selected remote version of com.google.android.gms.googlecertificates, version >= 2
08-09 19:17:19.558  2513  2548 W zygote  : Skipping duplicate class check due to unrecognized classloader
08-09 19:17:19.735  2342  2593 I MicroDataManager: Created a new hotword model for:
08-09 19:17:19.735  2342  2593 I MicroDataManager: # com.google.android.apps.gsa.speech.microdetection.h@8e9c9f20
08-09 19:17:19.754  2342  2616 I MicroRecognitionRunner: Starting detection.
08-09 19:17:19.776  1310  1310 D gralloc_ranchu: gralloc_alloc: Creating ashmem region of size 4096
08-09 19:17:19.778  2342  2503 I MicrophoneInputStream: mic_starting com.google.android.apps.gsa.staticplugins.aa.c@66b12ec
08-09 19:17:19.807  1395  2138 D PermissionCache: checking android.permission.CAPTURE_AUDIO_HOTWORD for uid=10029 => granted (471 us)
08-09 19:17:19.260  2590  2590 W iptables: type=1400 audit(0.0:35): avc: granted { getattr } for path="/vendor" dev="rootfs" ino=4221 scontext=u:r:netd:s0 tcontext=u:object_r:rootfs:s0 tclass=lnk_file
08-09 19:17:19.845  2342  2503 I MicrophoneInputStream: mic_started com.google.android.apps.gsa.staticplugins.aa.c@66b12ec
08-09 19:17:19.847  1317  1548 D         : HostConnection::get() New Host Connection established 0xb401c180, tid 1548
08-09 19:17:19.848  2342  2503 E ActivityThread: Failed to find provider info for com.google.android.apps.gsa.testing.ui.audio.recorded
08-09 19:17:19.849  2342  2342 I MicroDetectionWorker: onReady
08-09 19:17:19.858  2342  2503 I MicrophoneInputStream: mic_close com.google.android.apps.gsa.staticplugins.aa.c@66b12ec
08-09 19:17:19.859  2342  2616 I MicroRecognitionRunner: Detection finished
08-09 19:17:19.860  2342  2616 W ErrorReporter: reportError [type: 211, code: 524300]: Error reading from input stream
08-09 19:17:19.860  2342  2593 I MicroRecognitionRunner: Stopping hotword detection.
08-09 19:17:19.861  1520  1534 W Binder  : Outgoing transactions from this process must be FLAG_ONEWAY
08-09 19:17:19.861  1520  1534 W Binder  : java.lang.Throwable
08-09 19:17:19.861  1520  1534 W Binder  : 	at android.os.BinderProxy.transact(Binder.java:736)
08-09 19:17:19.861  1520  1534 W Binder  : 	at com.android.internal.location.ILocationProvider$Stub$Proxy.getProperties(ILocationProvider.java:232)
08-09 19:17:19.861  1520  1534 W Binder  : 	at com.android.server.location.LocationProviderProxy$1.run(LocationProviderProxy.java:119)
08-09 19:17:19.861  1520  1534 W Binder  : 	at android.os.Handler.handleCallback(Handler.java:769)
08-09 19:17:19.861  1520  1534 W Binder  : 	at android.os.Handler.dispatchMessage(Handler.java:98)
08-09 19:17:19.861  1520  1534 W Binder  : 	at android.os.Looper.loop(Looper.java:164)
08-09 19:17:19.861  1520  1534 W Binder  : 	at android.os.HandlerThread.run(HandlerThread.java:65)
08-09 19:17:19.861  1395  2624 I AudioFlinger: AudioFlinger's thread 0xb0e8d040 tid=2624 ready to run
08-09 19:17:19.865  1317  1549 D         : HostConnection::get() New Host Connection established 0xb44de740, tid 1549
08-09 19:17:19.868  1636  1636 I Choreographer: Skipped 40 frames!  The application may be doing too much work on its main thread.
08-09 19:17:19.873  1636  2026 D EGL_emulation: eglMakeCurrent: 0x9ad471a0: ver 3 1 (tinfo 0x9cabf780)
08-09 19:17:19.880  1520  1534 W Binder  : Outgoing transactions from this process must be FLAG_ONEWAY
08-09 19:17:19.880  1520  1534 W Binder  : java.lang.Throwable
08-09 19:17:19.880  1520  1534 W Binder  : 	at android.os.BinderProxy.transact(Binder.java:736)
08-09 19:17:19.880  1520  1534 W Binder  : 	at com.android.internal.location.ILocationProvider$Stub$Proxy.getProperties(ILocationProvider.java:232)
08-09 19:17:19.880  1520  1534 W Binder  : 	at com.android.server.location.LocationProviderProxy$1.run(LocationProviderProxy.java:119)
08-09 19:17:19.880  1520  1534 W Binder  : 	at android.os.Handler.handleCallback(Handler.java:769)
08-09 19:17:19.880  1520  1534 W Binder  : 	at android.os.Handler.dispatchMessage(Handler.java:98)
08-09 19:17:19.880  1520  1534 W Binder  : 	at android.os.Looper.loop(Looper.java:164)
08-09 19:17:19.880  1520  1534 W Binder  : 	at android.os.HandlerThread.run(HandlerThread.java:65)
08-09 19:17:19.892  2342  2616 W ErrorProcessor: onFatalError, processing error from engine(4)
08-09 19:17:19.892  2342  2616 W ErrorProcessor: com.google.android.apps.gsa.shared.speech.b.g: Error reading from input stream
08-09 19:17:19.892  2342  2616 W ErrorProcessor: 	at com.google.android.apps.gsa.staticplugins.recognizer.j.a.a(SourceFile:28)
08-09 19:17:19.892  2342  2616 W ErrorProcessor: 	at com.google.android.apps.gsa.staticplugins.recognizer.j.b.run(SourceFile:15)
08-09 19:17:19.892  2342  2616 W ErrorProcessor: 	at java.util.concurrent.Executors$RunnableAdapter.call(Executors.java:457)
08-09 19:17:19.892  2342  2616 W ErrorProcessor: 	at java.util.concurrent.FutureTask.run(FutureTask.java:266)
08-09 19:17:19.892  2342  2616 W ErrorProcessor: 	at com.google.android.apps.gsa.shared.util.concurrent.a.ax.run(SourceFile:14)
08-09 19:17:19.892  2342  2616 W ErrorProcessor: 	at com.google.android.apps.gsa.shared.util.concurrent.a.bl.run(SourceFile:4)
08-09 19:17:19.892  2342  2616 W ErrorProcessor: 	at com.google.android.apps.gsa.shared.util.concurrent.a.bl.run(SourceFile:4)
08-09 19:17:19.892  2342  2616 W ErrorProcessor: 	at java.util.concurrent.ThreadPoolExecutor.runWorker(ThreadPoolExecutor.java:1162)
08-09 19:17:19.892  2342  2616 W ErrorProcessor: 	at java.util.concurrent.ThreadPoolExecutor$Worker.run(ThreadPoolExecutor.java:636)
08-09 19:17:19.892  2342  2616 W ErrorProcessor: 	at java.lang.Thread.run(Thread.java:764)
08-09 19:17:19.892  2342  2616 W ErrorProcessor: 	at com.google.android.apps.gsa.shared.util.concurrent.a.ai.run(SourceFile:6)
08-09 19:17:19.892  2342  2616 W ErrorProcessor: Caused by: com.google.android.apps.gsa.shared.exception.GsaIOException: Error code: 393238 | Buffer overflow, no available space.
08-09 19:17:19.892  2342  2616 W ErrorProcessor: 	at com.google.android.apps.gsa.speech.audio.Tee.f(SourceFile:103)
08-09 19:17:19.892  2342  2616 W ErrorProcessor: 	at com.google.android.apps.gsa.speech.audio.au.read(SourceFile:2)
08-09 19:17:19.892  2342  2616 W ErrorProcessor: 	at java.io.InputStream.read(InputStream.java:101)
08-09 19:17:19.892  2342  2616 W ErrorProcessor: 	at com.google.android.apps.gsa.speech.audio.ao.run(SourceFile:18)
08-09 19:17:19.892  2342  2616 W ErrorProcessor: 	at com.google.android.apps.gsa.speech.audio.an.run(SourceFile:2)
08-09 19:17:19.892  2342  2616 W ErrorProcessor: 	... 9 more
08-09 19:17:19.892  2342  2616 I AudioController: internalShutdown
08-09 19:17:19.893  2342  2342 I MicroDetector: Keeping mic open: false
08-09 19:17:19.893  2342  2342 I MicroDetectionWorker: #onError(false)
08-09 19:17:19.900  2342  2598 I DeviceStateChecker: DeviceStateChecker cancelled
08-09 19:17:19.942  2220  2504 W GeofencerStateMachine: Received SM_HARDWARE_GEOFENCE_CHANGED_CMD in NotInitializedState
08-09 19:17:19.944  1636  1636 D EGL_emulation: eglCreateContext: 0x9cb7eee0: maj 3 min 1 rcv 4
08-09 19:17:19.946  1636  1636 D EGL_emulation: eglMakeCurrent: 0x9cb7eee0: ver 3 1 (tinfo 0x8bb67300)
08-09 19:17:19.946  1636  1636 E eglCodecCommon: glUtilsParamSize: unknow param 0x000082da
08-09 19:17:19.946  1636  1636 E eglCodecCommon: glUtilsParamSize: unknow param 0x00008cdf
08-09 19:17:19.946  1636  1636 E eglCodecCommon: glUtilsParamSize: unknow param 0x00008824
08-09 19:17:19.949  1310  1310 D gralloc_ranchu: gralloc_alloc: Creating ashmem region of size 4096
08-09 19:17:19.993  1636  1636 D EGL_emulation: eglMakeCurrent: 0x9cb7eee0: ver 3 1 (tinfo 0x8bb67300)
08-09 19:17:19.280  2592  2592 W ip6tables: type=1400 audit(0.0:36): avc: granted { getattr } for path="/vendor" dev="rootfs" ino=4221 scontext=u:r:netd:s0 tcontext=u:object_r:rootfs:s0 tclass=lnk_file
08-09 19:17:19.290  2594  2594 W iptables: type=1400 audit(0.0:37): avc: granted { getattr } for path="/vendor" dev="rootfs" ino=4221 scontext=u:r:netd:s0 tcontext=u:object_r:rootfs:s0 tclass=lnk_file
08-09 19:17:20.036  2426  2525 W ekg     : copyMemory is missing from platform - proto runtime falling back to safer methods.
08-09 19:17:20.064  1310  1310 D gralloc_ranchu: gralloc_alloc: Creating ashmem region of size 4096
08-09 19:17:19.300  2596  2596 W ip6tables: type=1400 audit(0.0:38): avc: granted { getattr } for path="/vendor" dev="rootfs" ino=4221 scontext=u:r:netd:s0 tcontext=u:object_r:rootfs:s0 tclass=lnk_file
08-09 19:17:19.300  2597  2597 W iptables: type=1400 audit(0.0:39): avc: granted { getattr } for path="/vendor" dev="rootfs" ino=4221 scontext=u:r:netd:s0 tcontext=u:object_r:rootfs:s0 tclass=lnk_file
08-09 19:17:20.141  2220  2564 W GCoreFlp: No location to return for getLastLocation()
08-09 19:17:20.145  2220  2504 I GeofencerStateMachine: Network location disabled.
08-09 19:17:20.166  2220  2564 W GCoreFlp: No location to return for getLastLocation()
08-09 19:17:20.173  2426  2426 I Dialer  : GoogleDialerBootReceiver.onReceive - enter
08-09 19:17:20.173  2426  2426 I Dialer  : NonUiTaskBuilder.newThread - creating parallel thread
08-09 19:17:20.173  2426  2426 I Dialer  : ShortcutsJobScheduler.scheduleAllJobs - enter
08-09 19:17:20.173  2426  2426 I Dialer  : ShortcutsJobScheduler.scheduleAllJobs - enabling shortcuts
08-09 19:17:20.173  2426  2426 I Dialer  : PeriodicJobService.schedulePeriodicJob - enter
08-09 19:17:20.174  2426  2426 I Dialer  : PeriodicJobService.schedulePeriodicJob - job already scheduled.
08-09 19:17:20.175  1520  2632 I RecoverySystem: No recovery log file
08-09 19:17:19.320  2599  2599 W ip6tables: type=1400 audit(0.0:40): avc: granted { getattr } for path="/vendor" dev="rootfs" ino=4221 scontext=u:r:netd:s0 tcontext=u:object_r:rootfs:s0 tclass=lnk_file
