08-09 19:17:19.743  1520  1520 I SystemServer: InitWatchdog
08-09 19:17:19.744  1520  1520 D SystemServerTiming: InitWatchdog took to complete: 1ms
08-09 19:17:19.744  1520  1520 I SystemServer: StartInputManagerService
08-09 19:17:19.745  1520  1520 I InputManager: Initializing input manager, mUseDevInputEventForAudioJack=true
08-09 19:17:19.747  1520  1520 D SystemServerTiming: StartInputManagerService took to complete: 3ms
08-09 19:17:19.747  1520  1520 I SystemServer: StartWindowManagerService
08-09 19:17:19.790  1520  1542 I WindowManager: No existing display settings /data/system/display_settings.xml; starting empty
08-09 19:17:20.036  1520  1536 W Looper  : Dispatch took 220ms on android.ui, h=Handler (android.os.Handler) {6f932ed} cb=android.os.Handler$BlockingRunnable@5ed1522 msg=0
08-09 19:17:20.038  1520  1520 D SystemServerTiming: StartWindowManagerService took to complete: 291ms
08-09 19:17:20.039  1520  1520 I SystemServer: StartVrManagerService
08-09 19:17:20.039  1520  1520 I SystemServiceManager: Starting com.android.server.vr.VrManagerService
08-09 19:17:20.039  1520  1574 D SystemServerInitThreadPool: Started executing StartHidlServices
08-09 19:17:20.039  1520  1574 I SystemServer: StartHidlServices
08-09 19:17:20.042  1520  1520 D SystemServerTiming: StartHidlServices took to complete: 3ms
08-09 19:17:20.042  1520  1520 I SystemServer: SetWindowManagerService
08-09 19:17:20.042  1520  1574 D SystemServerTiming: SetWindowManagerService took to complete: 0ms
08-09 19:17:20.042  1520  1574 D SystemServerInitThreadPool: Finished executing StartHidlServices
08-09 19:17:20.057  1520  1520 D SystemServerTiming: StartVrManagerService took to complete: 18ms
08-09 19:17:20.057  1520  1520 I SystemServer: StartInputManager
08-09 19:17:20.058  1520  1520 I InputManager: Starting input manager
08-09 19:17:20.066  1520  1520 D SystemServerTiming: StartInputManager took to complete: 8ms
08-09 19:17:20.066  1520  1520 I SystemServer: DisplayManagerWindowManagerAndInputReady
08-09 19:17:20.067  1520  1520 D SystemServerTiming: DisplayManagerWindowManagerAndInputReady took to complete: 0ms
08-09 19:17:20.067  1520  1520 I SystemServer: No Bluetooth Service (emulator)
08-09 19:17:20.067  1520  1520 I SystemServer: IpConnectivityMetrics
08-09 19:17:20.067  1520  1520 I SystemServiceManager: Starting com.android.server.connectivity.IpConnectivityMetrics
08-09 19:17:20.069  1520  1520 D SystemServerTiming: IpConnectivityMetrics took to complete: 2ms
08-09 19:17:20.069  1520  1520 I SystemServer: PinnerService
08-09 19:17:20.069  1520  1520 I SystemServiceManager: Starting com.android.server.PinnerService
08-09 19:17:20.072  1520  1589 I chatty  : uid=1000(system) InputReader expire 22 lines
08-09 19:17:20.073  1520  1520 D SystemServerTiming: PinnerService took to complete: 4ms
08-09 19:17:20.074  1520  1520 I SystemServer: StartInputMethodManagerLifecycle
08-09 19:17:20.074  1520  1520 I SystemServiceManager: Starting com.android.server.InputMethodManagerService$Lifecycle
08-09 19:17:20.119  1520  1570 D SystemServerTimingAsync: AppDataPrepare took to complete: 523ms
08-09 19:17:20.119  1520  1570 I PackageManager: Deferred reconcileAppsData finished 93 packages
08-09 19:17:20.119  1520  1570 D SystemServerInitThreadPool: Finished executing prepareAppData
08-09 19:17:20.123  1520  1520 D SystemServerTiming: StartInputMethodManagerLifecycle took to complete: 49ms
08-09 19:17:20.123  1520  1520 I SystemServer: StartAccessibilityManagerService
08-09 19:17:20.130  1520  1520 D SystemServerTiming: StartAccessibilityManagerService took to complete: 7ms
08-09 19:17:20.130  1520  1520 I SystemServer: MakeDisplayReady
08-09 19:17:20.136  1520  1520 I ActivityManager: Config changes=5df8 {1.0 ?mcc?mnc [zh_CN_#Hans] ldltr sw411dp w411dp h731dp 420dpi nrml long port ?uimode ?night -touch -keyb/v/h -nav/h appBounds=Rect(0, 0 - 1080, 1920) s.2}
08-09 19:17:20.142  1520  1520 I ActivityManager: Override config changes=40007dfc {1.0 ?mcc?mnc [zh_CN_#Hans] ldltr sw411dp w411dp h731dp 420dpi nrml long port ?uimode ?night -touch -keyb/v/h -nav/h appBounds=Rect(0, 0 - 1080, 1920) s.2} for displayId=0
08-09 19:17:20.156  1520  1520 W LocalDisplayAdapter: Unable to find color mode 0, ignoring request.
08-09 19:17:20.167  1520  1520 I ActivityManager: Config changes=500 {1.0 ?mcc?mnc [zh_CN_#Hans] ldltr sw411dp w411dp h659dp 420dpi nrml port ?uimode ?night -touch -keyb/v/h -nav/h appBounds=Rect(0, 0 - 1080, 1794) s.3}
08-09 19:17:20.176  1520  1520 I ActivityManager: Override config changes=500 {1.0 ?mcc?mnc [zh_CN_#Hans] ldltr sw411dp w411dp h659dp 420dpi nrml port ?uimode ?night -touch -keyb/v/h -nav/h appBounds=Rect(0, 0 - 1080, 1794) s.3} for displayId=0
08-09 19:17:20.182  1520  1520 W LocalDisplayAdapter: Unable to find color mode 0, ignoring request.
08-09 19:17:20.183  1520  1520 D SystemServerTiming: MakeDisplayReady took to complete: 53ms
08-09 19:17:20.183  1520  1520 I SystemServer: StartStorageManagerService
08-09 19:17:20.184  1520  1520 I SystemServiceManager: Starting com.android.server.StorageManagerService$Lifecycle
08-09 19:17:20.216  1520  1520 D SystemServerTiming: StartStorageManagerService took to complete: 33ms
08-09 19:17:20.216  1520  1520 I SystemServer: StartStorageStatsService
08-09 19:17:20.217  1520  1520 I SystemServiceManager: Starting com.android.server.usage.StorageStatsService$Lifecycle
08-09 19:17:20.218  1520  1590 D StorageManagerService: Thinking about init, mSystemReady=false, mDaemonConnected=true
08-09 19:17:20.218  1520  1590 D StorageManagerService: Thinking about reset, mSystemReady=false, mDaemonConnected=true
08-09 19:17:20.219  1520  1534 I UsageStatsService: User[0] Rollover scheduled @ 2017-08-10 11:11:55(1502334715116)
08-09 19:17:20.223  1398  1568 D installd: Found quota mount /dev/block/dm-0 at /data
08-09 19:17:20.224  1398  1412 D installd: Found quota mount /dev/block/dm-0 at /data
08-09 19:17:20.232  1520  1590 D StorageManagerService: Thinking about init, mSystemReady=false, mDaemonConnected=true
08-09 19:17:20.233  1520  1590 D StorageManagerService: Thinking about reset, mSystemReady=false, mDaemonConnected=true
08-09 19:17:20.233  1520  1520 D SystemServerTiming: StartStorageStatsService took to complete: 16ms
08-09 19:17:20.233  1520  1520 I SystemServer: StartUiModeManager
08-09 19:17:20.233  1520  1520 I SystemServiceManager: Starting com.android.server.UiModeManagerService
08-09 19:17:20.233  1520  1590 D CryptdConnector: SND -> {1 cryptfs getfield SystemLocale}
08-09 19:17:20.241  1520  1592 D CryptdConnector: RCV <- {113 1 zh-Hans-CN}
08-09 19:17:20.241  1520  1592 D CryptdConnector: RCV <- {200 1 0}
08-09 19:17:20.242  1520  1590 D StorageManagerService: Got locale zh-Hans-CN from mount service
08-09 19:17:20.243  1520  1590 I ActivityManager: Config changes=100 {1.0 ?mcc?mnc [zh_CN_#Hans] ldltr sw411dp w411dp h659dp 420dpi nrml port ?uimode ?night -touch -keyb/v/h -nav/h appBounds=Rect(0, 0 - 1080, 1794) s.4}
08-09 19:17:20.249  1520  1573 D SystemServerInitThreadPool: Started executing UiModeManager.onStart
08-09 19:17:20.252  1520  1520 D SystemServerTiming: StartUiModeManager took to complete: 19ms
08-09 19:17:20.252  1520  1520 I SystemServer: UpdatePackagesIfNeeded
08-09 19:17:20.253  1520  1520 D SystemServerTiming: UpdatePackagesIfNeeded took to complete: 0ms
08-09 19:17:20.253  1520  1520 I SystemServer: PerformFstrimIfNeeded
08-09 19:17:20.254  1520  1520 D SystemServerTiming: PerformFstrimIfNeeded took to complete: 1ms
08-09 19:17:20.255  1520  1520 I SystemServer: StartLockSettingsService
08-09 19:17:20.256  1520  1520 I SystemServiceManager: Starting com.android.server.LockSettingsService$Lifecycle
08-09 19:17:20.254  1520  1590 I ActivityManager: Override config changes=100 {1.0 ?mcc?mnc [zh_CN_#Hans] ldltr sw411dp w411dp h659dp 420dpi nrml port ?uimode ?night -touch -keyb/v/h -nav/h appBounds=Rect(0, 0 - 1080, 1794) s.4} for displayId=0
08-09 19:17:20.264  1520  1573 I ActivityManager: Config changes=200 {1.0 ?mcc?mnc [zh_CN_#Hans] ldltr sw411dp w411dp h659dp 420dpi nrml port -touch -keyb/v/h -nav/h appBounds=Rect(0, 0 - 1080, 1794) s.5}
08-09 19:17:20.274  1520  1590 D StorageManagerService: Setting system properties to zh-Hans-CN from mount service
08-09 19:17:20.274  1520  1573 I ActivityManager: Override config changes=200 {1.0 ?mcc?mnc [zh_CN_#Hans] ldltr sw411dp w411dp h659dp 420dpi nrml port -touch -keyb/v/h -nav/h appBounds=Rect(0, 0 - 1080, 1794) s.5} for displayId=0
08-09 19:17:20.289  1520  1573 D SystemServerInitThreadPool: Finished executing UiModeManager.onStart
08-09 19:17:20.289  1520  1542 I ActivityManager: Config changes=100 {1.0 ?mcc?mnc [zh_CN_#Hans] ldltr sw411dp w411dp h659dp 420dpi nrml port -touch -keyb/v/h -nav/h appBounds=Rect(0, 0 - 1080, 1794) s.6}
08-09 19:17:20.292  1520  1542 I ActivityManager: Override config changes=100 {1.0 ?mcc?mnc [zh_CN_#Hans] ldltr sw411dp w411dp h659dp 420dpi nrml port -touch -keyb/v/h -nav/h appBounds=Rect(0, 0 - 1080, 1794) s.6} for displayId=0
08-09 19:17:20.297  1520  1542 I ActivityManager: Config changes=8 {1.0 ?mcc?mnc [zh_CN_#Hans] ldltr sw411dp w411dp h659dp 420dpi nrml port finger -keyb/v/h -nav/h appBounds=Rect(0, 0 - 1080, 1794) s.7}
08-09 19:17:20.300  1520  1590 W StorageManagerService: No primary storage mounted!
08-09 19:17:20.301  1520  1590 D VoldConnector: SND -> {1 asec list}
08-09 19:17:20.307  1520  1591 D VoldConnector: RCV <- {200 1 asec operation succeeded}
08-09 19:17:20.308  1520  1590 I chatty  : uid=1000(system) StorageManagerS expire 3 lines
08-09 19:17:20.370  1520  1542 I ActivityManager: Override config changes=8 {1.0 ?mcc?mnc [zh_CN_#Hans] ldltr sw411dp w411dp h659dp 420dpi nrml port finger -keyb/v/h -nav/h appBounds=Rect(0, 0 - 1080, 1794) s.7} for displayId=0
08-09 19:17:20.374  1520  1590 W StorageManagerService: No primary storage mounted!
08-09 19:17:20.375  1520  1590 D VoldConnector: SND -> {2 asec list}
08-09 19:17:20.378  1520  1591 D VoldConnector: RCV <- {200 2 asec operation succeeded}
08-09 19:17:20.393  1520  1520 W SystemServiceManager: Service com.android.server.LockSettingsService$Lifecycle took 136 ms in onStart
08-09 19:17:20.394  1520  1520 D SystemServerTiming: StartLockSettingsService took to complete: 138ms
08-09 19:17:20.394  1520  1520 I SystemServer: StartDeviceIdleController
08-09 19:17:20.394  1520  1520 I SystemServiceManager: Starting com.android.server.DeviceIdleController
08-09 19:17:20.402  1520  1520 D SystemServerTiming: StartDeviceIdleController took to complete: 8ms
08-09 19:17:20.402  1520  1520 I SystemServer: StartDevicePolicyManager
08-09 19:17:20.402  1520  1520 I SystemServiceManager: Starting com.android.server.devicepolicy.DevicePolicyManagerService$Lifecycle
08-09 19:17:20.423  1520  1520 D SystemServerTiming: StartDevicePolicyManager took to complete: 21ms
08-09 19:17:20.423  1520  1520 I SystemServer: StartStatusBarManagerService
08-09 19:17:20.433  1520  1520 D SystemServerTiming: StartStatusBarManagerService took to complete: 10ms
08-09 19:17:20.433  1520  1520 I SystemServer: StartClipboardService
08-09 19:17:20.433  1520  1520 I SystemServiceManager: Starting com.android.server.clipboard.ClipboardService
08-09 19:17:20.438  1520  1520 D SystemServerTiming: StartClipboardService took to complete: 5ms
08-09 19:17:20.438  1520  1520 I SystemServer: StartNetworkManagementService
08-09 19:17:20.444  1520  1594 I NetworkManagement: onDaemonConnected()
08-09 19:17:20.453  1520  1520 D SystemServerTiming: StartNetworkManagementService took to complete: 15ms
08-09 19:17:20.454  1520  1520 I SystemServer: StartIpSecService
08-09 19:17:20.457  1520  1520 D SystemServerTiming: StartIpSecService took to complete: 3ms
08-09 19:17:20.457  1520  1520 I SystemServer: StartTextServicesManager
08-09 19:17:20.457  1520  1520 I SystemServiceManager: Starting com.android.server.TextServicesManagerService$Lifecycle
08-09 19:17:20.509  1520  1520 D SystemServerTiming: StartTextServicesManager took to complete: 52ms
08-09 19:17:20.511  1520  1520 I SystemServer: StartNetworkScoreService
08-09 19:17:20.515  1520  1520 D SystemServerTiming: StartNetworkScoreService took to complete: 3ms
08-09 19:17:20.515  1520  1520 I SystemServer: StartNetworkStatsService
08-09 19:17:20.533  1520  1520 D SystemServerTiming: StartNetworkStatsService took to complete: 17ms
08-09 19:17:20.533  1520  1520 I SystemServer: StartNetworkPolicyManagerService
08-09 19:17:20.546  1520  1597 I ServiceThread: Enabled StrictMode logging for NetworkPolicy.uid looper.
08-09 19:17:20.549  1520  1520 D SystemServerTiming: StartNetworkPolicyManagerService took to complete: 16ms
08-09 19:17:20.549  1520  1520 I SystemServer: StartWifi
08-09 19:17:20.581  1520  1520 I SystemServiceManager: Starting com.android.server.wifi.WifiService
08-09 19:17:20.776  1404  1500 D CommandListener: Clearing all IP addresses on wlan0
08-09 19:17:20.778  1520  1599 I chatty  : uid=1000(system) WifiStateMachin expire 14 lines
08-09 19:17:20.804  1520  1520 D SystemServerTiming: StartWifi took to complete: 255ms
08-09 19:17:20.805  1520  1520 I SystemServer: StartWifiScanning
08-09 19:17:20.811  1520  1520 I SystemServiceManager: Starting com.android.server.wifi.scanner.WifiScanningService
08-09 19:17:20.819  1520  1520 D SystemServerTiming: StartWifiScanning took to complete: 14ms
08-09 19:17:20.819  1520  1520 I SystemServer: StartWifiRtt
08-09 19:17:20.821  1520  1520 I SystemServiceManager: Starting com.android.server.wifi.RttService
08-09 19:17:20.828  1520  1520 D SystemServerTiming: StartWifiRtt took to complete: 7ms
08-09 19:17:20.828  1520  1520 I SystemServer: No Wi-Fi Aware Service (Aware support Not Present)
08-09 19:17:20.828  1520  1520 I SystemServer: StartConnectivityService
08-09 19:17:20.838  1520  1520 D ConnectivityService: ConnectivityService starting up
08-09 19:17:20.844  1520  1520 D ConnectivityService: wifiOnly=false
08-09 19:17:20.869  1520  1520 D SystemServerTiming: StartConnectivityService took to complete: 41ms
08-09 19:17:20.869  1520  1520 I SystemServer: StartNsdService
08-09 19:17:20.872  1520  1520 D NsdService: Network service discovery enabled true
08-09 19:17:20.881  1520  1520 D SystemServerTiming: StartNsdService took to complete: 10ms
08-09 19:17:20.881  1520  1520 I SystemServer: StartUpdateLockService
08-09 19:17:20.887  1520  1520 D SystemServerTiming: StartUpdateLockService took to complete: 5ms
08-09 19:17:20.887  1520  1520 I SystemServer: WaitForAsecScan
08-09 19:17:20.887  1520  1520 D SystemServerTiming: WaitForAsecScan took to complete: 0ms
08-09 19:17:20.887  1520  1520 I SystemServer: StartNotificationManager
08-09 19:17:20.889  1520  1520 I SystemServiceManager: Starting com.android.server.notification.NotificationManagerService
08-09 19:17:20.918  1520  1520 D ConditionProviders.SCP: new ScheduleConditionProvider()
08-09 19:17:20.931  1520  1520 D ZenLog  : config: readXml,ZenModeConfig[user=0,allowCalls=true,allowRepeatCallers=false,allowMessages=false,allowCallsFrom=contacts,allowMessagesFrom=contacts,allowReminders=true,allowEvents=true,allowWhenScreenOff=true,allowWhenScreenOn=true,automaticRules={07f63f27cf0e40ac8b9acca93aac5fbe=ZenRule[enabled=false,snoozing=false,name=Weeknight,zenMode=ZEN_MODE_ALARMS,conditionId=condition://android/schedule?days=1.2.3.4.5&start=22.0&end=7.0&exitAtAlarm=false,condition=Condition[id=condition://android/schedule?days=1.2.3.4.5&start=22.0&end=7.0&exitAtAlarm=false,summary=...,line1=...,line2=...,icon=0,state=STATE_FALSE,flags=2],component=ComponentInfo{android/com.android.server.notification.ScheduleConditionProvider},id=07f63f27cf0e40ac8b9acca93aac5fbe,creationTime=1500625211848,enabler=null], 2bc6a3d9c2c9465a9bd0c74ad5a7d63d=ZenRule[enabled=false,snoozing=false,name=Weekend,zenMode=ZEN_MODE_ALARMS,conditionId=condition://android/schedule?days=6.7&start=23.30&end=10.0&exitAtAlarm=false,condition=Condition[id=condition://android/schedule?days=6.7&start=23.30&end=10.0&exitAtAlarm=false,summary=...,line1=...,line2=...,icon=0,state=STATE_FALSE,flags=2],component=ComponentInfo{android/com.android.server.notification.ScheduleConditionProvider},id=2bc6a3d9c2c9465a9bd0c74ad5a7d63d,creationTime=1500625211848,enabler=null], 45b5ff5e63a84ae7b6c5c12d83538e48=ZenRule[enabled=false,snoozing=false,name=Event,zenMode=ZEN_MODE_ALARMS,conditionId=condition://android/event?userId=-10000&calendar=&reply=1,condition=Condition[id=condition://android/event?userId=-10000&calendar=&reply=1,summary=...,line1=...,line2=...,icon=0,state=STATE_FALSE,flags=2],component=ComponentInfo{android/com.android.server.notification.EventConditionProvider},id=45b5ff5e63a84ae7b6c5c12d83538e48,creationTime=1500625211849,enabler=null]},manualRule=null],Diff[automaticRule[dba748b274ef4c13acedc9380efbf9d0]:delete,automaticRule[b7f64d6908fa4f1e83cea71703e58bb2]:delete,automaticRule[07f63f27cf0e40ac8b9acca93aac5fbe]:insert,automaticRule[ab5d5bed994b4fd58bb330b9b4b7cc8c]:delete,automaticRule[2bc6a3d9c2c9465a9bd0c74ad5a7d63d]:insert,automaticRule[45b5ff5e63a84ae7b6c5c12d83538e48]:insert]
08-09 19:17:20.949  1520  1520 D ZenLog  : set_zen_mode: off,init
08-09 19:17:20.955  1520  1520 W SystemServiceManager: Service com.android.server.notification.NotificationManagerService took 55 ms in onStart
08-09 19:17:20.971  1520  1520 D SystemServerTiming: StartNotificationManager took to complete: 84ms
08-09 19:17:20.971  1520  1520 I SystemServer: StartDeviceMonitor
08-09 19:17:20.971  1520  1520 I SystemServiceManager: Starting com.android.server.storage.DeviceStorageMonitorService
08-09 19:17:20.975  1520  1520 D SystemServerTiming: StartDeviceMonitor took to complete: 4ms
08-09 19:17:20.975  1520  1520 I SystemServer: StartLocationManagerService
08-09 19:17:20.985  1520  1520 D SystemServerTiming: StartLocationManagerService took to complete: 10ms
08-09 19:17:20.985  1520  1520 I SystemServer: StartCountryDetectorService
08-09 19:17:20.988  1520  1520 D SystemServerTiming: StartCountryDetectorService took to complete: 3ms
08-09 19:17:20.988  1520  1520 I SystemServer: StartSearchManagerService
08-09 19:17:20.988  1520  1520 I SystemServiceManager: Starting com.android.server.search.SearchManagerService$Lifecycle
08-09 19:17:20.992  1520  1520 D SystemServerTiming: StartSearchManagerService took to complete: 4ms
08-09 19:17:20.993  1520  1520 I SystemServer: StartWallpaperManagerService
08-09 19:17:20.993  1520  1520 I SystemServiceManager: Starting com.android.server.wallpaper.WallpaperManagerService$Lifecycle
08-09 19:17:20.997  1520  1520 I WallpaperManagerService: No static wallpaper imagery; defaults will be shown
08-09 19:17:21.004  1520  1520 D SystemServerTiming: StartWallpaperManagerService took to complete: 11ms
08-09 19:17:21.004  1520  1520 I SystemServer: StartAudioService
08-09 19:17:21.004  1520  1520 I SystemServiceManager: Starting com.android.server.audio.AudioService$Lifecycle
08-09 19:17:21.046  1395  1476 D PermissionCache: checking android.permission.MODIFY_AUDIO_SETTINGS for uid=1000 => granted (7883 us)
08-09 19:17:21.053  1395  1462 W AudioFlinger: no wake lock to update, system not ready yet
08-09 19:17:21.055  1307  1447 W DeviceHAL: Device 0xac3a6500 set_mic_mute: Function not implemented
08-09 19:17:21.095  1520  1520 D SystemServerTiming: StartAudioService took to complete: 91ms
08-09 19:17:21.095  1520  1520 I SystemServer: StartDockObserver
08-09 19:17:21.096  1520  1520 I SystemServiceManager: Starting com.android.server.DockObserver
08-09 19:17:21.098  1520  1520 W DockObserver: This kernel does not have dock station support
08-09 19:17:21.100  1520  1520 D SystemServerTiming: StartDockObserver took to complete: 5ms
08-09 19:17:21.100  1520  1520 I SystemServer: StartWiredAccessoryManager
08-09 19:17:21.102  1520  1520 W WiredAccessoryManager: This kernel does not have usb audio support
08-09 19:17:21.102  1520  1520 W WiredAccessoryManager: This kernel does not have HDMI audio support
08-09 19:17:21.102  1520  1520 D SystemServerTiming: StartWiredAccessoryManager took to complete: 2ms
08-09 19:17:21.102  1520  1520 I SystemServer: StartMidiManager
08-09 19:17:21.103  1520  1520 I SystemServiceManager: Starting com.android.server.midi.MidiService$Lifecycle
08-09 19:17:21.108  1520  1520 D SystemServerTiming: StartMidiManager took to complete: 6ms
08-09 19:17:21.108  1520  1520 I SystemServer: StartUsbService
08-09 19:17:21.109  1520  1520 I SystemServiceManager: Starting com.android.server.usb.UsbService$Lifecycle
08-09 19:17:21.126  1520  1520 D SystemServerTiming: StartUsbService took to complete: 18ms
08-09 19:17:21.127  1520  1520 I SystemServer: StartSerialService
08-09 19:17:21.128  1520  1520 D SystemServerTiming: StartSerialService took to complete: 1ms
08-09 19:17:21.128  1520  1520 I SystemServer: StartHardwarePropertiesManagerService
08-09 19:17:21.141  1520  1520 D SystemServerTiming: StartHardwarePropertiesManagerService took to complete: 11ms
08-09 19:17:21.141  1520  1520 I SystemServer: StartTwilightService
08-09 19:17:21.141  1520  1520 I SystemServiceManager: Starting com.android.server.twilight.TwilightService
08-09 19:17:21.142  1520  1520 D SystemServerTiming: StartTwilightService took to complete: 1ms
08-09 19:17:21.143  1520  1520 I SystemServer: StartJobScheduler
08-09 19:17:21.143  1520  1520 I SystemServiceManager: Starting com.android.server.job.JobSchedulerService
08-09 19:17:21.159  1520  1520 D JobStore: Start tag: job-info
08-09 19:17:21.178  1520  1520 D ConnectivityService: requestNetwork for uid/pid:1000/1520 NetworkRequest [ TRACK_DEFAULT id=3, [ Capabilities: INTERNET&NOT_RESTRICTED&TRUSTED&NOT_VPN] ]
08-09 19:17:21.190  1520  1520 D SystemServerTiming: StartJobScheduler took to complete: 47ms
08-09 19:17:21.190  1520  1520 I SystemServer: StartSoundTrigger
08-09 19:17:21.191  1520  1520 I SystemServiceManager: Starting com.android.server.soundtrigger.SoundTriggerService
08-09 19:17:21.194  1520  1520 D SystemServerTiming: StartSoundTrigger took to complete: 4ms
08-09 19:17:21.194  1520  1520 I SystemServer: StartTrustManager
08-09 19:17:21.195  1520  1520 I SystemServiceManager: Starting com.android.server.trust.TrustManagerService
08-09 19:17:21.203  1520  1520 D SystemServerTiming: StartTrustManager took to complete: 9ms
08-09 19:17:21.203  1520  1520 I SystemServer: StartBackupManager
08-09 19:17:21.204  1520  1520 I SystemServiceManager: Starting com.android.server.backup.BackupManagerService$Lifecycle
08-09 19:17:21.210  1520  1520 D SystemServerTiming: StartBackupManager took to complete: 7ms
08-09 19:17:21.210  1520  1520 I SystemServer: StartAppWidgerService
08-09 19:17:21.213  1520  1520 I SystemServiceManager: Starting com.android.server.appwidget.AppWidgetService
08-09 19:17:21.222  1520  1520 D SystemServerTiming: StartAppWidgerService took to complete: 12ms
08-09 19:17:21.222  1520  1520 I SystemServer: StartVoiceRecognitionManager
08-09 19:17:21.224  1520  1520 I SystemServiceManager: Starting com.android.server.voiceinteraction.VoiceInteractionManagerService
08-09 19:17:21.232  1520  1520 D SystemServerTiming: StartVoiceRecognitionManager took to complete: 10ms
08-09 19:17:21.233  1520  1520 I SystemServer: StartGestureLauncher
08-09 19:17:21.234  1520  1520 I SystemServiceManager: Starting com.android.server.GestureLauncherService
08-09 19:17:21.235  1520  1520 D SystemServerTiming: StartGestureLauncher took to complete: 1ms
08-09 19:17:21.235  1520  1520 I SystemServer: StartSensorNotification
08-09 19:17:21.236  1520  1520 I SystemServiceManager: Starting com.android.server.SensorNotificationService
08-09 19:17:21.238  1520  1520 D SystemServerTiming: StartSensorNotification took to complete: 3ms
08-09 19:17:21.238  1520  1520 I SystemServer: StartContextHubSystemService
08-09 19:17:21.240  1520  1520 I SystemServiceManager: Starting com.android.server.ContextHubSystemService
08-09 19:17:21.250  1520  1520 D SystemServerTiming: StartContextHubSystemService took to complete: 11ms
08-09 19:17:21.250  1520  1520 I SystemServer: StartDiskStatsService
08-09 19:17:21.254  1520  1520 D SystemServerTiming: StartDiskStatsService took to complete: 3ms
08-09 19:17:21.254  1520  1520 I SystemServer: StartSamplingProfilerService
08-09 19:17:21.267  1520  1520 D SystemServerTiming: StartSamplingProfilerService took to complete: 13ms
08-09 19:17:21.267  1520  1520 I SystemServer: StartNetworkTimeUpdateService
08-09 19:17:21.269  1520  1520 D SystemServerTiming: StartNetworkTimeUpdateService took to complete: 2ms
08-09 19:17:21.270  1520  1520 I SystemServer: StartCommonTimeManagementService
08-09 19:17:21.276  1520  1520 D SystemServerTiming: StartCommonTimeManagementService took to complete: 6ms
08-09 19:17:21.276  1520  1520 I SystemServer: CertBlacklister
08-09 19:17:21.279  1520  1520 D SystemServerTiming: CertBlacklister took to complete: 3ms
08-09 19:17:21.279  1520  1520 I SystemServer: StartEmergencyAffordanceService
08-09 19:17:21.279  1520  1520 I SystemServiceManager: Starting com.android.server.emergency.EmergencyAffordanceService
08-09 19:17:21.282  1520  1520 D SystemServerTiming: StartEmergencyAffordanceService took to complete: 3ms
08-09 19:17:21.282  1520  1520 I SystemServer: StartDreamManager
08-09 19:17:21.282  1520  1520 I SystemServiceManager: Starting com.android.server.dreams.DreamManagerService
08-09 19:17:21.285  1520  1520 D SystemServerTiming: StartDreamManager took to complete: 2ms
08-09 19:17:21.285  1520  1520 I SystemServer: AddGraphicsStatsService
08-09 19:17:21.286  1520  1520 D SystemServerTiming: AddGraphicsStatsService took to complete: 1ms
08-09 19:17:21.290  1520  1520 I SystemServer: StartPrintManager
08-09 19:17:21.291  1520  1520 I SystemServiceManager: Starting com.android.server.print.PrintManagerService
08-09 19:17:21.293  1520  1520 D SystemServerTiming: StartPrintManager took to complete: 3ms
08-09 19:17:21.294  1520  1520 I SystemServer: StartRestrictionManager
08-09 19:17:21.294  1520  1520 I SystemServiceManager: Starting com.android.server.restrictions.RestrictionsManagerService
08-09 19:17:21.296  1520  1520 D SystemServerTiming: StartRestrictionManager took to complete: 2ms
08-09 19:17:21.296  1520  1520 I SystemServer: StartMediaSessionService
08-09 19:17:21.296  1520  1520 I SystemServiceManager: Starting com.android.server.media.MediaSessionService
08-09 19:17:21.301  1520  1520 D SystemServerTiming: StartMediaSessionService took to complete: 5ms
08-09 19:17:21.301  1520  1520 I SystemServer: StartMediaResourceMonitor
08-09 19:17:21.301  1520  1520 I SystemServiceManager: Starting com.android.server.media.MediaResourceMonitorService
08-09 19:17:21.302  1520  1520 D SystemServerTiming: StartMediaResourceMonitor took to complete: 1ms
08-09 19:17:21.303  1520  1520 I SystemServer: StartMediaRouterService
08-09 19:17:21.308  1520  1520 D SystemServerTiming: StartMediaRouterService took to complete: 4ms
08-09 19:17:21.308  1520  1520 I SystemServer: StartFingerprintSensor
08-09 19:17:21.309  1520  1520 I SystemServiceManager: Starting com.android.server.fingerprint.FingerprintService
08-09 19:17:21.312  1520  1533 D SystemServerInitThreadPool: Started executing FingerprintService.onStart
08-09 19:17:21.313  1520  1533 V FingerprintService: mDeamon was null, reconnect to fingerprint
08-09 19:17:21.316  1520  1533 V FingerprintService: Fingerprint HAL id: 3058864128
08-09 19:17:21.316  1417  1417 D FingerprintHal: ----------------> fingerprint_set_active_group -----------------> path /data/system/users/0/fpdata
08-09 19:17:21.316  1417  1417 D FingerprintHal: ----------------> loadFingerprints ----------------->
08-09 19:17:21.317  1520  1520 D SystemServerTiming: StartFingerprintSensor took to complete: 9ms
08-09 19:17:21.317  1520  1520 I SystemServer: StartBackgroundDexOptService
08-09 19:17:21.317  1417  1417 E FingerprintHal: Could not load fingerprints from storage at /data/system/users/0/fpdata/emufp.bin; it has not yet been created.
08-09 19:17:21.317  1417  1417 D FingerprintHal: ----------------> loadAuthenticatorId ----------------->
08-09 19:17:21.318  1417  1417 D FingerprintHal: Read authenticator id (0x6b8b4567327b23c6)
08-09 19:17:21.322  1520  1533 D SystemServerInitThreadPool: Finished executing FingerprintService.onStart
08-09 19:17:21.323  1520  1520 D SystemServerTiming: StartBackgroundDexOptService took to complete: 6ms
08-09 19:17:21.324  1520  1520 I SystemServer: StartPruneInstantAppsJobService
08-09 19:17:21.325  1520  1520 D SystemServerTiming: StartPruneInstantAppsJobService took to complete: 1ms
08-09 19:17:21.325  1520  1520 I SystemServer: StartShortcutServiceLifecycle
08-09 19:17:21.325  1520  1520 I SystemServiceManager: Starting com.android.server.pm.ShortcutService$Lifecycle
08-09 19:17:21.328  1520  1520 D SystemServerTiming: StartShortcutServiceLifecycle took to complete: 3ms
08-09 19:17:21.328  1520  1520 I SystemServer: StartLauncherAppsService
08-09 19:17:21.328  1520  1520 I SystemServiceManager: Starting com.android.server.pm.LauncherAppsService
08-09 19:17:21.329  1520  1520 D SystemServerTiming: StartLauncherAppsService took to complete: 1ms
08-09 19:17:21.329  1520  1520 I SystemServer: StartMediaProjectionManager
08-09 19:17:21.329  1520  1520 I SystemServiceManager: Starting com.android.server.media.projection.MediaProjectionManagerService
08-09 19:17:21.342  1520  1520 D SystemServerTiming: StartMediaProjectionManager took to complete: 13ms
08-09 19:17:21.343  1520  1520 I SystemServer: StartJitCompilation
08-09 19:17:21.343  1520  1520 D SystemServerTiming: StartJitCompilation took to complete: 0ms
08-09 19:17:21.343  1520  1520 I SystemServer: StartMmsService
08-09 19:17:21.343  1520  1520 I SystemServiceManager: Starting com.android.server.MmsServiceBroker
08-09 19:17:21.345  1520  1520 D SystemServerTiming: StartMmsService took to complete: 2ms
08-09 19:17:21.345  1520  1520 I SystemServer: StartRetailDemoModeService
08-09 19:17:21.345  1520  1520 I SystemServiceManager: Starting com.android.server.retaildemo.RetailDemoModeService
08-09 19:17:21.347  1520  1617 I ServiceThread: Enabled StrictMode logging for RetailDemoModeService looper.
08-09 19:17:21.348  1520  1520 D SystemServerTiming: StartRetailDemoModeService took to complete: 3ms
08-09 19:17:21.348  1520  1520 I SystemServer: StartAutoFillService
08-09 19:17:21.348  1520  1520 I SystemServiceManager: Starting com.android.server.autofill.AutofillManagerService
08-09 19:17:21.349  1520  1520 I AutofillManagerService: Setting debug to true
08-09 19:17:21.353  1520  1520 D SystemServerTiming: StartAutoFillService took to complete: 5ms
08-09 19:17:21.354  1520  1520 I SystemServer: MakeVibratorServiceReady
08-09 19:17:21.357  1520  1520 D SystemServerTiming: MakeVibratorServiceReady took to complete: 3ms
08-09 19:17:21.357  1520  1520 I SystemServer: MakeLockSettingsServiceReady
08-09 19:17:21.383  1520  1520 E LockSettingsStorage: Cannot read file java.io.FileNotFoundException: /data/system/gatekeeper.password.key: open failed: ENOENT (No such file or directory)
08-09 19:17:21.383  1520  1520 E LockSettingsStorage: Cannot read file java.io.FileNotFoundException: /data/system/password.key: open failed: ENOENT (No such file or directory)
08-09 19:17:21.383  1520  1520 E LockSettingsStorage: Cannot read file java.io.FileNotFoundException: /data/system/gatekeeper.pattern.key: open failed: ENOENT (No such file or directory)
08-09 19:17:21.384  1520  1520 E LockSettingsStorage: Cannot read file java.io.FileNotFoundException: /data/system/gatekeeper.gesture.key: open failed: ENOENT (No such file or directory)
08-09 19:17:21.384  1520  1520 E LockSettingsStorage: Cannot read file java.io.FileNotFoundException: /data/system/gesture.key: open failed: ENOENT (No such file or directory)
08-09 19:17:21.384  1520  1520 D SystemServerTiming: MakeLockSettingsServiceReady took to complete: 27ms
08-09 19:17:21.385  1520  1520 I SystemServer: StartBootPhaseLockSettingsReady
08-09 19:17:21.385  1520  1520 I SystemServiceManager: Starting phase 480
08-09 19:17:21.416  1520  1520 I DevicePolicyManager: Set ro.device_owner property to false
08-09 19:17:21.419  1520  1520 D SystemServerTiming: StartBootPhaseLockSettingsReady took to complete: 34ms
08-09 19:17:21.419  1520  1520 I SystemServer: StartBootPhaseSystemServicesReady
08-09 19:17:21.419  1520  1520 I SystemServiceManager: Starting phase 500
08-09 19:17:21.426  1520  1520 W UsageStatsService: Missing procfs interface: /proc/uid_procstat/set
08-09 19:17:21.427  1520  1520 I VrManagerService: No default vr listener service found.
08-09 19:17:21.432  1520  1520 I WifiService: WifiService starting up with Wi-Fi disabled
08-09 19:17:21.458  1520  1520 D ZenLog  : config: cleanUpZenRules,ZenModeConfig[user=0,allowCalls=true,allowRepeatCallers=false,allowMessages=false,allowCallsFrom=contacts,allowMessagesFrom=contacts,allowReminders=true,allowEvents=true,allowWhenScreenOff=true,allowWhenScreenOn=true,automaticRules={07f63f27cf0e40ac8b9acca93aac5fbe=ZenRule[enabled=false,snoozing=false,name=Weeknight,zenMode=ZEN_MODE_ALARMS,conditionId=condition://android/schedule?days=1.2.3.4.5&start=22.0&end=7.0&exitAtAlarm=false,condition=Condition[id=condition://android/schedule?days=1.2.3.4.5&start=22.0&end=7.0&exitAtAlarm=false,summary=...,line1=...,line2=...,icon=0,state=STATE_FALSE,flags=2],component=ComponentInfo{android/com.android.server.notification.ScheduleConditionProvider},id=07f63f27cf0e40ac8b9acca93aac5fbe,creationTime=1500625211848,enabler=null], 2bc6a3d9c2c9465a9bd0c74ad5a7d63d=ZenRule[enabled=false,snoozing=false,name=Weekend,zenMode=ZEN_MODE_ALARMS,conditionId=condition://android/schedule?days=6.7&start=23.30&end=10.0&exitAtAlarm=false,condition=Condition[id=condition://android/schedule?days=6.7&start=23.30&end=10.0&exitAtAlarm=false,summary=...,line1=...,line2=...,icon=0,state=STATE_FALSE,flags=2],component=ComponentInfo{android/com.android.server.notification.ScheduleConditionProvider},id=2bc6a3d9c2c9465a9bd0c74ad5a7d63d,creationTime=1500625211848,enabler=null], 45b5ff5e63a84ae7b6c5c12d83538e48=ZenRule[enabled=false,snoozing=false,name=Event,zenMode=ZEN_MODE_ALARMS,conditionId=condition://android/event?userId=-10000&calendar=&reply=1,condition=Condition[id=condition://android/event?userId=-10000&calendar=&reply=1,summary=...,line1=...,line2=...,icon=0,state=STATE_FALSE,flags=2],component=ComponentInfo{android/com.android.server.notification.EventConditionProvider},id=45b5ff5e63a84ae7b6c5c12d83538e48,creationTime=1500625211849,enabler=null]},manualRule=null],Diff[]
08-09 19:17:21.458  1520  1520 D ZenLog  : set_zen_mode: off,onSystemReady
08-09 19:17:21.460  1395  1476 D PermissionCache: checking android.permission.CAPTURE_AUDIO_HOTWORD for uid=1000 => granted (248 us)
08-09 19:17:21.461  1520  1520 W SoundTriggerHelper: listModules status=0, # of modules=0
08-09 19:17:21.464  1520  1520 D SystemServerTiming: StartBootPhaseSystemServicesReady took to complete: 45ms
08-09 19:17:21.464  1520  1520 I SystemServer: MakeWindowManagerServiceReady
08-09 19:17:21.474  1520  1520 D SystemServerTiming: MakeWindowManagerServiceReady took to complete: 10ms
08-09 19:17:21.475  1520  1520 I SystemServer: MakePowerManagerServiceReady
08-09 19:17:21.490  1520  1544 D BatteryStatsService: begin noteScreenState
08-09 19:17:21.491  1520  1544 D BatteryStatsService: end noteScreenState
08-09 19:17:21.491  1520  1544 W KeyguardServiceDelegate: onScreenTurningOn(): no keyguard service!
08-09 19:17:21.492  1520  1544 I VrManagerService: VR mode is allowed
08-09 19:17:21.493  1520  1520 D SystemServerTiming: MakePowerManagerServiceReady took to complete: 18ms
08-09 19:17:21.493  1520  1520 I SystemServer: MakePackageManagerServiceReady
08-09 19:17:21.496  1520  1520 V UserDataPreparer: Found /data/user_de/0 with serial number 0
08-09 19:17:21.497  1520  1520 V UserDataPreparer: Found /data/user/0 with serial number 0
08-09 19:17:21.497  1520  1520 V UserDataPreparer: Found /data/system_de/0 with serial number 0
08-09 19:17:21.497  1520  1520 V UserDataPreparer: Found /data/system_ce/0 with serial number 0
08-09 19:17:21.497  1520  1520 V UserDataPreparer: Found /data/misc_ce/0 with serial number 0
08-09 19:17:21.498  1520  1520 D SystemServerTiming: MakePackageManagerServiceReady took to complete: 5ms
08-09 19:17:21.498  1520  1520 I SystemServer: MakeDisplayManagerServiceReady
08-09 19:17:21.500  1520  1520 D SystemServerTiming: MakeDisplayManagerServiceReady took to complete: 2ms
08-09 19:17:21.503  1520  1520 I ActivityManager: System now ready
08-09 19:17:21.508  1520  1520 I ActivityManager: Config changes=104 {1.0 ?mcc?mnc [zh_CN_#Hans,en_US] ldltr sw411dp w411dp h659dp 420dpi nrml port finger -keyb/v/h -nav/h appBounds=Rect(0, 0 - 1080, 1794) s.8}
08-09 19:17:21.518  1520  1520 I ActivityManager: Override config changes=104 {1.0 ?mcc?mnc [zh_CN_#Hans,en_US] ldltr sw411dp w411dp h659dp 420dpi nrml port finger -keyb/v/h -nav/h appBounds=Rect(0, 0 - 1080, 1794) s.8} for displayId=0
08-09 19:17:21.521  1520  1542 I ActivityManager: Config changes=100 {1.0 ?mcc?mnc [zh_CN_#Hans,en_US] ldltr sw411dp w411dp h659dp 420dpi nrml port finger -keyb/v/h -nav/h appBounds=Rect(0, 0 - 1080, 1794) s.9}
08-09 19:17:21.522  1520  1542 I ActivityManager: Override config changes=100 {1.0 ?mcc?mnc [zh_CN_#Hans,en_US] ldltr sw411dp w411dp h659dp 420dpi nrml port finger -keyb/v/h -nav/h appBounds=Rect(0, 0 - 1080, 1794) s.9} for displayId=0
08-09 19:17:21.530  1520  1520 I SystemServer: Making services ready
08-09 19:17:21.531  1520  1520 I SystemServer: StartActivityManagerReadyPhase
08-09 19:17:21.531  1520  1520 I SystemServiceManager: Starting phase 550
08-09 19:17:21.611  1520  1520 I ActivityManager: Start proc 1622:com.android.inputmethod.latin/u0a56 for service com.android.inputmethod.latin/.LatinIME
08-09 19:17:21.612  1520  1590 D StorageManagerService: Thinking about init, mSystemReady=true, mDaemonConnected=true
08-09 19:17:21.612  1520  1590 D StorageManagerService: Setting up emulation state, initlocked=false
08-09 19:17:21.613  1520  1590 D CryptdConnector: SND -> {2 cryptfs unlock_user_key 0 0 ! !}
08-09 19:17:21.613  1520  1520 W WallpaperManagerService: Invalid wallpaper data
08-09 19:17:21.613  1520  1520 E WallpaperManagerService: Unable to apply new wallpaper
08-09 19:17:21.613  1520  1520 V WallpaperManagerService: bindWallpaperComponentLocked: componentName=null
08-09 19:17:21.613  1520  1520 V WallpaperManagerService: No default component; using image wallpaper
08-09 19:17:21.614  1265  1271 D vold    : e4crypt_unlock_user_key 0 serial=0 token_present=0
08-09 19:17:21.616  1520  1592 D CryptdConnector: RCV <- {200 2 Command succeeded}
08-09 19:17:21.616  1520  1590 D StorageManagerService: Thinking about reset, mSystemReady=true, mDaemonConnected=true
08-09 19:17:21.617  1520  1590 D VoldConnector: SND -> {3 volume reset}
08-09 19:17:21.617  1265  1270 D vold    : Recognized experimental block major ID 253 as virtio-blk (emulator's virtual SD card device)
08-09 19:17:21.617  1265  1270 V vold    : /system/bin/sgdisk
08-09 19:17:21.617  1265  1270 V vold    :     --android-dump
08-09 19:17:21.617  1265  1270 V vold    :     /dev/block/vold/disk:253,64
08-09 19:17:21.618  1520  1591 D VoldConnector: RCV <- {651 emulated 7}
08-09 19:17:21.618  1520  1591 D VoldConnector: RCV <- {659 emulated}
08-09 19:17:21.618  1520  1591 D VoldConnector: RCV <- {650 emulated 2 "" ""}
08-09 19:17:21.619  1520  1591 D VoldConnector: RCV <- {651 emulated 0}
08-09 19:17:21.619  1520  1591 D VoldConnector: RCV <- {651 public:253,64 7}
08-09 19:17:21.619  1520  1591 D VoldConnector: RCV <- {659 public:253,64}
08-09 19:17:21.619  1520  1591 D VoldConnector: RCV <- {649 disk:253,64}
08-09 19:17:21.619  1520  1591 D VoldConnector: RCV <- {640 disk:253,64 5}
08-09 19:17:21.619  1520  1591 D VoldConnector: RCV <- {641 disk:253,64 838860800}
08-09 19:17:21.619  1520  1591 D VoldConnector: RCV <- {642 disk:253,64 Virtual}
08-09 19:17:21.621  1520  1540 V StorageManagerService: Found primary storage at VolumeInfo{emulated}:
08-09 19:17:21.621  1520  1540 V StorageManagerService:     type=EMULATED diskId=null partGuid=null mountFlags=0 mountUserId=-1 
08-09 19:17:21.621  1520  1540 V StorageManagerService:     state=UNMOUNTED 
08-09 19:17:21.621  1520  1540 V StorageManagerService:     fsType=null fsUuid=null fsLabel=null 
08-09 19:17:21.621  1520  1540 V StorageManagerService:     path=null internalPath=null 
08-09 19:17:21.622  1622  1622 W zygote  : Unexpected CPU variant for X86 using defaults: x86
08-09 19:17:21.622  1520  1591 D VoldConnector: RCV <- {644 disk:253,64 /sys//devices/pci0000:00/0000:00:07.0/virtio4/block/vde}
08-09 19:17:21.640  1520  1520 I ActivityManager: Start proc 1636:com.android.systemui/u0a27 for service com.android.systemui/.ImageWallpaper
08-09 19:17:21.643  1520  1535 I ActivityManager: Force stopping com.android.providers.media appid=10007 user=-1: vold reset
08-09 19:17:21.647  1520  1520 D UsbAlsaManager: Adding ALSA device AlsaDevice: [card: 0, device: 0, type: 1]
08-09 19:17:21.647  1520  1520 D UsbAlsaManager: Adding ALSA device AlsaDevice: [card: 0, device: 0, type: 2]
08-09 19:17:21.648  1520  1520 D SystemServerTiming: StartActivityManagerReadyPhase took to complete: 117ms
08-09 19:17:21.648  1520  1520 I SystemServer: StartObservingNativeCrashes
08-09 19:17:21.649  1520  1612 I chatty  : uid=1000(system) AudioService expire 2 lines
08-09 19:17:21.649  1520  1520 D SystemServerTiming: StartObservingNativeCrashes took to complete: 1ms
08-09 19:17:21.650  1520  1574 D SystemServerInitThreadPool: Started executing WebViewFactoryPreparation
08-09 19:17:21.650  1520  1574 I SystemServer: WebViewFactoryPreparation
08-09 19:17:21.651  1520  1520 I SystemServer: StartSystemUI
08-09 19:17:21.654  1520  1520 D SystemServerTiming: StartSystemUI took to complete: 3ms
08-09 19:17:21.654  1520  1520 I SystemServer: MakeNetworkScoreReady
08-09 19:17:21.660  1395  1476 I AudioFlinger: systemReady
08-09 19:17:21.664  1520  1520 D SystemServerTiming: MakeNetworkScoreReady took to complete: 9ms
08-09 19:17:21.664  1520  1520 I SystemServer: MakeNetworkManagementServiceReady
08-09 19:17:21.667  1636  1636 W zygote  : Unexpected CPU variant for X86 using defaults: x86
08-09 19:17:21.670  1520  1520 D NetworkManagement: enabling bandwidth control
08-09 19:17:21.676  1265  1270 V vold    : DISK mbr
08-09 19:17:21.676  1265  1270 V vold    : 
08-09 19:17:21.676  1265  1270 W vold    : disk:253,64 has unknown partition table; trying entire device
08-09 19:17:21.676  1265  1270 V vold    : /system/bin/blkid
08-09 19:17:21.676  1265  1270 V vold    :     -c
08-09 19:17:21.677  1265  1270 V vold    :     /dev/null
08-09 19:17:21.677  1265  1270 V vold    :     -s
08-09 19:17:21.677  1265  1270 V vold    :     TYPE
08-09 19:17:21.677  1265  1270 V vold    :     -s
08-09 19:17:21.677  1265  1270 V vold    :     UUID
08-09 19:17:21.677  1265  1270 V vold    :     -s
08-09 19:17:21.677  1265  1270 V vold    :     LABEL
08-09 19:17:21.677  1265  1270 V vold    :     /dev/block/vold/disk:253,64
08-09 19:17:21.696  1520  1520 D SystemServerTiming: MakeNetworkManagementServiceReady took to complete: 32ms
08-09 19:17:21.696  1520  1520 I SystemServer: MakeIpSecServiceReady
08-09 19:17:21.697  1520  1520 D IpSecService: IpSecService is ready
08-09 19:17:21.697  1520  1520 D SystemServerTiming: MakeIpSecServiceReady took to complete: 1ms
08-09 19:17:21.697  1520  1520 I SystemServer: MakeNetworkStatsServiceReady
08-09 19:17:21.715  1520  1596 D NetworkPolicy: setRestrictBackgroundUL(): false
08-09 19:17:21.718  1520  1574 I ActivityManager: Start proc 1657:WebViewLoader-x86/1037 [android.webkit.WebViewFactory$RelroFileCreator] for 
08-09 19:17:21.720  1657  1657 W zygote  : Unexpected CPU variant for X86 using defaults: x86
08-09 19:17:21.722  1265  1270 V vold    : /dev/block/vold/disk:253,64: LABEL="SDCARD" UUID="0BE2-1C15" TYPE="vfat" 
08-09 19:17:21.722  1265  1270 V vold    : 
08-09 19:17:21.724  1520  1591 D VoldConnector: RCV <- {650 public:253,64 0 "disk:253,64" ""}
08-09 19:17:21.726  1520  1591 D VoldConnector: RCV <- {651 public:253,64 0}
08-09 19:17:21.727  1520  1596 I chatty  : uid=1000(system) NetworkPolicy expire 1 line
08-09 19:17:21.728  1520  1591 D VoldConnector: RCV <- {643 disk:253,64}
08-09 19:17:21.730  1520  1574 D SystemServerTimingAsync: WebViewFactoryPreparation took to complete: 79ms
08-09 19:17:21.730  1520  1574 D SystemServerInitThreadPool: Finished executing WebViewFactoryPreparation
08-09 19:17:21.730  1520  1591 D VoldConnector: RCV <- {200 3 Command succeeded}
08-09 19:17:21.731  1520  1590 D VoldConnector: SND -> {4 volume user_added 0 0}
08-09 19:17:21.739  1657  1657 V WebViewFactory: RelroFileCreator (64bit = false),  32-bit lib: /system/app/Chrome/Chrome.apk!/lib/x86/libmonochrome.so, 64-bit lib: 
08-09 19:17:21.755  1520  1591 D VoldConnector: RCV <- {200 4 Command succeeded}
08-09 19:17:21.773  1520  1531 W ActivityManager: Slow operation: 55ms so far, now at attachApplicationLocked: after mServices.attachApplicationLocked
08-09 19:17:21.781  1520  1590 D VoldConnector: SND -> {5 volume mount emulated 3 -1}
08-09 19:17:21.782  1265  1270 V vold    : Waiting for FUSE to spin up...
08-09 19:17:21.785  1520  1520 D SystemServerTiming: MakeNetworkStatsServiceReady took to complete: 88ms
08-09 19:17:21.785  1520  1520 I SystemServer: MakeConnectivityServiceReady
08-09 19:17:21.786  1520  1591 D VoldConnector: RCV <- {651 emulated 1}
08-09 19:17:21.790  1520  1591 D VoldConnector: RCV <- {656 emulated /data/media}
08-09 19:17:21.790  1520  1591 D VoldConnector: RCV <- {655 emulated /storage/emulated}
08-09 19:17:21.818  1673  1673 W /system/bin/sdcard: Device explicitly enabled sdcardfs
08-09 19:17:21.823  1520  1520 D SystemServerTiming: MakeConnectivityServiceReady took to complete: 38ms
08-09 19:17:21.823  1520  1520 I SystemServer: MakeNetworkPolicyServiceReady
08-09 19:17:21.825  1403  1403 I OMXClient: Treble IOmx obtained
08-09 19:17:21.828  1403  1403 I OMXClient: Treble IOmx obtained
08-09 19:17:21.828  1408  1469 I OMXMaster: makeComponentInstance(OMX.google.mp3.decoder) in omx@1.0-service process
08-09 19:17:21.834  1520  1591 D VoldConnector: RCV <- {651 emulated 2}
08-09 19:17:21.841  1520  1591 D VoldConnector: RCV <- {200 5 Command succeeded}
08-09 19:17:21.845  1403  1403 I OMXClient: Treble IOmx obtained
08-09 19:17:21.845  1408  1473 I OMXMaster: makeComponentInstance(OMX.google.amrnb.decoder) in omx@1.0-service process
08-09 19:17:21.848  1520  1590 D VoldConnector: SND -> {6 volume mount public:253,64 2 0}
08-09 19:17:21.849  1265  1270 V vold    : /system/bin/blkid
08-09 19:17:21.849  1265  1270 V vold    :     -c
08-09 19:17:21.849  1265  1270 V vold    :     /dev/null
08-09 19:17:21.849  1265  1270 V vold    :     -s
08-09 19:17:21.849  1265  1270 V vold    :     TYPE
08-09 19:17:21.849  1265  1270 V vold    :     -s
08-09 19:17:21.849  1265  1270 V vold    :     UUID
08-09 19:17:21.849  1265  1270 V vold    :     -s
08-09 19:17:21.849  1265  1270 V vold    :     LABEL
08-09 19:17:21.849  1265  1270 V vold    :     /dev/block/vold/public:253,64
08-09 19:17:21.849  1520  1591 D VoldConnector: RCV <- {651 public:253,64 1}
08-09 19:17:21.864  1403  1403 I OMXClient: Treble IOmx obtained
08-09 19:17:21.865  1408  1473 I OMXMaster: makeComponentInstance(OMX.google.amrwb.decoder) in omx@1.0-service process
08-09 19:17:21.883  1403  1403 I OMXClient: Treble IOmx obtained
08-09 19:17:21.883  1408  1469 I OMXMaster: makeComponentInstance(OMX.google.aac.decoder) in omx@1.0-service process
08-09 19:17:21.790  1673  1673 W sdcard  : type=1400 audit(0.0:24): avc: granted { getattr } for path="/vendor" dev="rootfs" ino=4221 scontext=u:r:sdcardd:s0 tcontext=u:object_r:rootfs:s0 tclass=lnk_file
08-09 19:17:21.902  1520  1520 D SystemServerTiming: MakeNetworkPolicyServiceReady took to complete: 79ms
08-09 19:17:21.902  1520  1520 I SystemServer: StartWatchdog
08-09 19:17:21.904  1520  1520 D SystemServerTiming: StartWatchdog took to complete: 0ms
08-09 19:17:21.904  1520  1520 I SystemServer: PhaseThirdPartyAppsCanStart
08-09 19:17:21.904  1520  1520 I SystemServiceManager: Starting phase 600
08-09 19:17:21.914  1520  1520 V NotificationListeners: enabling notification listener for 0: ComponentInfo{com.google.android.apps.nexuslauncher/com.android.launcher3.notification.NotificationListener}
08-09 19:17:21.916  1520  1520 W ActivityManager: Unable to start service Intent { act=android.service.notification.NotificationListenerService cmp=com.google.android.apps.nexuslauncher/com.android.launcher3.notification.NotificationListener } U=0: not found
08-09 19:17:21.917  1520  1520 W NotificationListeners: Unable to bind notification listener service: Intent { act=android.service.notification.NotificationListenerService cmp=com.google.android.apps.nexuslauncher/com.android.launcher3.notification.NotificationListener (has extras) }
08-09 19:17:21.918  1520  1520 V WallpaperManagerService: bindWallpaperComponentLocked: componentName=ComponentInfo{com.android.systemui/com.android.systemui.ImageWallpaper}
08-09 19:17:21.922  1265  1270 V vold    : /dev/block/vold/public:253,64: LABEL="SDCARD" UUID="0BE2-1C15" TYPE="vfat" 
08-09 19:17:21.922  1265  1270 V vold    : 
08-09 19:17:21.938  1265  1270 V vold    : /system/bin/fsck_msdos
08-09 19:17:21.938  1265  1270 V vold    :     -p
08-09 19:17:21.938  1265  1270 V vold    :     -f
08-09 19:17:21.938  1265  1270 V vold    :     /dev/block/vold/public:253,64
08-09 19:17:21.939  1520  1591 D VoldConnector: RCV <- {652 public:253,64 vfat}
08-09 19:17:21.939  1520  1591 D VoldConnector: RCV <- {653 public:253,64 0BE2-1C15}
08-09 19:17:21.939  1520  1591 D VoldConnector: RCV <- {654 public:253,64 SDCARD}
08-09 19:17:21.952  1403  1403 I OMXClient: Treble IOmx obtained
