08-09 19:17:30.781  1520  1532 I ActivityManager: Start proc 3390:com.google.android.videos/u0a70 for broadcast com.google.android.videos/.service.drm.RefreshLicenseTaskService$Initializer
08-09 19:17:30.785  2220  2220 I WearableService: Wear is not allowed to run on this device. Not starting Wear service.
08-09 19:17:30.787  2220  2220 D WearableService: callingUid 10013, callindPid: 2220
08-09 19:17:30.795  3361  3361 E VMSG    : RegisterNatives OnUserCommand1
08-09 19:17:30.804  3361  3361 W DeviceId: galaxy lib host missing meta-data,make sure you know the right way to integrate galaxy
08-09 19:17:30.804  3361  3361 I chatty  : uid=10092(u0_a92) com.yj.shopapp identical 1 line
08-09 19:17:30.804  3361  3361 W DeviceId: galaxy lib host missing meta-data,make sure you know the right way to integrate galaxy
08-09 19:17:30.815  2841  2841 I CmaSystemUpdateService: connectivity change: Intent { act=android.net.conn.CONNECTIVITY_CHANGE flg=0x4000010 (has extras) }
08-09 19:17:30.815  2841  2841 I CmaSystemUpdateService: receiver: Intent { act=android.net.conn.CONNECTIVITY_CHANGE flg=0x4000010 (has extras) }
08-09 19:17:30.825  3252  3252 I Babel_ConcService: Binding ConcurrentService
08-09 19:17:30.825  2841  3385 I SystemUpdateTask: cancelUpdate (empty URL)
08-09 19:17:30.825  2841  3385 I CmaSystemUpdateService: active receiver: disabled
08-09 19:17:30.864  2841  3333 E MDM     : [209] vnc.a: Couldn't connect to Google API client: jyg{statusCode=API_UNAVAILABLE, resolution=null, message=null}
08-09 19:17:30.868  3361  3361 D auth info: mcode: 03:32:89:59:2A:D4:1A:5E:0F:6A:DC:3F:7D:4E:E1:C1:DB:71:67:68;com.yj.shopapp
08-09 19:17:30.873  3390  3399 E zygote  : Failed writing handshake bytes (-1 of 14): Broken pipe
08-09 19:17:30.873  3390  3399 I zygote  : Debugger is no longer active
08-09 19:17:30.889  3408  3408 I /system/bin/uncrypt: [libfs_mgr]fs_mgr_read_fstab_dt(): failed to read fstab from dt
08-09 19:17:30.903  3252  3397 I Babel_ConcService: Scheduling delay with GcmNetworkManager of 237548 s for task fvsaccount_reg_renewal_38327_7 and tag network_connectivity_wakeup:persisted
08-09 19:17:30.925  3252  3397 I Babel_ConcService: Scheduling delay with GcmNetworkManager of 3604 s for task fylDB_CLEANUP_47972_2 and tag :persisted
08-09 19:17:30.943  2220  2236 I zygote  : Background concurrent copying GC freed 20580(1629KB) AllocSpace objects, 2(40KB) LOS objects, 49% free, 4MB/8MB, paused 501us total 169.794ms
08-09 19:17:31.014  3252  3397 I Babel_ConcService: Scheduling delay with GcmNetworkManager of 3599 s for task fylDB_CLEANUP_42677_2 and tag :persisted
08-09 19:17:31.021  3252  3421 I Babel_ConcService: Acquired partial wake lock to keep ConcurrentService alive
08-09 19:17:31.046  3390  3390 I MultiDex: VM with version 2.1.0 has multidex support
08-09 19:17:31.046  3390  3390 I MultiDex: install
08-09 19:17:31.046  3390  3390 I MultiDex: VM has multidex support, MultiDex support library is disabled.
08-09 19:17:31.083  3252  3421 D Babel_SmsDepUtil: imp:-1:3602
08-09 19:17:31.083  3252  3421 D Babel_SmsDep: disabled
08-09 19:17:31.180  3252  3429 I Babel_ConcService: Released partial wake lock as ConcurrentService became idle
08-09 19:17:31.196  2841  3180 I MS_RegisterService: Throttling registration.
08-09 19:17:31.198  3361  3424 D NetworkSecurityConfig: No Network Security Config specified, using platform default
08-09 19:17:31.264  2841  3162 I Vision  : Engine already satisfied by existing download for ocr
08-09 19:17:31.267  2220  3126 I GCoreUlr: Starting service, intent=Intent { act=com.google.android.location.reporting.ACTION_UPDATE_WORLD cmp=com.google.android.gms/com.google.android.location.reporting.service.DispatchingService (has extras) }, extras=Bundle[{receiverAction=android.intent.action.BOOT_COMPLETED}]
08-09 19:17:31.288  2220  2220 E BluetoothAdapter: Bluetooth binder is null
08-09 19:17:31.301  1520  1742 D PackageManager: Ephemeral installer not found with new action; try old one
08-09 19:17:31.301  1520  1742 D PackageManager: Clear ephemeral installer activity
08-09 19:17:31.302  1520  3358 D PackageManager: Ephemeral installer not found with new action; try old one
08-09 19:17:31.302  1520  3358 D PackageManager: Clear ephemeral installer activity
08-09 19:17:31.425  3361  3373 I zygote  : NativeAllocBackground concurrent copying GC freed 13686(2MB) AllocSpace objects, 5(100KB) LOS objects, 50% free, 1502KB/2MB, paused 2.097ms total 167.535ms
08-09 19:17:31.430  3361  3367 I zygote  : Do partial code cache collection, code=28KB, data=30KB
08-09 19:17:31.435  3361  3367 I zygote  : After code cache collection, code=28KB, data=30KB
08-09 19:17:31.439  3361  3367 I zygote  : Increasing code cache capacity to 128KB
08-09 19:17:31.443  3361  3361 I WebViewFactory: Loading com.android.chrome version 58.0.3029.121 (code 303012112)
08-09 19:17:31.469  2220  2605 I GCoreUlr: WorldUpdater received intent Intent { act=com.google.android.location.reporting.ACTION_UPDATE_WORLD cmp=com.google.android.gms/com.google.android.location.reporting.service.DispatchingService (has extras) } with receiverAction android.intent.action.BOOT_COMPLETED
08-09 19:17:31.515  3361  3361 I cr_LibraryLoader: Time to load native libraries: 12 ms (timestamps 3580-3592)
08-09 19:17:31.562  2220  2220 E BluetoothAdapter: Bluetooth binder is null
08-09 19:17:31.565  2220  2605 I GCoreUlr: WorldUpdater:android.intent.action.BOOT_COMPLETED: Ensuring that reporting is stopped because of reasons: (no Google accounts)
08-09 19:17:31.569  3361  3361 I chromium: [INFO:library_loader_hooks.cc(140)] Chromium logging enabled: level = 0, default verbosity = 0
08-09 19:17:31.570  3361  3361 I cr_LibraryLoader: Expected native library version number "58.0.3029.121", actual native library version number "58.0.3029.121"
08-09 19:17:31.565  2220  2220 E BluetoothAdapter: Bluetooth binder is null
08-09 19:17:31.582  2220  2220 W Nearby  : Bind call too late - someone already tried to get: interface atlo
08-09 19:17:31.587  3361  3478 W cr_ChildProcLauncher: Create a new ChildConnectionAllocator with package name = com.android.chrome, inSandbox = true
08-09 19:17:31.600  3361  3361 I cr_BrowserStartup: Initializing chromium process, singleProcess=false
08-09 19:17:31.627  2220  2739 I GCoreUlr: Starting service, intent=Intent { act=com.google.android.location.reporting.ACTION_UPDATE_WORLD cmp=com.google.android.gms/com.google.android.location.reporting.service.DispatchingService (has extras) }, extras=Bundle[{receiverAction=com.google.android.location.reporting.PHENOTYPE_FLAGS_CHANGED}]
08-09 19:17:31.628  3361  3367 I zygote  : Do partial code cache collection, code=59KB, data=46KB
08-09 19:17:31.628  3361  3367 I zygote  : After code cache collection, code=59KB, data=45KB
08-09 19:17:31.628  3361  3367 I zygote  : Increasing code cache capacity to 256KB
08-09 19:17:31.637  3484  3484 E /system/bin/webview_zygote32: failed to make and chown /acct/uid_99001: Permission denied
08-09 19:17:31.637  3484  3484 E Zygote  : createProcessGroup(99001, 0) failed: Permission denied
08-09 19:17:31.638  3484  3484 W /system/bin/webview_zygote32: Unexpected CPU variant for X86 using defaults: x86
08-09 19:17:31.642  1520  1768 I ActivityManager: Start proc 3484:com.android.chrome:sandboxed_process0/u0i1 for webview_service com.yj.shopapp/org.chromium.content.app.SandboxedProcessService0
08-09 19:17:31.647  3361  3361 D         : HostConnection::get() New Host Connection established 0x8c15b580, tid 3361
08-09 19:17:31.649  3484  3484 I SamplingProfilerIntegration: Profiling disabled.
08-09 19:17:31.655  2220  2605 I GCoreUlr: Unbound from all location providers
08-09 19:17:31.655  2220  2605 I GCoreUlr: Place inference reporting - stop
08-09 19:17:31.658  3361  3361 D EGL_emulation: eglCreateContext: 0x9cbfda20: maj 3 min 1 rcv 4
08-09 19:17:31.660  3361  3361 D EGL_emulation: eglMakeCurrent: 0x9cbfda20: ver 3 1 (tinfo 0x9ccff710)
08-09 19:17:31.661  3361  3361 E eglCodecCommon: glUtilsParamSize: unknow param 0x000082da
08-09 19:17:31.661  3361  3361 E eglCodecCommon: glUtilsParamSize: unknow param 0x00008cdf
08-09 19:17:31.661  3361  3361 E eglCodecCommon: glUtilsParamSize: unknow param 0x00008824
08-09 19:17:31.669  1520  2491 W ActivityManager: Unable to start service Intent { act=com.android.vending.contentfilters.IContentFiltersService.BIND pkg=com.android.vending } U=0: not found
08-09 19:17:31.695  3514  3514 E asset   : setgid: Operation not permitted
08-09 19:17:31.713  2220  2605 I GCoreUlr: WorldUpdater received intent Intent { act=com.google.android.location.reporting.ACTION_UPDATE_WORLD cmp=com.google.android.gms/com.google.android.location.reporting.service.DispatchingService (has extras) } with receiverAction com.google.android.location.reporting.PHENOTYPE_FLAGS_CHANGED
08-09 19:17:31.722  1520  1742 D ConnectivityService: reportNetworkConnectivity(100, true) by 10013
08-09 19:17:31.733  3484  3484 I cr_ChildProcessService: Creating new ChildProcessService pid=3484
08-09 19:17:31.739  1520  2297 D ConnectivityService: reportNetworkConnectivity(100, true) by 10013
08-09 19:17:31.740  1520  2488 D ConnectivityService: reportNetworkConnectivity(100, true) by 10013
08-09 19:17:31.741  3361  3518 W ResourceType: For resource 0x7f0a0030, entry index(48) is beyond type entryCount(6)
08-09 19:17:31.742  3361  3518 W ResourceType: Failure getting entry for 0x7f0a0030 (t=9 e=48) (error -75)
08-09 19:17:31.742  3361  3518 E GooglePlayServicesUtil: The Google Play services resources were not found. Check your project configuration to ensure that the resources are included.
08-09 19:17:31.720  3484  3484 W dboxed_process0: type=1400 audit(0.0:54): avc: denied { search } for name="tmp" dev="dm-0" ino=36642 scontext=u:r:isolated_app:s0:c512,c768 tcontext=u:object_r:shell_data_file:s0 tclass=dir permissive=0
08-09 19:17:31.765  3390  3390 I PlayMovies: RefreshLicenseTaskService.scheduleLicenseRefreshPeriodicTask:39 Scheduled task refresh_license
08-09 19:17:31.765  3390  3390 I PlayMovies: 
08-09 19:17:31.771  1520  2488 W ActivityManager: Background start not allowed: service Intent { cmp=com.google.android.videos/.service.pinning.TransferService (has extras) } to com.google.android.videos/.service.pinning.TransferService from pid=3390 uid=10070 pkg=com.google.android.videos
08-09 19:17:31.774  3390  3515 D Primes  : Package metric disabled.
08-09 19:17:31.774  3390  3515 D Primes  : Battery metric disabled
08-09 19:17:31.774  3390  3515 D Primes  : MagicEye logging metric disabled
08-09 19:17:31.775  1520  2489 D CryptdConnector: SND -> {9 cryptfs getpwtype}
08-09 19:17:31.776  1265  1271 D VoldCryptCmdListener: cryptfs getpwtype
08-09 19:17:31.776  1520  1592 D CryptdConnector: RCV <- {213 9 default}
08-09 19:17:31.798  3390  3390 I PlayMovies: RefreshLicenseTaskService.forceLicenseRefreshNow:66 Scheduled task now refresh_license_forced
08-09 19:17:31.798  3390  3390 I PlayMovies: 
08-09 19:17:31.811  3390  3499 D PlayMovies: PersistentCache.cleanup:104 Cache is below limit, no need to shrink: [size=0, limit=5242880]
08-09 19:17:31.811  3390  3499 D PlayMovies: 
08-09 19:17:31.819  3390  3390 I PlayMovies: FlushLogsTaskService.scheduleFlushLogsPeriodicTask:34 Scheduled task flush_logs
08-09 19:17:31.819  3390  3390 I PlayMovies: 
08-09 19:17:31.819  1520  1532 I ActivityManager: Finished processing BOOT_COMPLETED for u0
08-09 19:17:31.830  3361  3361 E url     : http://u.19diandian.com/index.php/Appi/logincount
08-09 19:17:31.830  3361  3361 I System.out: key = uid and value = 495
08-09 19:17:31.830  3361  3361 I System.out: url-------http://u.19diandian.com/index.php/Appi/logincount
08-09 19:17:31.831  1520  1532 I ActivityManager: Start proc 3528:com.android.cellbroadcastreceiver/u0a4 for broadcast com.android.cellbroadcastreceiver/.CellBroadcastReceiver
08-09 19:17:31.843  3361  3361 I System.out: =========>uid:495
08-09 19:17:31.848  2220  2605 E GCoreUlr: Bad errorId configuring silent feedback
08-09 19:17:31.848  2220  2605 I GCoreUlr: WorldUpdater:com.google.android.location.reporting.PHENOTYPE_FLAGS_CHANGED: Ensuring that reporting is stopped because of reasons: (no Google accounts)
08-09 19:17:31.853  1520  1646 I ActivityManager: START u0 {cmp=com.yj.shopapp/.ui.activity.shopkeeper.SMainTabActivity} from uid 10092
08-09 19:17:31.854  3528  3528 W zygote  : Unexpected CPU variant for X86 using defaults: x86
08-09 19:17:31.855  1520  1646 V WindowManager: setAppStartingWindow: token=Token{be4a0f4 ActivityRecord{5bf22c7 u0 com.yj.shopapp/.ui.activity.shopkeeper.SMainTabActivity t425}} pkg=com.yj.shopapp transferFrom=Token{dbfc5b2 ActivityRecord{d3d0bbd u0 com.yj.shopapp/.ui.activity.LoginActivity t425}} newTask=false taskSwitch=false processRunning=true allowTaskSnapshot=true
08-09 19:17:31.855  1520  1646 V WindowManager: Checking theme of starting window: 0x7f090096
08-09 19:17:31.855  1520  1646 V WindowManager: Translucent=false Floating=false ShowWallpaper=false
08-09 19:17:31.855  1520  1646 V WindowManager: Moving existing starting Window{7d0ff62 u0 Splash Screen com.yj.shopapp} from AppWindowToken{cb3a6b9 token=Token{dbfc5b2 ActivityRecord{d3d0bbd u0 com.yj.shopapp/.ui.activity.LoginActivity t425}}} to AppWindowToken{a1b101d token=Token{be4a0f4 ActivityRecord{5bf22c7 u0 com.yj.shopapp/.ui.activity.shopkeeper.SMainTabActivity t425}}}
08-09 19:17:31.855  1520  1646 V WindowManager: Removing starting Window{7d0ff62 u0 Splash Screen com.yj.shopapp} from AppWindowToken{cb3a6b9 token=Token{dbfc5b2 ActivityRecord{d3d0bbd u0 com.yj.shopapp/.ui.activity.LoginActivity t425}}}
08-09 19:17:31.855  1520  1646 V WindowManager: Nulling last startingData
08-09 19:17:31.862  2220  2605 I GCoreUlr: Unbound from all location providers
08-09 19:17:31.862  2220  2605 I GCoreUlr: Place inference reporting - stop
08-09 19:17:31.862  3408  3408 I /system/bin/uncrypt: [libfs_mgr]fs_mgr_read_fstab_dt(): failed to read fstab from dt
08-09 19:17:31.862  3408  3408 E /system/bin/uncrypt: failed to clear bootloader message: failed to find /misc partition
08-09 19:17:31.863  1520  1743 E RecoverySystemService: uncrypt failed with status: -1
08-09 19:17:31.864  2841  3385 E SystemUpdateService: Failed to call RecoverySystem.cancelScheduledUpdate
08-09 19:17:31.864  2841  3385 E SystemUpdateService: java.lang.reflect.InvocationTargetException
08-09 19:17:31.864  2841  3385 E SystemUpdateService: 	at java.lang.reflect.Method.invoke(Native Method)
08-09 19:17:31.864  2841  3385 E SystemUpdateService: 	at xku.c(:com.google.android.gms:134)
08-09 19:17:31.864  2841  3385 E SystemUpdateService: 	at afur.d(:com.google.android.gms:10386)
08-09 19:17:31.864  2841  3385 E SystemUpdateService: 	at afur.p(:com.google.android.gms:2178)
08-09 19:17:31.864  2841  3385 E SystemUpdateService: 	at afur.a(:com.google.android.gms:448)
08-09 19:17:31.864  2841  3385 E SystemUpdateService: 	at afur.doInBackground(:com.google.android.gms:10165)
08-09 19:17:31.864  2841  3385 E SystemUpdateService: 	at android.os.AsyncTask$2.call(AsyncTask.java:305)
08-09 19:17:31.864  2841  3385 E SystemUpdateService: 	at java.util.concurrent.FutureTask.run(FutureTask.java:266)
08-09 19:17:31.864  2841  3385 E SystemUpdateService: 	at java.lang.Thread.run(Thread.java:764)
08-09 19:17:31.864  2841  3385 E SystemUpdateService: Caused by: java.io.IOException: cancel scheduled update failed
08-09 19:17:31.864  2841  3385 E SystemUpdateService: 	at android.os.RecoverySystem.cancelScheduledUpdate(RecoverySystem.java:634)
08-09 19:17:31.864  2841  3385 E SystemUpdateService: 	... 9 more
08-09 19:17:31.864  2841  3385 E SystemUpdateTask: exception trying to cancel scheduled update
08-09 19:17:31.864  2841  3385 E SystemUpdateTask: java.io.IOException: Failed to invoke RecoverySystem.cancelScheduledUpdate
08-09 19:17:31.864  2841  3385 E SystemUpdateTask: 	at xku.c(:com.google.android.gms:140)
08-09 19:17:31.864  2841  3385 E SystemUpdateTask: 	at afur.d(:com.google.android.gms:10386)
08-09 19:17:31.864  2841  3385 E SystemUpdateTask: 	at afur.p(:com.google.android.gms:2178)
08-09 19:17:31.864  2841  3385 E SystemUpdateTask: 	at afur.a(:com.google.android.gms:448)
08-09 19:17:31.864  2841  3385 E SystemUpdateTask: 	at afur.doInBackground(:com.google.android.gms:10165)
08-09 19:17:31.864  2841  3385 E SystemUpdateTask: 	at android.os.AsyncTask$2.call(AsyncTask.java:305)
08-09 19:17:31.864  2841  3385 E SystemUpdateTask: 	at java.util.concurrent.FutureTask.run(FutureTask.java:266)
08-09 19:17:31.864  2841  3385 E SystemUpdateTask: 	at java.lang.Thread.run(Thread.java:764)
08-09 19:17:31.865  3408  3408 I /system/bin/uncrypt:   received 0, exiting now
08-09 19:17:31.869  2220  2220 I GCoreUlr: DispatchingService.onDestroy()
08-09 19:17:31.870  2220  2220 I GCoreUlr: Stopping handler for UlrDispSvcFast
08-09 19:17:31.874  3361  3361 E baidumapsdk: Authentication Error errorcode: 230 uid: -1 appid -1 msg: APP Scode
08-09 19:17:31.875  2220  2220 I GCoreUlr: Unbound from all location providers
08-09 19:17:31.875  2220  2220 I GCoreUlr: Place inference reporting - stop
08-09 19:17:31.889  1257  1257 W /system/bin/hwservicemanager: getTransportFromManifest: Cannot find entry android.hardware.drm@1.0::IDrmFactory in either framework or device manifest, using default transport.
08-09 19:17:31.899  1400  1400 I DrmHal  : makeDrmFactories: factory instance default is Remote
08-09 19:17:31.900  1309  1309 D WVCdm   : Instantiating CDM.
08-09 19:17:31.912  2841  3552 I SystemUpdateTask: cancelUpdate (empty URL)
08-09 19:17:31.912  2841  3552 I CmaSystemUpdateService: active receiver: disabled
08-09 19:17:31.913  1309  1309 I WVCdm   : CdmEngine::OpenSession
08-09 19:17:31.913  1309  1309 I WVCdm   : Level3 Library 4464 May  2 2017 11:53:46
08-09 19:17:31.915  3209  3225 W zygote  : Skipping duplicate class check due to unrecognized classloader
08-09 19:17:31.926  1309  1309 W WVCdm   : Could not load liboemcrypto.so. Falling back to L3.  dlopen failed: library "liboemcrypto.so" not found
08-09 19:17:31.926  1309  1309 W WVCdm   : DeviceFiles::RetrieveUsageTableInfo: not initialized
08-09 19:17:31.942  3361  3550 I zygote  : IncrementDisableThreadFlip blocked for 8.149ms
08-09 19:17:31.946  1309  1309 I WVCdm   : CdmEngine::QueryOemCryptoSessionId
08-09 19:17:31.955  3553  3553 I /system/bin/uncrypt: [libfs_mgr]fs_mgr_read_fstab_dt(): failed to read fstab from dt
08-09 19:17:31.966  1309  3547 I WVCdm   : CdmEngine::GenerateKeyRequest
08-09 19:17:31.969  1309  3547 W WVCdm   : OEMCrypto_GetCurrentSRMVersion fails with 25
08-09 19:17:31.969  1309  3547 D WVCdm   : PrepareKeyRequest: nonce=2048611934
08-09 19:17:32.031  3361  3534 I System.out: ==108
08-09 19:17:32.031  3361  3534 I System.out: =={"id":"8213","uid":"495","time":"2017-08-09","logintime":"1502241428","type":"1","errcode":"01","info":"OK"}
08-09 19:17:32.043  1309  3551 I WVCdm   : CdmEngine::CloseSession
08-09 19:17:32.049  3361  3361 D AndroidRuntime: Shutting down VM
08-09 19:17:32.050  3361  3361 E AndroidRuntime: FATAL EXCEPTION: main
08-09 19:17:32.050  3361  3361 E AndroidRuntime: Process: com.yj.shopapp, PID: 3361
08-09 19:17:32.050  3361  3361 E AndroidRuntime: java.lang.RuntimeException: Unable to start activity ComponentInfo{com.yj.shopapp/com.yj.shopapp.ui.activity.shopkeeper.SMainTabActivity}: java.lang.NullPointerException: Attempt to invoke virtual method 'java.lang.Object android.content.Context.getSystemService(java.lang.String)' on a null object reference
08-09 19:17:32.050  3361  3361 E AndroidRuntime: 	at android.app.ActivityThread.performLaunchActivity(ActivityThread.java:2817)
08-09 19:17:32.050  3361  3361 E AndroidRuntime: 	at android.app.ActivityThread.handleLaunchActivity(ActivityThread.java:2892)
08-09 19:17:32.050  3361  3361 E AndroidRuntime: 	at android.app.ActivityThread.-wrap11(Unknown Source:0)
08-09 19:17:32.050  3361  3361 E AndroidRuntime: 	at android.app.ActivityThread$H.handleMessage(ActivityThread.java:1593)
08-09 19:17:32.050  3361  3361 E AndroidRuntime: 	at android.os.Handler.dispatchMessage(Handler.java:105)
08-09 19:17:32.050  3361  3361 E AndroidRuntime: 	at android.os.Looper.loop(Looper.java:164)
08-09 19:17:32.050  3361  3361 E AndroidRuntime: 	at android.app.ActivityThread.main(ActivityThread.java:6540)
08-09 19:17:32.050  3361  3361 E AndroidRuntime: 	at java.lang.reflect.Method.invoke(Native Method)
08-09 19:17:32.050  3361  3361 E AndroidRuntime: 	at com.android.internal.os.Zygote$MethodAndArgsCaller.run(Zygote.java:240)
08-09 19:17:32.050  3361  3361 E AndroidRuntime: 	at com.android.internal.os.ZygoteInit.main(ZygoteInit.java:767)
08-09 19:17:32.050  3361  3361 E AndroidRuntime: Caused by: java.lang.NullPointerException: Attempt to invoke virtual method 'java.lang.Object android.content.Context.getSystemService(java.lang.String)' on a null object reference
08-09 19:17:32.050  3361  3361 E AndroidRuntime: 	at com.yj.shopapp.util.NetUtils.isNetworkAvailable(NetUtils.java:20)
08-09 19:17:32.050  3361  3361 E AndroidRuntime: 	at com.yj.shopapp.ui.activity.shopkeeper.SHomeActivity.updateVersion(SHomeActivity.java:440)
08-09 19:17:32.050  3361  3361 E AndroidRuntime: 	at com.yj.shopapp.ui.activity.shopkeeper.SHomeActivity.onCreate(SHomeActivity.java:435)
08-09 19:17:32.050  3361  3361 E AndroidRuntime: 	at android.support.v4.app.Fragment.performCreate(Fragment.java:2068)
08-09 19:17:32.050  3361  3361 E AndroidRuntime: 	at android.support.v4.app.FragmentManagerImpl.moveToState(FragmentManager.java:1055)
08-09 19:17:32.050  3361  3361 E AndroidRuntime: 	at android.support.v4.app.BackStackRecord.setLastIn(BackStackRecord.java:838)
08-09 19:17:32.050  3361  3361 E AndroidRuntime: 	at android.support.v4.app.BackStackRecord.calculateFragments(BackStackRecord.java:861)
08-09 19:17:32.050  3361  3361 E AndroidRuntime: 	at android.support.v4.app.BackStackRecord.run(BackStackRecord.java:719)
08-09 19:17:32.050  3361  3361 E AndroidRuntime: 	at android.support.v4.app.FragmentManagerImpl.execPendingActions(FragmentManager.java:1677)
08-09 19:17:32.050  3361  3361 E AndroidRuntime: 	at android.support.v4.app.FragmentController.execPendingActions(FragmentController.java:388)
08-09 19:17:32.050  3361  3361 E AndroidRuntime: 	at android.support.v4.app.FragmentActivity.onStart(FragmentActivity.java:604)
08-09 19:17:32.050  3361  3361 E AndroidRuntime: 	at android.app.Instrumentation.callActivityOnStart(Instrumentation.java:1333)
08-09 19:17:32.050  3361  3361 E AndroidRuntime: 	at android.app.Activity.performStart(Activity.java:6997)
08-09 19:17:32.050  3361  3361 E AndroidRuntime: 	at android.app.ActivityThread.performLaunchActivity(ActivityThread.java:2780)
08-09 19:17:32.050  3361  3361 E AndroidRuntime: 	... 9 more
08-09 19:17:32.055  1520  2489 W ActivityManager:   Force finishing activity com.yj.shopapp/.ui.activity.shopkeeper.SMainTabActivity
08-09 19:17:32.060  1520  1536 I ActivityManager: Showing crash dialog for package com.yj.shopapp u0
08-09 19:17:32.068  3361  3373 I zygote  : Background concurrent copying GC freed 23821(1590KB) AllocSpace objects, 8(160KB) LOS objects, 50% free, 1626KB/3MB, paused 17.283ms total 159.492ms
08-09 19:17:32.087  3528  3528 D CellBroadcastReceiver: onReceive Intent { act=android.telephony.action.CARRIER_CONFIG_CHANGED flg=0x5000010 cmp=com.android.cellbroadcastreceiver/.CellBroadcastReceiver (has extras) }
08-09 19:17:32.091  3528  3528 D CellBroadcastReceiver: Start Cell Broadcast configuration.
08-09 19:17:32.104  3528  3528 D CellBroadcastReceiver: Default interval 0 did not change.
08-09 19:17:32.112  1716  1716 D OtaspSimStateReceiver: Received intent: android.telephony.action.CARRIER_CONFIG_CHANGED
08-09 19:17:32.124  1310  1310 D gralloc_ranchu: gralloc_alloc: Creating ashmem region of size 4096
08-09 19:17:32.166  1310  1310 D gralloc_ranchu: gralloc_alloc: Creating ashmem region of size 4096
08-09 19:17:32.170  1716  1716 D OtaspSimStateReceiver: otasp activation not needed: no supported carrier
08-09 19:17:32.183  1520  2915 I OpenGLRenderer: Initialized EGL, version 1.4
08-09 19:17:32.183  1520  2915 D OpenGLRenderer: Swap behavior 1
08-09 19:17:32.187  1310  1310 D gralloc_ranchu: gralloc_alloc: Creating ashmem region of size 4096
08-09 19:17:32.191  1520  2915 W OpenGLRenderer: Failed to choose config with EGL_SWAP_BEHAVIOR_PRESERVED, retrying without...
08-09 19:17:32.191  1520  2915 D OpenGLRenderer: Swap behavior 0
08-09 19:17:32.192  3528  3564 D CellBroadcastConfigService: Enable CellBroadcast on sub 1
08-09 19:17:32.209  1716  1716 I VvmSimStateTracker: android.telephony.action.CARRIER_CONFIG_CHANGED
08-09 19:17:32.212  1716  1716 I VvmSimStateTracker: Service connected on ComponentInfo{com.android.phone/com.android.services.telephony.TelephonyConnectionService}, [e2f7d48dd2b5ca523e7313cf4ba0f6ea830b6281], UserHandle{0}
08-09 19:17:32.215  1520  2915 D EGL_emulation: eglCreateContext: 0x9f304720: maj 3 min 1 rcv 4
08-09 19:17:32.215  1310  1310 D gralloc_ranchu: gralloc_alloc: Creating ashmem region of size 4096
08-09 19:17:32.227  1520  2915 D EGL_emulation: eglMakeCurrent: 0x9f304720: ver 3 1 (tinfo 0x9f327300)
08-09 19:17:32.230  1520  1536 W Looper  : Dispatch took 144ms on android.ui, h=Handler (android.view.Choreographer$FrameHandler) {4a332a7} cb=android.view.Choreographer$FrameDisplayEventReceiver@715a354 msg=0
08-09 19:17:32.240  1520  2915 E eglCodecCommon: glUtilsParamSize: unknow param 0x000082da
08-09 19:17:32.240  1520  2915 E eglCodecCommon: glUtilsParamSize: unknow param 0x00008cdf
08-09 19:17:32.240  1520  2915 E eglCodecCommon: glUtilsParamSize: unknow param 0x00008824
08-09 19:17:32.264  1716  1716 I RemoteVvmTaskManager: Binding to ComponentInfo{com.google.android.dialer/com.android.voicemail.impl.OmtpService}
08-09 19:17:32.275  1716  1716 I VvmSimStateTracker: android.intent.action.SIM_STATE_CHANGED
08-09 19:17:32.313  1520  2915 D EGL_emulation: eglMakeCurrent: 0x9f304720: ver 3 1 (tinfo 0x9f327300)
08-09 19:17:32.334  3361  3367 I zygote  : Do full code cache collection, code=75KB, data=79KB
08-09 19:17:32.356  3361  3367 I zygote  : After code cache collection, code=59KB, data=55KB
08-09 19:17:32.360  3567  3567 W zygote  : Unexpected CPU variant for X86 using defaults: x86
08-09 19:17:32.370  1520  1768 W ActivityManager: Slow operation: 89ms so far, now at startProcess: returned from zygote!
08-09 19:17:32.370  1520  1768 W ActivityManager: Slow operation: 90ms so far, now at startProcess: done updating battery stats
08-09 19:17:32.370  1520  1768 W ActivityManager: Slow operation: 90ms so far, now at startProcess: building log message
08-09 19:17:32.370  1520  1768 I ActivityManager: Start proc 3567:com.android.settings/1000 for broadcast com.android.settings/.sim.SimSelectNotification
08-09 19:17:32.370  1520  1768 W ActivityManager: Slow operation: 90ms so far, now at startProcess: starting to update pids map
08-09 19:17:32.370  1520  1768 W ActivityManager: Slow operation: 90ms so far, now at startProcess: done updating pids map
08-09 19:17:32.370  1520  1768 W ActivityManager: Slow operation: 92ms so far, now at startProcess: done starting proc!
08-09 19:17:32.377  2426  2426 I Dialer  : VvmOmtpService - onCellServiceConnected
08-09 19:17:32.417  1716  2174 D IccSmsInterfaceManager: [IccSmsInterfaceManager] Calling setCdmaBroadcastConfig with 1 configurations
08-09 19:17:32.423  1716  2174 D IccSmsInterfaceManager: [IccSmsInterfaceManager] Failed to add cdma broadcast subscription for MID range 4096 to 4096 from client com.android.cellbroadcastreceiver
08-09 19:17:32.465  1310  1310 D gralloc_ranchu: gralloc_alloc: Creating ashmem region of size 4096
08-09 19:17:32.470  2220  3462 W NearbyMessages: NetworkPollManager:  RPC was requested, but deemed unnecessary.
08-09 19:17:32.494  1310  1310 D gralloc_ranchu: gralloc_alloc: Creating ashmem region of size 4096
08-09 19:17:32.525  1310  1310 D gralloc_ranchu: gralloc_alloc: Creating ashmem region of size 4096
08-09 19:17:32.526  1716  2173 D IccSmsInterfaceManager: [IccSmsInterfaceManager] Calling setCdmaBroadcastConfig with 1 configurations
08-09 19:17:32.538  1716  2173 D IccSmsInterfaceManager: [IccSmsInterfaceManager] Failed to add cdma broadcast subscription for MID range 4097 to 4097 from client com.android.cellbroadcastreceiver
08-09 19:17:32.560  1520  1535 W ActivityManager: Activity pause timeout for ActivityRecord{5bf22c7 u0 com.yj.shopapp/.ui.activity.shopkeeper.SMainTabActivity t425 f}
08-09 19:17:32.560  1520  1535 V WindowManager: Schedule remove starting AppWindowToken{a1b101d token=Token{be4a0f4 ActivityRecord{5bf22c7 u0 com.yj.shopapp/.ui.activity.shopkeeper.SMainTabActivity t425}}} startingWindow=Window{7d0ff62 u0 Splash Screen com.yj.shopapp}
08-09 19:17:32.566  1310  1310 D gralloc_ranchu: gralloc_alloc: Creating ashmem region of size 4096
08-09 19:17:32.579  1520  1542 V WindowManager: Remove starting AppWindowToken{a1b101d token=Token{be4a0f4 ActivityRecord{5bf22c7 u0 com.yj.shopapp/.ui.activity.shopkeeper.SMainTabActivity t425}}}: startingWindow=Window{7d0ff62 u0 Splash Screen com.yj.shopapp} startingView=com.android.server.policy.SplashScreenSurface@998c8f3
08-09 19:17:32.592  1520  1572 D WindowManager: Starting window removed Window{7d0ff62 u0 Splash Screen com.yj.shopapp}
08-09 19:17:32.594  1520  1572 V WindowManager: Nulling last startingData
08-09 19:17:32.596  1716  2174 D IccSmsInterfaceManager: [IccSmsInterfaceManager] Calling setCdmaBroadcastConfig with 1 configurations
08-09 19:17:32.601  1716  2174 D IccSmsInterfaceManager: [IccSmsInterfaceManager] Failed to add cdma broadcast subscription for MID range 4098 to 4098 from client com.android.cellbroadcastreceiver
08-09 19:17:32.610  1310  1310 D gralloc_ranchu: gralloc_alloc: Creating ashmem region of size 4096
08-09 19:17:32.642  3583  3583 W dex2oat : Unexpected CPU variant for X86 using defaults: x86
08-09 19:17:32.642  3583  3583 W dex2oat : Mismatch between dex2oat instruction set features (ISA: X86 Feature string: -ssse3,-sse4.1,-sse4.2,-avx,-avx2,-popcnt) and those of dex2oat executable (ISA: X86 Feature string: ssse3,-sse4.1,-sse4.2,-avx,-avx2,-popcnt) for the command line:
08-09 19:17:32.642  3583  3583 W dex2oat : /system/bin/dex2oat --runtime-arg -classpath --runtime-arg & --instruction-set=x86 --instruction-set-features=ssse3,-sse4.1,-sse4.2,-avx,-avx2,-popcnt --runtime-arg -Xrelocate --boot-image=/system/framework/boot.art --runtime-arg -Xms64m --runtime-arg -Xmx512m --instruction-set-variant=x86 --instruction-set-features=default --dex-file=/data/data/com.google.android.gms/app_fb/f.apk --output-vdex-fd=48 --oat-fd=49 --oat-location=/data/data/com.google.android.gms/app_fb/oat/x86/f.odex
08-09 19:17:32.642  3583  3583 I dex2oat : /system/bin/dex2oat --dex-file=/data/data/com.google.android.gms/app_fb/f.apk --output-vdex-fd=48 --oat-fd=49 --oat-location=/data/data/com.google.android.gms/app_fb/oat/x86/f.odex
08-09 19:17:32.653  1310  1310 D gralloc_ranchu: gralloc_alloc: Creating ashmem region of size 4096
08-09 19:17:32.698  1310  1310 D gralloc_ranchu: gralloc_alloc: Creating ashmem region of size 4096
08-09 19:17:32.701  1716  1735 D IccSmsInterfaceManager: [IccSmsInterfaceManager] Calling setCdmaBroadcastConfig with 1 configurations
08-09 19:17:32.726  1716  1735 D IccSmsInterfaceManager: [IccSmsInterfaceManager] Failed to add cdma broadcast subscription for MID range 4099 to 4099 from client com.android.cellbroadcastreceiver
08-09 19:17:32.745  1317  2969 E IPCThreadState: binder thread pool (4 threads) starved for 257 ms
08-09 19:17:32.747  1310  1310 D gralloc_ranchu: gralloc_alloc: Creating ashmem region of size 4096
08-09 19:17:32.751  1520  2488 I ActivityManager: Killing 2694:com.android.packageinstaller/u0a22 (adj 906): empty #17
08-09 19:17:32.817  1716  1735 D IccSmsInterfaceManager: [IccSmsInterfaceManager] Failed to remove cdma broadcast subscription for MID range 4100 to 4100 from client com.android.cellbroadcastreceiver
08-09 19:17:32.819  2298  2367 D EGL_emulation: eglMakeCurrent: 0x9f304b40: ver 3 1 (tinfo 0x9f303980)
08-09 19:17:32.819  2342  2509 D EGL_emulation: eglMakeCurrent: 0x9f304b40: ver 3 1 (tinfo 0x9f303590)
08-09 19:17:32.871  1716  1729 D IccSmsInterfaceManager: [IccSmsInterfaceManager] Calling setGsmBroadcastConfig with 1 configurations
08-09 19:17:32.893  1716  1729 D IccSmsInterfaceManager: [IccSmsInterfaceManager] Failed to add GSM cell broadcast subscription for MID range 4352 to 4354 from client com.android.cellbroadcastreceiver
08-09 19:17:32.933  3553  3553 I /system/bin/uncrypt: [libfs_mgr]fs_mgr_read_fstab_dt(): failed to read fstab from dt
08-09 19:17:32.950  3553  3553 E /system/bin/uncrypt: failed to clear bootloader message: failed to find /misc partition
08-09 19:17:32.950  1520  2491 E RecoverySystemService: uncrypt failed with status: -1
08-09 19:17:32.952  3553  3553 I /system/bin/uncrypt:   received 0, exiting now
08-09 19:17:32.955  2841  3552 E SystemUpdateService: Failed to call RecoverySystem.cancelScheduledUpdate
08-09 19:17:32.955  2841  3552 E SystemUpdateService: java.lang.reflect.InvocationTargetException
08-09 19:17:32.955  2841  3552 E SystemUpdateService: 	at java.lang.reflect.Method.invoke(Native Method)
08-09 19:17:32.955  2841  3552 E SystemUpdateService: 	at xku.c(:com.google.android.gms:134)
08-09 19:17:32.955  2841  3552 E SystemUpdateService: 	at afur.d(:com.google.android.gms:10386)
08-09 19:17:32.955  2841  3552 E SystemUpdateService: 	at afur.p(:com.google.android.gms:2178)
08-09 19:17:32.955  2841  3552 E SystemUpdateService: 	at afur.a(:com.google.android.gms:448)
08-09 19:17:32.955  2841  3552 E SystemUpdateService: 	at afur.doInBackground(:com.google.android.gms:10165)
08-09 19:17:32.955  2841  3552 E SystemUpdateService: 	at android.os.AsyncTask$2.call(AsyncTask.java:305)
08-09 19:17:32.955  2841  3552 E SystemUpdateService: 	at java.util.concurrent.FutureTask.run(FutureTask.java:266)
08-09 19:17:32.955  2841  3552 E SystemUpdateService: 	at java.lang.Thread.run(Thread.java:764)
08-09 19:17:32.955  2841  3552 E SystemUpdateService: Caused by: java.io.IOException: cancel scheduled update failed
08-09 19:17:32.955  2841  3552 E SystemUpdateService: 	at android.os.RecoverySystem.cancelScheduledUpdate(RecoverySystem.java:634)
08-09 19:17:32.955  2841  3552 E SystemUpdateService: 	... 9 more
08-09 19:17:32.955  2841  3552 E SystemUpdateTask: exception trying to cancel scheduled update
08-09 19:17:32.955  2841  3552 E SystemUpdateTask: java.io.IOException: Failed to invoke RecoverySystem.cancelScheduledUpdate
08-09 19:17:32.955  2841  3552 E SystemUpdateTask: 	at xku.c(:com.google.android.gms:140)
08-09 19:17:32.955  2841  3552 E SystemUpdateTask: 	at afur.d(:com.google.android.gms:10386)
08-09 19:17:32.955  2841  3552 E SystemUpdateTask: 	at afur.p(:com.google.android.gms:2178)
08-09 19:17:32.955  2841  3552 E SystemUpdateTask: 	at afur.a(:com.google.android.gms:448)
08-09 19:17:32.955  2841  3552 E SystemUpdateTask: 	at afur.doInBackground(:com.google.android.gms:10165)
08-09 19:17:32.955  2841  3552 E SystemUpdateTask: 	at android.os.AsyncTask$2.call(AsyncTask.java:305)
08-09 19:17:32.955  2841  3552 E SystemUpdateTask: 	at java.util.concurrent.FutureTask.run(FutureTask.java:266)
08-09 19:17:32.955  2841  3552 E SystemUpdateTask: 	at java.lang.Thread.run(Thread.java:764)
08-09 19:17:32.976  2342  2342 I MicroDetectionWorker: #updateMicroDetector [detectionMode: [mDetectionMode: [1]]]
08-09 19:17:32.978  2342  2342 I MicroDetectionWorker: #startMicroDetector [speakerMode: 0]
08-09 19:17:32.980  2342  2342 I AudioController: Using mInputStreamFactoryBuilder
08-09 19:17:32.981  1520  1768 I ActivityManager: Killing 2805:com.google.android.apps.messaging:rcs/u0a65 (adj 906): empty #17
08-09 19:17:32.981  1520  1768 I ActivityManager: Killing 2745:com.google.android.apps.maps/u0a58 (adj 906): empty #18
08-09 19:17:32.993  1716  2173 D IccSmsInterfaceManager: [IccSmsInterfaceManager] Calling setGsmBroadcastConfig with 1 configurations
08-09 19:17:32.997  1520  2466 W ActivityManager: Scheduling restart of crashed service com.google.android.apps.messaging/com.google.android.rcs.service.service.JibeService in 1000ms
08-09 19:17:33.003  1716  2173 D IccSmsInterfaceManager: [IccSmsInterfaceManager] Failed to add GSM cell broadcast subscription for MID range 4356 to 4356 from client com.android.cellbroadcastreceiver
08-09 19:17:33.009  2342  2598 I MicroRecognitionRunner: Starting detection.
08-09 19:17:33.021  2342  2342 I MicroDetectionWorker: onReady
08-09 19:17:33.029  1716  2174 D IccSmsInterfaceManager: [IccSmsInterfaceManager] Failed to remove GSM cell broadcast subscription for MID range 4355 to 4355 from client com.android.cellbroadcastreceiver
08-09 19:17:33.038  1716  2047 D IccSmsInterfaceManager: [IccSmsInterfaceManager] Calling setGsmBroadcastConfig with 1 configurations
08-09 19:17:33.042  2342  3376 I MicrophoneInputStream: mic_starting com.google.android.apps.gsa.staticplugins.aa.c@1439aa5
08-09 19:17:33.042  1716  2047 D IccSmsInterfaceManager: [IccSmsInterfaceManager] Failed to add GSM cell broadcast subscription for MID range 4370 to 4370 from client com.android.cellbroadcastreceiver
08-09 19:17:33.045  1395  3591 I AudioFlinger: AudioFlinger's thread 0xafd9e040 tid=3591 ready to run
08-09 19:17:33.060  1716  1735 D IccSmsInterfaceManager: [IccSmsInterfaceManager] Calling setGsmBroadcastConfig with 1 configurations
08-09 19:17:33.067  2342  3376 I MicrophoneInputStream: mic_started com.google.android.apps.gsa.staticplugins.aa.c@1439aa5
08-09 19:17:33.071  2342  3376 E ActivityThread: Failed to find provider info for com.google.android.apps.gsa.testing.ui.audio.recorded
08-09 19:17:33.071  2342  2342 I MicroDetectionWorker: onReady
08-09 19:17:33.073  1716  1735 D IccSmsInterfaceManager: [IccSmsInterfaceManager] Failed to add GSM cell broadcast subscription for MID range 4371 to 4372 from client com.android.cellbroadcastreceiver
08-09 19:17:33.075  2342  3376 I MicrophoneInputStream: mic_close com.google.android.apps.gsa.staticplugins.aa.c@1439aa5
08-09 19:17:33.075  1716  1729 D IccSmsInterfaceManager: [IccSmsInterfaceManager] Calling setGsmBroadcastConfig with 1 configurations
08-09 19:17:33.079  1716  1729 D IccSmsInterfaceManager: [IccSmsInterfaceManager] Failed to add GSM cell broadcast subscription for MID range 4373 to 4378 from client com.android.cellbroadcastreceiver
08-09 19:17:33.086  1520  2466 D ConnectivityService: reportNetworkConnectivity(100, true) by 10013
08-09 19:17:33.089  1716  2173 D IccSmsInterfaceManager: [IccSmsInterfaceManager] Calling setGsmBroadcastConfig with 1 configurations
08-09 19:17:33.095  1716  2173 D IccSmsInterfaceManager: [IccSmsInterfaceManager] Failed to add GSM cell broadcast subscription for MID range 4379 to 4379 from client com.android.cellbroadcastreceiver
08-09 19:17:33.100  2342  2598 I MicroRecognitionRunner: Detection finished
08-09 19:17:33.102  1716  2174 D IccSmsInterfaceManager: [IccSmsInterfaceManager] Failed to remove GSM cell broadcast subscription for MID range 4380 to 4382 from client com.android.cellbroadcastreceiver
08-09 19:17:33.106  1716  2047 D IccSmsInterfaceManager: [IccSmsInterfaceManager] Calling setGsmBroadcastConfig with 1 configurations
08-09 19:17:33.107  1716  2047 D IccSmsInterfaceManager: [IccSmsInterfaceManager] Failed to add GSM cell broadcast subscription for MID range 4383 to 4383 from client com.android.cellbroadcastreceiver
08-09 19:17:33.115  1716  1735 D IccSmsInterfaceManager: [IccSmsInterfaceManager] Calling setGsmBroadcastConfig with 1 configurations
08-09 19:17:33.112  2342  2598 W ErrorReporter: reportError [type: 211, code: 524300]: Error reading from input stream
08-09 19:17:33.117  2342  2593 I MicroRecognitionRunner: Stopping hotword detection.
08-09 19:17:33.118  1716  1735 D IccSmsInterfaceManager: [IccSmsInterfaceManager] Failed to add GSM cell broadcast subscription for MID range 4384 to 4385 from client com.android.cellbroadcastreceiver
08-09 19:17:33.119  1520  1536 W Looper  : Dispatch took 888ms on android.ui, h=Handler (android.view.Choreographer$FrameHandler) {4a332a7} cb=android.view.Choreographer$FrameDisplayEventReceiver@715a354 msg=0
08-09 19:17:33.123  1520  1536 I Choreographer: Skipped 48 frames!  The application may be doing too much work on its main thread.
08-09 19:17:33.134  1716  1729 D IccSmsInterfaceManager: [IccSmsInterfaceManager] Calling setGsmBroadcastConfig with 1 configurations
08-09 19:17:33.143  1716  1729 D IccSmsInterfaceManager: [IccSmsInterfaceManager] Failed to add GSM cell broadcast subscription for MID range 4386 to 4391 from client com.android.cellbroadcastreceiver
08-09 19:17:33.146  1716  2173 D IccSmsInterfaceManager: [IccSmsInterfaceManager] Calling setGsmBroadcastConfig with 1 configurations
08-09 19:17:33.150  2342  2598 W ErrorProcessor: onFatalError, processing error from engine(4)
08-09 19:17:33.150  2342  2598 W ErrorProcessor: com.google.android.apps.gsa.shared.speech.b.g: Error reading from input stream
08-09 19:17:33.150  2342  2598 W ErrorProcessor: 	at com.google.android.apps.gsa.staticplugins.recognizer.j.a.a(SourceFile:28)
08-09 19:17:33.150  2342  2598 W ErrorProcessor: 	at com.google.android.apps.gsa.staticplugins.recognizer.j.b.run(SourceFile:15)
08-09 19:17:33.150  2342  2598 W ErrorProcessor: 	at java.util.concurrent.Executors$RunnableAdapter.call(Executors.java:457)
08-09 19:17:33.150  2342  2598 W ErrorProcessor: 	at java.util.concurrent.FutureTask.run(FutureTask.java:266)
08-09 19:17:33.150  2342  2598 W ErrorProcessor: 	at com.google.android.apps.gsa.shared.util.concurrent.a.ax.run(SourceFile:14)
08-09 19:17:33.150  2342  2598 W ErrorProcessor: 	at com.google.android.apps.gsa.shared.util.concurrent.a.bl.run(SourceFile:4)
08-09 19:17:33.150  2342  2598 W ErrorProcessor: 	at com.google.android.apps.gsa.shared.util.concurrent.a.bl.run(SourceFile:4)
08-09 19:17:33.150  2342  2598 W ErrorProcessor: 	at java.util.concurrent.ThreadPoolExecutor.runWorker(ThreadPoolExecutor.java:1162)
08-09 19:17:33.150  2342  2598 W ErrorProcessor: 	at java.util.concurrent.ThreadPoolExecutor$Worker.run(ThreadPoolExecutor.java:636)
08-09 19:17:33.150  2342  2598 W ErrorProcessor: 	at java.lang.Thread.run(Thread.java:764)
08-09 19:17:33.150  2342  2598 W ErrorProcessor: 	at com.google.android.apps.gsa.shared.util.concurrent.a.ai.run(SourceFile:6)
08-09 19:17:33.150  2342  2598 W ErrorProcessor: Caused by: com.google.android.apps.gsa.shared.exception.GsaIOException: Error code: 393238 | Buffer overflow, no available space.
08-09 19:17:33.150  2342  2598 W ErrorProcessor: 	at com.google.android.apps.gsa.speech.audio.Tee.f(SourceFile:103)
08-09 19:17:33.150  2342  2598 W ErrorProcessor: 	at com.google.android.apps.gsa.speech.audio.au.read(SourceFile:2)
08-09 19:17:33.150  2342  2598 W ErrorProcessor: 	at java.io.InputStream.read(InputStream.java:101)
08-09 19:17:33.150  2342  2598 W ErrorProcessor: 	at com.google.android.apps.gsa.speech.audio.ao.run(SourceFile:18)
08-09 19:17:33.150  2342  2598 W ErrorProcessor: 	at com.google.android.apps.gsa.speech.audio.an.run(SourceFile:2)
08-09 19:17:33.150  2342  2598 W ErrorProcessor: 	... 9 more
08-09 19:17:33.151  2342  2598 I AudioController: internalShutdown
08-09 19:17:33.151  1716  2173 D IccSmsInterfaceManager: [IccSmsInterfaceManager] Failed to add GSM cell broadcast subscription for MID range 4392 to 4392 from client com.android.cellbroadcastreceiver
08-09 19:17:33.153  2342  2354 I zygote  : Background concurrent copying GC freed 7267(577KB) AllocSpace objects, 4(1392KB) LOS objects, 50% free, 4MB/8MB, paused 575us total 132.538ms
08-09 19:17:33.160  2342  2342 I MicroDetector: Keeping mic open: false
08-09 19:17:33.160  2342  2342 I MicroDetectionWorker: #onError(false)
08-09 19:17:33.160  2342  2401 I DeviceStateChecker: DeviceStateChecker cancelled
08-09 19:17:33.168  2841  3594 I iu.SyncManager: SYNC; picasa accounts
08-09 19:17:33.184  1716  2174 D IccSmsInterfaceManager: [IccSmsInterfaceManager] Failed to remove GSM cell broadcast subscription for MID range 4393 to 4395 from client com.android.cellbroadcastreceiver
08-09 19:17:33.200  1716  2047 D IccSmsInterfaceManager: [IccSmsInterfaceManager] Failed to remove GSM cell broadcast subscription for MID range 50 to 50 from client com.android.cellbroadcastreceiver
08-09 19:17:33.203  3528  3564 D CellBroadcastOtherChannelsManager: No additional channels configured. subId = 1
08-09 19:17:33.205  1520  1768 I ActivityManager: Killing 2778:com.google.android.apps.messaging/u0a65 (adj 906): empty #17
08-09 19:17:33.212  3583  3583 I dex2oat : dex2oat took 570.592ms (88.099ms cpu) (threads: 2) arena alloc=163KB (167112B) java alloc=32KB (33344B) native alloc=1239KB (1269152B) free=2MB (2400864B)
08-09 19:17:33.221  3209  3225 W zygote  : Skipping duplicate class check due to unrecognized classloader
08-09 19:17:33.229  3209  3225 D         : HostConnection::get() New Host Connection established 0x9f2e4a80, tid 3225
08-09 19:17:33.229  2841  2841 I iu.Environment: update connectivity state; isNetworkMetered? true*, isRoaming? false, isBackgroundDataAllowed? true*
08-09 19:17:33.260  2841  3594 I iu.UploadsManager: num queued entries: 0
08-09 19:17:33.261  2841  3594 I iu.UploadsManager: num updated entries: 0
08-09 19:17:33.262  2841  3594 I iu.SyncManager: NEXT; no task
08-09 19:17:33.263  3209  3225 D EGL_emulation: eglCreateContext: 0x9dbdb760: maj 3 min 1 rcv 4
08-09 19:17:33.272  3209  3225 D EGL_emulation: eglMakeCurrent: 0x9dbdb760: ver 3 1 (tinfo 0xacdecfd0)
08-09 19:17:33.281  3209  3225 E eglCodecCommon: glUtilsParamSize: unknow param 0x000082da
08-09 19:17:33.281  3209  3225 E eglCodecCommon: glUtilsParamSize: unknow param 0x00008cdf
08-09 19:17:33.281  3209  3225 E eglCodecCommon: glUtilsParamSize: unknow param 0x00008824
08-09 19:17:33.325  2298  2367 W OpenGLRenderer: Incorrectly called buildLayer on View: ShortcutAndWidgetContainer, destroying layer...
08-09 19:17:33.329  2841  2841 E MDM     : [2] SitrepChimeraService.a: No Google accounts; deferring server state update.
08-09 19:17:33.362  1307  3359 W audio_hw_generic: Not supplying enough data to HAL, expected position 142551 , only wrote 141840
08-09 19:17:33.362  1307  3359 W audio_hw_generic: Not supplying enough data to HAL, expected position 141869 , only wrote 141840
08-09 19:17:33.364  1520  1743 D PackageManager: Ephemeral installer not found with new action; try old one
08-09 19:17:33.365  1520  1743 D PackageManager: Clear ephemeral installer activity
08-09 19:17:33.378  1307  3359 W audio_hw_generic: Not supplying enough data to HAL, expected position 142579 , only wrote 142560
08-09 19:17:33.410  2841  2841 I GAv4-SVC: Google Analytics 10.9.30 is starting up.
08-09 19:17:33.421  3209  3225 D EGL_emulation: eglCreateContext: 0x9dbdbd60: maj 3 min 1 rcv 4
08-09 19:17:33.423  3209  3225 D EGL_emulation: eglMakeCurrent: 0x9dbdbd60: ver 3 1 (tinfo 0xacdecfd0)
08-09 19:17:33.423  3209  3225 E eglCodecCommon: glUtilsParamSize: unknow param 0x000082da
08-09 19:17:33.423  3209  3225 E eglCodecCommon: glUtilsParamSize: unknow param 0x00008cdf
08-09 19:17:33.423  3209  3225 E eglCodecCommon: glUtilsParamSize: unknow param 0x00008824
08-09 19:17:33.488  3209  3225 W SystemServiceRegistry: No service published for: persistent_data_block
08-09 19:17:33.489  3528  3528 D CellBroadcastReceiver: onReceive Intent { act=android.telephony.action.CARRIER_CONFIG_CHANGED flg=0x5000010 cmp=com.android.cellbroadcastreceiver/.CellBroadcastReceiver (has extras) }
08-09 19:17:33.489  3528  3528 D CellBroadcastReceiver: Start Cell Broadcast configuration.
08-09 19:17:33.490  2841  3180 I Authzen : [DeviceStateSyncManager] Skipping sync since last one was 1618ms ago.
08-09 19:17:33.491  3528  3528 D CellBroadcastReceiver: Default interval 0 did not change.
08-09 19:17:33.492  1716  1716 D OtaspSimStateReceiver: Received intent: android.telephony.action.CARRIER_CONFIG_CHANGED
08-09 19:17:33.493  3528  3605 D CellBroadcastConfigService: Enable CellBroadcast on sub 1
08-09 19:17:33.494  1716  1716 D OtaspSimStateReceiver: otasp activation not needed: no supported carrier
08-09 19:17:33.495  1716  1716 I VvmSimStateTracker: android.telephony.action.CARRIER_CONFIG_CHANGED
08-09 19:17:33.517  1716  1716 I VvmSimStateTracker: Service connected on ComponentInfo{com.android.phone/com.android.services.telephony.TelephonyConnectionService}, [e2f7d48dd2b5ca523e7313cf4ba0f6ea830b6281], UserHandle{0}
08-09 19:17:33.518  1716  2173 D IccSmsInterfaceManager: [IccSmsInterfaceManager] Calling setCdmaBroadcastConfig with 1 configurations
08-09 19:17:33.535  1716  1716 I RemoteVvmTaskManager: Binding to ComponentInfo{com.google.android.dialer/com.android.voicemail.impl.OmtpService}
08-09 19:17:33.538  1716  2173 D IccSmsInterfaceManager: [IccSmsInterfaceManager] Failed to add cdma broadcast subscription for MID range 4096 to 4096 from client com.android.cellbroadcastreceiver
08-09 19:17:33.500  3209  3209 W Binder:3209_1: type=1400 audit(0.0:55): avc: denied { read } for name="/" dev="tmpfs" ino=5129 scontext=u:r:priv_app:s0:c512,c768 tcontext=u:object_r:device:s0 tclass=dir permissive=0
08-09 19:17:33.546  1716  2173 D IccSmsInterfaceManager: [IccSmsInterfaceManager] Calling setCdmaBroadcastConfig with 1 configurations
08-09 19:17:33.548  2426  2426 I Dialer  : VvmOmtpService - onCellServiceConnected
08-09 19:17:33.548  1716  2173 D IccSmsInterfaceManager: [IccSmsInterfaceManager] Failed to add cdma broadcast subscription for MID range 4097 to 4097 from client com.android.cellbroadcastreceiver
08-09 19:17:33.558  1716  2174 D IccSmsInterfaceManager: [IccSmsInterfaceManager] Calling setCdmaBroadcastConfig with 1 configurations
08-09 19:17:33.559  1520  2465 I ActivityManager: Start proc 3609:com.google.android.apps.maps/u0a58 for broadcast com.google.android.apps.maps/com.google.android.apps.gmm.ugc.ataplace.AtAPlaceService
